Component: ARM Compiler 5.06 update 6 (build 750) Tool: armlink [4d35ed]

==============================================================================

Section Cross References

    main.o(i.main) refers to _printf_percent.o(.ARM.Collect$$_printf_percent$$00000000) for _printf_percent
    main.o(i.main) refers to _printf_d.o(.ARM.Collect$$_printf_percent$$00000009) for _printf_d
    main.o(i.main) refers to _printf_dec.o(.text) for _printf_int_dec
    main.o(i.main) refers to rt_memclr_w.o(.text) for __aeabi_memclr4
    main.o(i.main) refers to sysclock.o(i.System_Clock_Init) for System_Clock_Init
    main.o(i.main) refers to i2c.o(i.I2C_GPIO_init) for I2C_GPIO_init
    main.o(i.main) refers to i2c.o(i.I2C_Initialization) for I2C_Initialization
    main.o(i.main) refers to ssd1306.o(i.ssd1306_Init) for ssd1306_Init
    main.o(i.main) refers to noretval__2sprintf.o(.text) for __2sprintf
    main.o(i.main) refers to ssd1306.o(i.ssd1306_Fill) for ssd1306_Fill
    main.o(i.main) refers to ssd1306.o(i.ssd1306_SetCursor) for ssd1306_SetCursor
    main.o(i.main) refers to ssd1306.o(i.ssd1306_WriteString) for ssd1306_WriteString
    main.o(i.main) refers to ssd1306.o(i.ssd1306_UpdateScreen) for ssd1306_UpdateScreen
    main.o(i.main) refers to ssd1306_fonts.o(.data) for Font_11x18
    startup_stm32l476xx.o(STACK) refers (Special) to heapauxi.o(.text) for __use_two_region_memory
    startup_stm32l476xx.o(HEAP) refers (Special) to heapauxi.o(.text) for __use_two_region_memory
    startup_stm32l476xx.o(RESET) refers (Special) to heapauxi.o(.text) for __use_two_region_memory
    startup_stm32l476xx.o(RESET) refers to startup_stm32l476xx.o(STACK) for __initial_sp
    startup_stm32l476xx.o(RESET) refers to startup_stm32l476xx.o(.text) for Reset_Handler
    startup_stm32l476xx.o(RESET) refers to i2c.o(i.I2C1_EV_IRQHandler) for I2C1_EV_IRQHandler
    startup_stm32l476xx.o(RESET) refers to i2c.o(i.I2C1_ER_IRQHandler) for I2C1_ER_IRQHandler
    startup_stm32l476xx.o(.text) refers (Special) to heapauxi.o(.text) for __use_two_region_memory
    startup_stm32l476xx.o(.text) refers to __main.o(!!!main) for __main
    startup_stm32l476xx.o(.text) refers to startup_stm32l476xx.o(HEAP) for Heap_Mem
    startup_stm32l476xx.o(.text) refers to startup_stm32l476xx.o(STACK) for Stack_Mem
    i2c.o(i.I2C_ReceiveData) refers to i2c.o(i.I2C_WaitLineIdle) for I2C_WaitLineIdle
    i2c.o(i.I2C_ReceiveData) refers to i2c.o(i.I2C_Start) for I2C_Start
    i2c.o(i.I2C_ReceiveData) refers to i2c.o(i.I2C_Stop) for I2C_Stop
    i2c.o(i.I2C_SendData) refers to i2c.o(i.I2C_WaitLineIdle) for I2C_WaitLineIdle
    i2c.o(i.I2C_SendData) refers to i2c.o(i.I2C_Start) for I2C_Start
    i2c.o(i.I2C_SendData) refers to i2c.o(i.I2C_Stop) for I2C_Stop
    ssd1306.o(i.ssd1306_DrawArc) refers to ssd1306.o(i.ssd1306_NormalizeTo0_360) for ssd1306_NormalizeTo0_360
    ssd1306.o(i.ssd1306_DrawArc) refers to ssd1306.o(i.ssd1306_DegToRad) for ssd1306_DegToRad
    ssd1306.o(i.ssd1306_DrawArc) refers to dflt_clz.o(x$fpl$dfltu) for __aeabi_ui2d
    ssd1306.o(i.ssd1306_DrawArc) refers to f2d.o(x$fpl$f2d) for __aeabi_f2d
    ssd1306.o(i.ssd1306_DrawArc) refers to sin.o(i.__hardfp_sin) for __hardfp_sin
    ssd1306.o(i.ssd1306_DrawArc) refers to dmul.o(x$fpl$dmul) for __aeabi_dmul
    ssd1306.o(i.ssd1306_DrawArc) refers to dfix.o(x$fpl$dfix) for __aeabi_d2iz
    ssd1306.o(i.ssd1306_DrawArc) refers to cos.o(i.__hardfp_cos) for __hardfp_cos
    ssd1306.o(i.ssd1306_DrawArc) refers to ssd1306.o(i.ssd1306_Line) for ssd1306_Line
    ssd1306.o(i.ssd1306_DrawCircle) refers to ssd1306.o(i.ssd1306_DrawPixel) for ssd1306_DrawPixel
    ssd1306.o(i.ssd1306_DrawPixel) refers to ssd1306.o(.data) for SSD1306
    ssd1306.o(i.ssd1306_DrawPixel) refers to ssd1306.o(.bss) for SSD1306_Buffer
    ssd1306.o(i.ssd1306_DrawRectangle) refers to ssd1306.o(i.ssd1306_Line) for ssd1306_Line
    ssd1306.o(i.ssd1306_Fill) refers to ssd1306.o(.bss) for SSD1306_Buffer
    ssd1306.o(i.ssd1306_FillBuffer) refers to rt_memcpy_v6.o(.text) for __aeabi_memcpy
    ssd1306.o(i.ssd1306_FillBuffer) refers to ssd1306.o(.bss) for SSD1306_Buffer
    ssd1306.o(i.ssd1306_GetDisplayOn) refers to ssd1306.o(.data) for SSD1306
    ssd1306.o(i.ssd1306_Init) refers to ssd1306.o(i.ssd1306_Reset) for ssd1306_Reset
    ssd1306.o(i.ssd1306_Init) refers to ssd1306.o(i.ssd1306_SetDisplayOn) for ssd1306_SetDisplayOn
    ssd1306.o(i.ssd1306_Init) refers to ssd1306.o(i.ssd1306_WriteCommand) for ssd1306_WriteCommand
    ssd1306.o(i.ssd1306_Init) refers to ssd1306.o(i.ssd1306_SetContrast) for ssd1306_SetContrast
    ssd1306.o(i.ssd1306_Init) refers to ssd1306.o(i.ssd1306_Fill) for ssd1306_Fill
    ssd1306.o(i.ssd1306_Init) refers to ssd1306.o(i.ssd1306_UpdateScreen) for ssd1306_UpdateScreen
    ssd1306.o(i.ssd1306_Init) refers to ssd1306.o(.data) for SSD1306
    ssd1306.o(i.ssd1306_Line) refers to ssd1306.o(i.ssd1306_DrawPixel) for ssd1306_DrawPixel
    ssd1306.o(i.ssd1306_Polyline) refers to ssd1306.o(i.ssd1306_Line) for ssd1306_Line
[...]
    ssd1306_tests.o(i.ssd1306_TestAll) refers to ssd1306_tests.o(i.ssd1306_TestLine) for ssd1306_TestLine
    ssd1306_tests.o(i.ssd1306_TestAll) refers to ssd1306_tests.o(i.ssd1306_TestPolyline) for ssd1306_TestPolyline
    ssd1306_tests.o(i.ssd1306_TestAll) refers to ssd1306_tests.o(i.ssd1306_TestArc) for ssd1306_TestArc
    ssd1306_tests.o(i.ssd1306_TestAll) refers to ssd1306_tests.o(i.ssd1306_TestCircle) for ssd1306_TestCircle
    ssd1306_tests.o(i.ssd1306_TestArc) refers to ssd1306.o(i.ssd1306_DrawArc) for ssd1306_DrawArc
    ssd1306_tests.o(i.ssd1306_TestArc) refers to ssd1306.o(i.ssd1306_UpdateScreen) for ssd1306_UpdateScreen
    ssd1306_tests.o(i.ssd1306_TestCircle) refers to ssd1306.o(i.ssd1306_DrawCircle) for ssd1306_DrawCircle
    ssd1306_tests.o(i.ssd1306_TestCircle) refers to ssd1306.o(i.ssd1306_UpdateScreen) for ssd1306_UpdateScreen
    ssd1306_tests.o(i.ssd1306_TestFonts) refers to ssd1306.o(i.ssd1306_Fill) for ssd1306_Fill
    ssd1306_tests.o(i.ssd1306_TestFonts) refers to ssd1306.o(i.ssd1306_SetCursor) for ssd1306_SetCursor
    ssd1306_tests.o(i.ssd1306_TestFonts) refers to ssd1306.o(i.ssd1306_WriteString) for ssd1306_WriteString
    ssd1306_tests.o(i.ssd1306_TestFonts) refers to ssd1306.o(i.ssd1306_UpdateScreen) for ssd1306_UpdateScreen
    ssd1306_tests.o(i.ssd1306_TestFonts) refers to ssd1306_fonts.o(.data) for Font_16x26
    ssd1306_tests.o(i.ssd1306_TestLine) refers to ssd1306.o(i.ssd1306_Line) for ssd1306_Line
    ssd1306_tests.o(i.ssd1306_TestLine) refers to ssd1306.o(i.ssd1306_UpdateScreen) for ssd1306_UpdateScreen
    ssd1306_tests.o(i.ssd1306_TestPolyline) refers to ssd1306.o(i.ssd1306_Polyline) for ssd1306_Polyline
    ssd1306_tests.o(i.ssd1306_TestPolyline) refers to ssd1306.o(i.ssd1306_UpdateScreen) for ssd1306_UpdateScreen
    ssd1306_tests.o(i.ssd1306_TestPolyline) refers to ssd1306_tests.o(.constdata) for .constdata
    ssd1306_tests.o(i.ssd1306_TestRectangle) refers to ssd1306.o(i.ssd1306_DrawRectangle) for ssd1306_DrawRectangle
    ssd1306_tests.o(i.ssd1306_TestRectangle) refers to ssd1306.o(i.ssd1306_UpdateScreen) for ssd1306_UpdateScreen
    __2sprintf.o(.text) refers to _printf_char_common.o(.text) for _printf_char_common
    __2sprintf.o(.text) refers to _sputc.o(.text) for _sputc
    noretval__2sprintf.o(.text) refers to _printf_char_common.o(.text) for _printf_char_common
    noretval__2sprintf.o(.text) refers to _sputc.o(.text) for _sputc
    __printf.o(.text) refers to _printf_percent.o(.ARM.Collect$$_printf_percent$$00000000) for _printf_percent
    _printf_dec.o(.text) refers to _printf_intcommon.o(.text) for _printf_int_common
    __printf_flags.o(.text) refers to _printf_percent.o(.ARM.Collect$$_printf_percent$$00000000) for _printf_percent
    __printf_flags.o(.text) refers to __printf_flags.o(.constdata) for .constdata
    __printf_ss.o(.text) refers to _printf_percent.o(.ARM.Collect$$_printf_percent$$00000000) for _printf_percent
    __printf_flags_ss.o(.text) refers to _printf_percent.o(.ARM.Collect$$_printf_percent$$00000000) for _printf_percent
    __printf_flags_ss.o(.text) refers to __printf_flags_ss.o(.constdata) for .constdata
    __printf_wp.o(.text) refers to __printf_wp.o(i._is_digit) for _is_digit
    __printf_wp.o(.text) refers to _printf_percent.o(.ARM.Collect$$_printf_percent$$00000000) for _printf_percent
    __printf_flags_wp.o(.text) refers to __printf_wp.o(i._is_digit) for _is_digit
    __printf_flags_wp.o(.text) refers to _printf_percent.o(.ARM.Collect$$_printf_percent$$00000000) for _printf_percent
    __printf_flags_wp.o(.text) refers to __printf_flags_wp.o(.constdata) for .constdata
    __printf_ss_wp.o(.text) refers to __printf_wp.o(i._is_digit) for _is_digit
    __printf_ss_wp.o(.text) refers to _printf_percent.o(.ARM.Collect$$_printf_percent$$00000000) for _printf_percent
    __printf_flags_ss_wp.o(.text) refers to __printf_wp.o(i._is_digit) for _is_digit
    __printf_flags_ss_wp.o(.text) refers to _printf_percent.o(.ARM.Collect$$_printf_percent$$00000000) for _printf_percent
    __printf_flags_ss_wp.o(.text) refers to __printf_flags_ss_wp.o(.constdata) for .constdata
    _printf_d.o(.ARM.Collect$$_printf_percent$$00000009) refers (Weak) to _printf_dec.o(.text) for _printf_int_dec
    _printf_percent.o(.ARM.Collect$$_printf_percent$$00000000) refers (Special) to _printf_percent_end.o(.ARM.Collect$$_printf_percent$$00000017) for _printf_percent_end
    rt_memcpy_v6.o(.text) refers to rt_memcpy_w.o(.text) for __aeabi_memcpy4
    __main.o(!!!main) refers to __rtentry.o(.ARM.Collect$$rtentry$$00000000) for __rt_entry
    dfix.o(x$fpl$dfix) refers (Special) to usenofp.o(x$fpl$usenofp) for __I$use$fp
    dfix.o(x$fpl$dfix) refers to dnaninf.o(x$fpl$dnaninf) for __fpl_dnaninf
    dfix.o(x$fpl$dfixr) refers (Special) to usenofp.o(x$fpl$usenofp) for __I$use$fp
    dfix.o(x$fpl$dfixr) refers to dnaninf.o(x$fpl$dnaninf) for __fpl_dnaninf
    dflt_clz.o(x$fpl$dfltu) refers (Special) to usenofp.o(x$fpl$usenofp) for __I$use$fp
    dflt_clz.o(x$fpl$dflt) refers (Special) to usenofp.o(x$fpl$usenofp) for __I$use$fp
    dflt_clz.o(x$fpl$dfltn) refers (Special) to usenofp.o(x$fpl$usenofp) for __I$use$fp
    dmul.o(x$fpl$dmul) refers (Special) to usenofp.o(x$fpl$usenofp) for __I$use$fp
    dmul.o(x$fpl$dmul) refers to dretinf.o(x$fpl$dretinf) for __fpl_dretinf
    dmul.o(x$fpl$dmul) refers to dnaninf.o(x$fpl$dnaninf) for __fpl_dnaninf
    f2d.o(x$fpl$f2d) refers (Special) to usenofp.o(x$fpl$usenofp) for __I$use$fp
    f2d.o(x$fpl$f2d) refers to fnaninf.o(x$fpl$fnaninf) for __fpl_fnaninf
    f2d.o(x$fpl$f2d) refers to dretinf.o(x$fpl$dretinf) for __fpl_dretinf
    cos.o(i.__hardfp_cos) refers (Special) to usenofp.o(x$fpl$usenofp) for __I$use$fp
    cos.o(i.__hardfp_cos) refers to _rserrno.o(.text) for __set_errno
    cos.o(i.__hardfp_cos) refers to dunder.o(i.__mathlib_dbl_invalid) for __mathlib_dbl_invalid
    cos.o(i.__hardfp_cos) refers to dunder.o(i.__mathlib_dbl_infnan) for __mathlib_dbl_infnan
    cos.o(i.__hardfp_cos) refers to rred.o(i.__ieee754_rem_pio2) for __ieee754_rem_pio2
    cos.o(i.__hardfp_cos) refers to sin_i.o(i.__kernel_sin) for __kernel_sin
    cos.o(i.__hardfp_cos) refers to cos_i.o(i.__kernel_cos) for __kernel_cos
    cos.o(i.__hardfp_cos) refers to basic.o(x$fpl$basic) for __aeabi_dneg
    cos.o(i.__softfp_cos) refers (Special) to usenofp.o(x$fpl$usenofp) for __I$use$fp
    cos.o(i.__softfp_cos) refers to cos.o(i.__hardfp_cos) for __hardfp_cos
    cos.o(i.cos) refers (Special) to usenofp.o(x$fpl$usenofp) for __I$use$fp
    cos.o(i.cos) refers to cos.o(i.__hardfp_cos) for __hardfp_cos
    cos_x.o(i.____hardfp_cos$lsc) refers (Special) to usenofp.o(x$fpl$usenofp) for __I$use$fp
    cos_x.o(i.____hardfp_cos$lsc) refers to _rserrno.o(.text) for __set_errno
    cos_x.o(i.____hardfp_cos$lsc) refers to dunder.o(i.__mathlib_dbl_infnan) for __mathlib_dbl_infnan
    cos_x.o(i.____hardfp_cos$lsc) refers to rred.o(i.__ieee754_rem_pio2) for __ieee754_rem_pio2
    cos_x.o(i.____hardfp_cos$lsc) refers to sin_i.o(i.__kernel_sin) for __kernel_sin
    cos_x.o(i.____hardfp_cos$lsc) refers to cos_i.o(i.__kernel_cos) for __kernel_cos
    cos_x.o(i.____hardfp_cos$lsc) refers to basic.o(x$fpl$basic) for __aeabi_dneg
    cos_x.o(i.____softfp_cos$lsc) refers (Special) to usenofp.o(x$fpl$usenofp) for __I$use$fp
    cos_x.o(i.____softfp_cos$lsc) refers to cos_x.o(i.____hardfp_cos$lsc) for ____hardfp_cos$lsc
    cos_x.o(i.__cos$lsc) refers (Special) to usenofp.o(x$fpl$usenofp) for __I$use$fp
    cos_x.o(i.__cos$lsc) refers to cos_x.o(i.____hardfp_cos$lsc) for ____hardfp_cos$lsc
    sin.o(i.__hardfp_sin) refers (Special) to usenofp.o(x$fpl$usenofp) for __I$use$fp
    sin.o(i.__hardfp_sin) refers to _rserrno.o(.text) for __set_errno
    sin.o(i.__hardfp_sin) refers to dunder.o(i.__mathlib_dbl_invalid) for __mathlib_dbl_invalid
    sin.o(i.__hardfp_sin) refers to dunder.o(i.__mathlib_dbl_infnan) for __mathlib_dbl_infnan
    sin.o(i.__hardfp_sin) refers to rred.o(i.__ieee754_rem_pio2) for __ieee754_rem_pio2
    sin.o(i.__hardfp_sin) refers to cos_i.o(i.__kernel_cos) for __kernel_cos
    sin.o(i.__hardfp_sin) refers to basic.o(x$fpl$basic) for __aeabi_dneg
    sin.o(i.__hardfp_sin) refers to sin_i.o(i.__kernel_sin) for __kernel_sin
    sin.o(i.__softfp_sin) refers (Special) to usenofp.o(x$fpl$usenofp) for __I$use$fp
    sin.o(i.__softfp_sin) refers to sin.o(i.__hardfp_sin) for __hardfp_sin
    sin.o(i.sin) refers (Special) to usenofp.o(x$fpl$usenofp) for __I$use$fp
    sin.o(i.sin) refers to sin.o(i.__hardfp_sin) for __hardfp_sin
    sin_x.o(i.____hardfp_sin$lsc) refers (Special) to usenofp.o(x$fpl$usenofp) for __I$use$fp
    sin_x.o(i.____hardfp_sin$lsc) refers to _rserrno.o(.text) for __set_errno
    sin_x.o(i.____hardfp_sin$lsc) refers to dunder.o(i.__mathlib_dbl_infnan) for __mathlib_dbl_infnan
    sin_x.o(i.____hardfp_sin$lsc) refers to rred.o(i.__ieee754_rem_pio2) for __ieee754_rem_pio2
    sin_x.o(i.____hardfp_sin$lsc) refers to cos_i.o(i.__kernel_cos) for __kernel_cos
    sin_x.o(i.____hardfp_sin$lsc) refers to basic.o(x$fpl$basic) for __aeabi_dneg
    sin_x.o(i.____hardfp_sin$lsc) refers to sin_i.o(i.__kernel_sin) for __kernel_sin
    sin_x.o(i.____softfp_sin$lsc) refers (Special) to usenofp.o(x$fpl$usenofp) for __I$use$fp
    sin_x.o(i.____softfp_sin$lsc) refers to sin_x.o(i.____hardfp_sin$lsc) for ____hardfp_sin$lsc
    sin_x.o(i.__sin$lsc) refers (Special) to usenofp.o(x$fpl$usenofp) for __I$use$fp
    sin_x.o(i.__sin$lsc) refers to sin_x.o(i.____hardfp_sin$lsc) for ____hardfp_sin$lsc
    __rtentry.o(.ARM.Collect$$rtentry$$00000000) refers (Special) to __rtentry2.o(.ARM.Collect$$rtentry$$0000000A) for __rt_entry_li
    __rtentry.o(.ARM.Collect$$rtentry$$00000000) refers (Special) to __rtentry2.o(.ARM.Collect$$rtentry$$0000000D) for __rt_entry_main
    __rtentry.o(.ARM.Collect$$rtentry$$00000000) refers (Special) to __rtentry2.o(.ARM.Collect$$rtentry$$0000000C) for __rt_entry_postli_1
    __rtentry.o(.ARM.Collect$$rtentry$$00000000) refers (Special) to __rtentry2.o(.ARM.Collect$$rtentry$$00000009) for __rt_entry_postsh_1
    __rtentry.o(.ARM.Collect$$rtentry$$00000000) refers (Special) to __rtentry2.o(.ARM.Collect$$rtentry$$00000002) for __rt_entry_presh_1
    __rtentry.o(.ARM.Collect$$rtentry$$00000000) refers (Special) to __rtentry4.o(.ARM.Collect$$rtentry$$00000004) for __rt_entry_sh
    _rserrno.o(.text) refers to rt_errno_addr_intlibspace.o(.text) for __aeabi_errno_addr
    _printf_char_common.o(.text) refers to __printf.o(.text) for __printf
    basic.o(x$fpl$basic) refers (Special) to usenofp.o(x$fpl$usenofp) for __I$use$fp
    dnaninf.o(x$fpl$dnaninf) refers (Special) to usenofp.o(x$fpl$usenofp) for __I$use$fp
    dretinf.o(x$fpl$dretinf) refers (Special) to usenofp.o(x$fpl$usenofp) for __I$use$fp
    fnaninf.o(x$fpl$fnaninf) refers (Special) to usenofp.o(x$fpl$usenofp) for __I$use$fp
    cos_i.o(i.__kernel_cos) refers (Special) to usenofp.o(x$fpl$usenofp) for __I$use$fp
    cos_i.o(i.__kernel_cos) refers to dfix.o(x$fpl$dfix) for __aeabi_d2iz
    cos_i.o(i.__kernel_cos) refers to dmul.o(x$fpl$dmul) for __aeabi_dmul
    cos_i.o(i.__kernel_cos) refers to poly.o(i.__kernel_poly) for __kernel_poly
    cos_i.o(i.__kernel_cos) refers to daddsub_clz.o(x$fpl$dsub) for __aeabi_dsub
    cos_i.o(i.__kernel_cos) refers to daddsub_clz.o(x$fpl$drsb) for __aeabi_drsub
    cos_i.o(i.__kernel_cos) refers to cos_i.o(.constdata) for .constdata
    cos_i.o(.constdata) refers (Special) to usenofp.o(x$fpl$usenofp) for __I$use$fp
    dunder.o(i.__mathlib_dbl_divzero) refers to ddiv.o(x$fpl$ddiv) for __aeabi_ddiv
    dunder.o(i.__mathlib_dbl_infnan) refers to daddsub_clz.o(x$fpl$dadd) for __aeabi_dadd
    dunder.o(i.__mathlib_dbl_infnan2) refers to daddsub_clz.o(x$fpl$dadd) for __aeabi_dadd
    dunder.o(i.__mathlib_dbl_invalid) refers to ddiv.o(x$fpl$ddiv) for __aeabi_ddiv
    dunder.o(i.__mathlib_dbl_overflow) refers to dmul.o(x$fpl$dmul) for __aeabi_dmul
    dunder.o(i.__mathlib_dbl_posinfnan) refers to dmul.o(x$fpl$dmul) for __aeabi_dmul
    dunder.o(i.__mathlib_dbl_underflow) refers to dmul.o(x$fpl$dmul) for __aeabi_dmul
    rred.o(i.__ieee754_rem_pio2) refers (Special) to usenofp.o(x$fpl$usenofp) for __I$use$fp
    rred.o(i.__ieee754_rem_pio2) refers to daddsub_clz.o(x$fpl$dsub) for __aeabi_dsub
    rred.o(i.__ieee754_rem_pio2) refers to daddsub_clz.o(x$fpl$dadd) for __aeabi_dadd
    rred.o(i.__ieee754_rem_pio2) refers to fabs.o(i.fabs) for fabs
    rred.o(i.__ieee754_rem_pio2) refers to dmul.o(x$fpl$dmul) for __aeabi_dmul
    rred.o(i.__ieee754_rem_pio2) refers to dfix.o(x$fpl$dfix) for __aeabi_d2iz
    rred.o(i.__ieee754_rem_pio2) refers to dflt_clz.o(x$fpl$dflt) for __aeabi_i2d
    rred.o(i.__ieee754_rem_pio2) refers to daddsub_clz.o(x$fpl$drsb) for __aeabi_drsub
    rred.o(i.__ieee754_rem_pio2) refers to basic.o(x$fpl$basic) for __aeabi_dneg
    rred.o(i.__ieee754_rem_pio2) refers to dflt_clz.o(x$fpl$dfltu) for __aeabi_ui2d
    rred.o(i.__ieee754_rem_pio2) refers to rred.o(.constdata) for .constdata
    rred.o(i.__use_accurate_range_reduction) refers (Special) to usenofp.o(x$fpl$usenofp) for __I$use$fp
    rred.o(.constdata) refers (Special) to usenofp.o(x$fpl$usenofp) for __I$use$fp
    sin_i.o(i.__kernel_sin) refers (Special) to usenofp.o(x$fpl$usenofp) for __I$use$fp
    sin_i.o(i.__kernel_sin) refers to fpclassify.o(i.__ARM_fpclassify) for __ARM_fpclassify
    sin_i.o(i.__kernel_sin) refers to dunder.o(i.__mathlib_dbl_underflow) for __mathlib_dbl_underflow
    sin_i.o(i.__kernel_sin) refers to dmul.o(x$fpl$dmul) for __aeabi_dmul
    sin_i.o(i.__kernel_sin) refers to poly.o(i.__kernel_poly) for __kernel_poly
    sin_i.o(i.__kernel_sin) refers to daddsub_clz.o(x$fpl$dsub) for __aeabi_dsub
    sin_i.o(i.__kernel_sin) refers to daddsub_clz.o(x$fpl$drsb) for __aeabi_drsub
    sin_i.o(i.__kernel_sin) refers to daddsub_clz.o(x$fpl$dadd) for __aeabi_dadd
    sin_i.o(i.__kernel_sin) refers to sin_i.o(.constdata) for .constdata
    sin_i.o(.constdata) refers (Special) to usenofp.o(x$fpl$usenofp) for __I$use$fp
    sin_i_x.o(i.____kernel_sin$lsc) refers (Special) to usenofp.o(x$fpl$usenofp) for __I$use$fp
    sin_i_x.o(i.____kernel_sin$lsc) refers to dmul.o(x$fpl$dmul) for __aeabi_dmul
    sin_i_x.o(i.____kernel_sin$lsc) refers to poly.o(i.__kernel_poly) for __kernel_poly
    sin_i_x.o(i.____kernel_sin$lsc) refers to daddsub_clz.o(x$fpl$dsub) for __aeabi_dsub
    sin_i_x.o(i.____kernel_sin$lsc) refers to daddsub_clz.o(x$fpl$drsb) for __aeabi_drsub
    sin_i_x.o(i.____kernel_sin$lsc) refers to daddsub_clz.o(x$fpl$dadd) for __aeabi_dadd
    sin_i_x.o(i.____kernel_sin$lsc) refers to sin_i_x.o(.constdata) for .constdata
    sin_i_x.o(.constdata) refers (Special) to usenofp.o(x$fpl$usenofp) for __I$use$fp
    __rtentry2.o(.ARM.Collect$$rtentry$$00000008) refers to boardinit2.o(.text) for _platform_post_stackheap_init
    __rtentry2.o(.ARM.Collect$$rtentry$$0000000A) refers to libinit.o(.ARM.Collect$$libinit$$00000000) for __rt_lib_init
    __rtentry2.o(.ARM.Collect$$rtentry$$0000000B) refers to boardinit3.o(.text) for _platform_post_lib_init
    __rtentry2.o(.ARM.Collect$$rtentry$$0000000D) refers to main.o(i.main) for main
    __rtentry2.o(.ARM.Collect$$rtentry$$0000000D) refers to exit.o(.text) for exit
    __rtentry2.o(.ARM.exidx) refers to __rtentry2.o(.ARM.Collect$$rtentry$$00000001) for .ARM.Collect$$rtentry$$00000001
    __rtentry2.o(.ARM.exidx) refers to __rtentry2.o(.ARM.Collect$$rtentry$$00000008) for .ARM.Collect$$rtentry$$00000008
    __rtentry2.o(.ARM.exidx) refers to __rtentry2.o(.ARM.Collect$$rtentry$$0000000A) for .ARM.Collect$$rtentry$$0000000A
    __rtentry2.o(.ARM.exidx) refers to __rtentry2.o(.ARM.Collect$$rtentry$$0000000B) for .ARM.Collect$$rtentry$$0000000B
    __rtentry2.o(.ARM.exidx) refers to __rtentry2.o(.ARM.Collect$$rtentry$$0000000D) for .ARM.Collect$$rtentry$$0000000D
    __rtentry4.o(.ARM.Collect$$rtentry$$00000004) refers to sys_stackheap_outer.o(.text) for __user_setup_stackheap
    __rtentry4.o(.ARM.exidx) refers to __rtentry4.o(.ARM.Collect$$rtentry$$00000004) for .ARM.Collect$$rtentry$$00000004
    rt_errno_addr.o(.text) refers to rt_errno_addr.o(.bss) for __aeabi_errno_addr_data
    rt_errno_addr_intlibspace.o(.text) refers to libspace.o(.bss) for __libspace_start
    daddsub_clz.o(x$fpl$dadd) refers (Special) to usenofp.o(x$fpl$usenofp) for __I$use$fp
    daddsub_clz.o(x$fpl$dadd) refers to daddsub_clz.o(x$fpl$dsub) for _dsub1
    daddsub_clz.o(x$fpl$dadd) refers to dretinf.o(x$fpl$dretinf) for __fpl_dretinf
    daddsub_clz.o(x$fpl$dadd) refers to dnaninf.o(x$fpl$dnaninf) for __fpl_dnaninf
    daddsub_clz.o(x$fpl$drsb) refers (Special) to usenofp.o(x$fpl$usenofp) for __I$use$fp
    daddsub_clz.o(x$fpl$drsb) refers to daddsub_clz.o(x$fpl$dadd) for _dadd1
    daddsub_clz.o(x$fpl$drsb) refers to daddsub_clz.o(x$fpl$dsub) for _dsub1
    daddsub_clz.o(x$fpl$dsub) refers (Special) to usenofp.o(x$fpl$usenofp) for __I$use$fp
    daddsub_clz.o(x$fpl$dsub) refers to daddsub_clz.o(x$fpl$dadd) for _dadd1
    daddsub_clz.o(x$fpl$dsub) refers to dnaninf.o(x$fpl$dnaninf) for __fpl_dnaninf
    ddiv.o(x$fpl$drdiv) refers (Special) to usenofp.o(x$fpl$usenofp) for __I$use$fp
    ddiv.o(x$fpl$drdiv) refers to ddiv.o(x$fpl$ddiv) for ddiv_entry
    ddiv.o(x$fpl$ddiv) refers (Special) to usenofp.o(x$fpl$usenofp) for __I$use$fp
    ddiv.o(x$fpl$ddiv) refers to dretinf.o(x$fpl$dretinf) for __fpl_dretinf
    ddiv.o(x$fpl$ddiv) refers to dnaninf.o(x$fpl$dnaninf) for __fpl_dnaninf
    fabs.o(i.__hardfp_fabs) refers (Special) to usenofp.o(x$fpl$usenofp) for __I$use$fp
    fabs.o(i.__softfp_fabs) refers (Special) to usenofp.o(x$fpl$usenofp) for __I$use$fp
    fabs.o(i.fabs) refers (Special) to usenofp.o(x$fpl$usenofp) for __I$use$fp
    fpclassify.o(i.__ARM_fpclassify) refers (Special) to usenofp.o(x$fpl$usenofp) for __I$use$fp
    poly.o(i.__kernel_poly) refers (Special) to usenofp.o(x$fpl$usenofp) for __I$use$fp
    poly.o(i.__kernel_poly) refers to dmul.o(x$fpl$dmul) for __aeabi_dmul
    poly.o(i.__kernel_poly) refers to daddsub_clz.o(x$fpl$dadd) for __aeabi_dadd
    libspace.o(.text) refers to libspace.o(.bss) for __libspace_start
    sys_stackheap_outer.o(.text) refers to libspace.o(.text) for __user_perproc_libspace
    sys_stackheap_outer.o(.text) refers to startup_stm32l476xx.o(.text) for __user_initial_stackheap
    exit.o(.text) refers to rtexit.o(.ARM.Collect$$rtexit$$00000000) for __rt_exit
    libinit.o(.ARM.Collect$$libinit$$00000000) refers (Special) to libinit2.o(.ARM.Collect$$libinit$$0000002E) for __rt_lib_init_alloca_1
    libinit.o(.ARM.Collect$$libinit$$00000000) refers (Special) to libinit2.o(.ARM.Collect$$libinit$$0000002C) for __rt_lib_init_argv_1
    libinit.o(.ARM.Collect$$libinit$$00000000) refers (Special) to libinit2.o(.ARM.Collect$$libinit$$0000001B) for __rt_lib_init_atexit_1
    libinit.o(.ARM.Collect$$libinit$$00000000) refers (Special) to libinit2.o(.ARM.Collect$$libinit$$00000021) for __rt_lib_init_clock_1
    libinit.o(.ARM.Collect$$libinit$$00000000) refers (Special) to libinit2.o(.ARM.Collect$$libinit$$00000032) for __rt_lib_init_cpp_1
    libinit.o(.ARM.Collect$$libinit$$00000000) refers (Special) to libinit2.o(.ARM.Collect$$libinit$$00000030) for __rt_lib_init_exceptions_1
    libinit.o(.ARM.Collect$$libinit$$00000000) refers (Special) to libinit2.o(.ARM.Collect$$libinit$$00000001) for __rt_lib_init_fp_1
    libinit.o(.ARM.Collect$$libinit$$00000000) refers (Special) to libinit2.o(.ARM.Collect$$libinit$$0000001F) for __rt_lib_init_fp_trap_1
    libinit.o(.ARM.Collect$$libinit$$00000000) refers (Special) to libinit2.o(.ARM.Collect$$libinit$$00000023) for __rt_lib_init_getenv_1
    libinit.o(.ARM.Collect$$libinit$$00000000) refers (Special) to libinit2.o(.ARM.Collect$$libinit$$0000000A) for __rt_lib_init_heap_1
    libinit.o(.ARM.Collect$$libinit$$00000000) refers (Special) to libinit2.o(.ARM.Collect$$libinit$$00000011) for __rt_lib_init_lc_collate_1
    libinit.o(.ARM.Collect$$libinit$$00000000) refers (Special) to libinit2.o(.ARM.Collect$$libinit$$00000013) for __rt_lib_init_lc_ctype_1
    libinit.o(.ARM.Collect$$libinit$$00000000) refers (Special) to libinit2.o(.ARM.Collect$$libinit$$00000015) for __rt_lib_init_lc_monetary_1
    libinit.o(.ARM.Collect$$libinit$$00000000) refers (Special) to libinit2.o(.ARM.Collect$$libinit$$00000017) for __rt_lib_init_lc_numeric_1
    libinit.o(.ARM.Collect$$libinit$$00000000) refers (Special) to libinit2.o(.ARM.Collect$$libinit$$00000019) for __rt_lib_init_lc_time_1
    libinit.o(.ARM.Collect$$libinit$$00000000) refers (Special) to libinit2.o(.ARM.Collect$$libinit$$00000004) for __rt_lib_init_preinit_1
    libinit.o(.ARM.Collect$$libinit$$00000000) refers (Special) to libinit2.o(.ARM.Collect$$libinit$$0000000E) for __rt_lib_init_rand_1
    libinit.o(.ARM.Collect$$libinit$$00000000) refers (Special) to libinit2.o(.ARM.Collect$$libinit$$00000033) for __rt_lib_init_return
    libinit.o(.ARM.Collect$$libinit$$00000000) refers (Special) to libinit2.o(.ARM.Collect$$libinit$$0000001D) for __rt_lib_init_signal_1
    libinit.o(.ARM.Collect$$libinit$$00000000) refers (Special) to libinit2.o(.ARM.Collect$$libinit$$00000025) for __rt_lib_init_stdio_1
    libinit.o(.ARM.Collect$$libinit$$00000000) refers (Special) to libinit2.o(.ARM.Collect$$libinit$$0000000C) for __rt_lib_init_user_alloc_1
    rtexit.o(.ARM.Collect$$rtexit$$00000000) refers (Special) to rtexit2.o(.ARM.Collect$$rtexit$$00000004) for __rt_exit_exit
    rtexit.o(.ARM.Collect$$rtexit$$00000000) refers (Special) to rtexit2.o(.ARM.Collect$$rtexit$$00000003) for __rt_exit_ls
    rtexit.o(.ARM.Collect$$rtexit$$00000000) refers (Special) to rtexit2.o(.ARM.Collect$$rtexit$$00000002) for __rt_exit_prels_1
    rtexit.o(.ARM.exidx) refers (Special) to rtexit2.o(.ARM.Collect$$rtexit$$00000004) for __rt_exit_exit
    rtexit.o(.ARM.exidx) refers (Special) to rtexit2.o(.ARM.Collect$$rtexit$$00000003) for __rt_exit_ls
    rtexit.o(.ARM.exidx) refers (Special) to rtexit2.o(.ARM.Collect$$rtexit$$00000002) for __rt_exit_prels_1
    rtexit.o(.ARM.exidx) refers to rtexit.o(.ARM.Collect$$rtexit$$00000000) for .ARM.Collect$$rtexit$$00000000
    libinit2.o(.ARM.Collect$$libinit$$00000001) refers to fpinit.o(x$fpl$fpinit) for _fp_init
    libinit2.o(.ARM.Collect$$libinit$$00000010) refers to libinit2.o(.ARM.Collect$$libinit$$0000000F) for .ARM.Collect$$libinit$$0000000F
    libinit2.o(.ARM.Collect$$libinit$$00000012) refers to libinit2.o(.ARM.Collect$$libinit$$0000000F) for .ARM.Collect$$libinit$$0000000F
    libinit2.o(.ARM.Collect$$libinit$$00000014) refers to libinit2.o(.ARM.Collect$$libinit$$0000000F) for .ARM.Collect$$libinit$$0000000F
    libinit2.o(.ARM.Collect$$libinit$$00000016) refers to libinit2.o(.ARM.Collect$$libinit$$0000000F) for .ARM.Collect$$libinit$$0000000F
    libinit2.o(.ARM.Collect$$libinit$$00000018) refers to libinit2.o(.ARM.Collect$$libinit$$0000000F) for .ARM.Collect$$libinit$$0000000F
    libinit2.o(.ARM.Collect$$libinit$$00000026) refers to argv_veneer.o(.emb_text) for __ARM_argv_veneer
    libinit2.o(.ARM.Collect$$libinit$$00000027) refers to argv_veneer.o(.emb_text) for __ARM_argv_veneer
    rtexit2.o(.ARM.Collect$$rtexit$$00000003) refers to libshutdown.o(.ARM.Collect$$libshutdown$$00000000) for __rt_lib_shutdown
    rtexit2.o(.ARM.Collect$$rtexit$$00000004) refers to sys_exit.o(.text) for _sys_exit
    rtexit2.o(.ARM.exidx) refers to rtexit2.o(.ARM.Collect$$rtexit$$00000001) for .ARM.Collect$$rtexit$$00000001
    rtexit2.o(.ARM.exidx) refers to rtexit2.o(.ARM.Collect$$rtexit$$00000003) for .ARM.Collect$$rtexit$$00000003
    rtexit2.o(.ARM.exidx) refers to rtexit2.o(.ARM.Collect$$rtexit$$00000004) for .ARM.Collect$$rtexit$$00000004
    argv_veneer.o(.emb_text) refers to no_argv.o(.text) for __ARM_get_argv
    sys_exit.o(.text) refers (Special) to use_no_semi.o(.text) for __I$use$semihosting
    sys_exit.o(.text) refers (Special) to indicate_semi.o(.text) for __semihosting_library_function
    _get_argv_nomalloc.o(.text) refers (Special) to hrguard.o(.text) for __heap_region$guard
    _get_argv_nomalloc.o(.text) refers to defsig_rtmem_outer.o(.text) for __rt_SIGRTMEM
    _get_argv_nomalloc.o(.text) refers to sys_command.o(.text) for _sys_command_string
    libshutdown.o(.ARM.Collect$$libshutdown$$00000000) refers (Special) to libshutdown2.o(.ARM.Collect$$libshutdown$$00000002) for __rt_lib_shutdown_cpp_1
    libshutdown.o(.ARM.Collect$$libshutdown$$00000000) refers (Special) to libshutdown2.o(.ARM.Collect$$libshutdown$$00000007) for __rt_lib_shutdown_fp_trap_1
    libshutdown.o(.ARM.Collect$$libshutdown$$00000000) refers (Special) to libshutdown2.o(.ARM.Collect$$libshutdown$$0000000F) for __rt_lib_shutdown_heap_1
    libshutdown.o(.ARM.Collect$$libshutdown$$00000000) refers (Special) to libshutdown2.o(.ARM.Collect$$libshutdown$$00000010) for __rt_lib_shutdown_return
    libshutdown.o(.ARM.Collect$$libshutdown$$00000000) refers (Special) to libshutdown2.o(.ARM.Collect$$libshutdown$$0000000A) for __rt_lib_shutdown_signal_1
    libshutdown.o(.ARM.Collect$$libshutdown$$00000000) refers (Special) to libshutdown2.o(.ARM.Collect$$libshutdown$$00000004) for __rt_lib_shutdown_stdio_1
    libshutdown.o(.ARM.Collect$$libshutdown$$00000000) refers (Special) to libshutdown2.o(.ARM.Collect$$libshutdown$$0000000C) for __rt_lib_shutdown_user_alloc_1
    sys_command.o(.text) refers (Special) to use_no_semi.o(.text) for __I$use$semihosting
    sys_command.o(.text) refers (Special) to indicate_semi.o(.text) for __semihosting_library_function
    defsig_rtmem_outer.o(.text) refers to defsig_rtmem_inner.o(.text) for __rt_SIGRTMEM_inner
    defsig_rtmem_outer.o(.text) refers to defsig_exit.o(.text) for __sig_exit
    defsig_rtmem_formal.o(.text) refers to rt_raise.o(.text) for __rt_raise
    rt_raise.o(.text) refers to __raise.o(.text) for __raise
    rt_raise.o(.text) refers to sys_exit.o(.text) for _sys_exit
    defsig_exit.o(.text) refers to sys_exit.o(.text) for _sys_exit
    defsig_rtmem_inner.o(.text) refers to defsig_general.o(.text) for __default_signal_display
    __raise.o(.text) refers to defsig.o(CL$$defsig) for __default_signal_handler
    defsig_general.o(.text) refers to sys_wrch.o(.text) for _ttywrch
    sys_wrch.o(.text) refers (Special) to use_no_semi.o(.text) for __I$use$semihosting
    sys_wrch.o(.text) refers (Special) to indicate_semi.o(.text) for __semihosting_library_function
    defsig.o(CL$$defsig) refers to defsig_rtmem_inner.o(.text) for __rt_SIGRTMEM_inner
    defsig_abrt_inner.o(.text) refers to defsig_general.o(.text) for __default_signal_display
    defsig_fpe_inner.o(.text) refers to defsig_general.o(.text) for __default_signal_display
    defsig_rtred_inner.o(.text) refers to defsig_general.o(.text) for __default_signal_display
    defsig_stak_inner.o(.text) refers to defsig_general.o(.text) for __default_signal_display
    defsig_pvfn_inner.o(.text) refers to defsig_general.o(.text) for __default_signal_display
    defsig_cppl_inner.o(.text) refers to defsig_general.o(.text) for __default_signal_display
    defsig_segv_inner.o(.text) refers to defsig_general.o(.text) for __default_signal_display
    defsig_other.o(.text) refers to defsig_general.o(.text) for __default_signal_display


==============================================================================

Removing Unused input sections from the image.

    Removing main.o(.rev16_text), (4 bytes).
    Removing main.o(.revsh_text), (4 bytes).
    Removing main.o(.rrx_text), (6 bytes).
    Removing sysclock.o(.rev16_text), (4 bytes).
    Removing sysclock.o(.revsh_text), (4 bytes).
    Removing sysclock.o(.rrx_text), (6 bytes).
    Removing i2c.o(.rev16_text), (4 bytes).
    Removing i2c.o(.revsh_text), (4 bytes).
    Removing i2c.o(.rrx_text), (6 bytes).
    Removing i2c.o(i.I2C_ReceiveData), (92 bytes).
    Removing ssd1306.o(.rev16_text), (4 bytes).
    Removing ssd1306.o(.revsh_text), (4 bytes).
    Removing ssd1306.o(.rrx_text), (6 bytes).
    Removing ssd1306.o(i.ssd1306_DegToRad), (32 bytes).
    Removing ssd1306.o(i.ssd1306_DrawArc), (470 bytes).
    Removing ssd1306.o(i.ssd1306_DrawCircle), (152 bytes).
    Removing ssd1306.o(i.ssd1306_DrawRectangle), (74 bytes).
    Removing ssd1306.o(i.ssd1306_FillBuffer), (36 bytes).
    Removing ssd1306.o(i.ssd1306_GetDisplayOn), (12 bytes).
    Removing ssd1306.o(i.ssd1306_Line), (146 bytes).
    Removing ssd1306.o(i.ssd1306_NormalizeTo0_360), (40 bytes).
    Removing ssd1306.o(i.ssd1306_Polyline), (62 bytes).
    Removing ssd1306_tests.o(.rev16_text), (4 bytes).
    Removing ssd1306_tests.o(.revsh_text), (4 bytes).
    Removing ssd1306_tests.o(.rrx_text), (6 bytes).
    Removing ssd1306_tests.o(i.delay), (40 bytes).
    Removing ssd1306_tests.o(i.ssd1306_TestAll), (104 bytes).
    Removing ssd1306_tests.o(i.ssd1306_TestArc), (30 bytes).
    Removing ssd1306_tests.o(i.ssd1306_TestCircle), (38 bytes).
    Removing ssd1306_tests.o(i.ssd1306_TestFonts), (160 bytes).
    Removing ssd1306_tests.o(i.ssd1306_TestLine), (38 bytes).
    Removing ssd1306_tests.o(i.ssd1306_TestPolyline), (32 bytes).
    Removing ssd1306_tests.o(i.ssd1306_TestRectangle), (62 bytes).
    Removing ssd1306_tests.o(.constdata), (14 bytes).

34 unused section(s) (total 1704 bytes) removed from the image.

==============================================================================

Image Symbol Table

    Local Symbols

    Symbol Name                              Value     Ov Type        Size  Object(Section)

    ../clib/angel/boardlib.s                 0x00000000   Number         0  boardinit2.o ABSOLUTE
    ../clib/angel/boardlib.s                 0x00000000   Number         0  boardinit1.o ABSOLUTE
    ../clib/angel/boardlib.s                 0x00000000   Number         0  boardshut.o ABSOLUTE
    ../clib/angel/boardlib.s                 0x00000000   Number         0  boardinit3.o ABSOLUTE
    ../clib/angel/handlers.s                 0x00000000   Number         0  __scatter_zi.o ABSOLUTE
    ../clib/angel/handlers.s                 0x00000000   Number         0  __scatter_copy.o ABSOLUTE
    ../clib/angel/kernel.s                   0x00000000   Number         0  __rtentry2.o ABSOLUTE
    ../clib/angel/kernel.s                   0x00000000   Number         0  __rtentry4.o ABSOLUTE
    ../clib/angel/kernel.s                   0x00000000   Number         0  __rtentry.o ABSOLUTE
    ../clib/angel/kernel.s                   0x00000000   Number         0  rtexit.o ABSOLUTE
    ../clib/angel/kernel.s                   0x00000000   Number         0  rtexit2.o ABSOLUTE
    ../clib/angel/rt.s                       0x00000000   Number         0  rt_errno_addr.o ABSOLUTE
    ../clib/angel/rt.s                       0x00000000   Number         0  rt_errno_addr_intlibspace.o ABSOLUTE
    ../clib/angel/rt.s                       0x00000000   Number         0  rt_raise.o ABSOLUTE
    ../clib/angel/scatter.s                  0x00000000   Number         0  __scatter.o ABSOLUTE
    ../clib/angel/startup.s                  0x00000000   Number         0  __main.o ABSOLUTE
    ../clib/angel/sys.s                      0x00000000   Number         0  use_no_semi.o ABSOLUTE
    ../clib/angel/sys.s                      0x00000000   Number         0  libspace.o ABSOLUTE
    ../clib/angel/sys.s                      0x00000000   Number         0  indicate_semi.o ABSOLUTE
    ../clib/angel/sys.s                      0x00000000   Number         0  sys_stackheap_outer.o ABSOLUTE
    ../clib/angel/sysapp.c                   0x00000000   Number         0  sys_wrch.o ABSOLUTE
    ../clib/angel/sysapp.c                   0x00000000   Number         0  sys_command.o ABSOLUTE
    ../clib/angel/sysapp.c                   0x00000000   Number         0  sys_exit.o ABSOLUTE
    ../clib/armsys.c                         0x00000000   Number         0  no_argv.o ABSOLUTE
    ../clib/armsys.c                         0x00000000   Number         0  _get_argv_nomalloc.o ABSOLUTE
    ../clib/armsys.c                         0x00000000   Number         0  argv_veneer.o ABSOLUTE
    ../clib/armsys.c                         0x00000000   Number         0  argv_veneer.o ABSOLUTE
    ../clib/fenv.c                           0x00000000   Number         0  _rserrno.o ABSOLUTE
    ../clib/heapalloc.c                      0x00000000   Number         0  hrguard.o ABSOLUTE
    ../clib/heapaux.c                        0x00000000   Number         0  heapauxi.o ABSOLUTE
    ../clib/libinit.s                        0x00000000   Number         0  libshutdown.o ABSOLUTE
    ../clib/libinit.s                        0x00000000   Number         0  libinit2.o ABSOLUTE
    ../clib/libinit.s                        0x00000000   Number         0  libinit.o ABSOLUTE
    ../clib/libinit.s                        0x00000000   Number         0  libshutdown2.o ABSOLUTE
    ../clib/memcpset.s                       0x00000000   Number         0  rt_memclr_w.o ABSOLUTE
    ../clib/memcpset.s                       0x00000000   Number         0  rt_memcpy_v6.o ABSOLUTE
    ../clib/memcpset.s                       0x00000000   Number         0  rt_memcpy_w.o ABSOLUTE
    ../clib/printf.c                         0x00000000   Number         0  __printf_flags_wp.o ABSOLUTE
    ../clib/printf.c                         0x00000000   Number         0  __printf_wp.o ABSOLUTE
    ../clib/printf.c                         0x00000000   Number         0  __printf_flags_ss.o ABSOLUTE
    ../clib/printf.c                         0x00000000   Number         0  __printf_ss.o ABSOLUTE
    ../clib/printf.c                         0x00000000   Number         0  __printf_flags.o ABSOLUTE
    ../clib/printf.c                         0x00000000   Number         0  _printf_dec.o ABSOLUTE
    ../clib/printf.c                         0x00000000   Number         0  _printf_intcommon.o ABSOLUTE
    ../clib/printf.c                         0x00000000   Number         0  _printf_char_common.o ABSOLUTE
    ../clib/printf.c                         0x00000000   Number         0  __printf.o ABSOLUTE
    ../clib/printf.c                         0x00000000   Number         0  __printf_nopercent.o ABSOLUTE
    ../clib/printf.c                         0x00000000   Number         0  __printf_flags_ss_wp.o ABSOLUTE
    ../clib/printf.c                         0x00000000   Number         0  __printf_ss_wp.o ABSOLUTE
    ../clib/printf.c                         0x00000000   Number         0  __2sprintf.o ABSOLUTE
    ../clib/printf.c                         0x00000000   Number         0  noretval__2sprintf.o ABSOLUTE
    ../clib/printf.c                         0x00000000   Number         0  _sputc.o ABSOLUTE
    ../clib/printf_percent.s                 0x00000000   Number         0  _printf_d.o ABSOLUTE
    ../clib/printf_percent.s                 0x00000000   Number         0  _printf_percent.o ABSOLUTE
    ../clib/printf_percent.s                 0x00000000   Number         0  _printf_percent_end.o ABSOLUTE
    ../clib/signal.c                         0x00000000   Number         0  defsig_pvfn_inner.o ABSOLUTE
    ../clib/signal.c                         0x00000000   Number         0  defsig_cppl_inner.o ABSOLUTE
    ../clib/signal.c                         0x00000000   Number         0  defsig_segv_inner.o ABSOLUTE
    ../clib/signal.c                         0x00000000   Number         0  __raise.o ABSOLUTE
    ../clib/signal.c                         0x00000000   Number         0  defsig_general.o ABSOLUTE
    ../clib/signal.c                         0x00000000   Number         0  defsig_rtmem_outer.o ABSOLUTE
    ../clib/signal.c                         0x00000000   Number         0  defsig_rtred_inner.o ABSOLUTE
    ../clib/signal.c                         0x00000000   Number         0  defsig_exit.o ABSOLUTE
    ../clib/signal.c                         0x00000000   Number         0  defsig_other.o ABSOLUTE
    ../clib/signal.c                         0x00000000   Number         0  defsig_abrt_inner.o ABSOLUTE
    ../clib/signal.c                         0x00000000   Number         0  defsig_rtmem_formal.o ABSOLUTE
    ../clib/signal.c                         0x00000000   Number         0  defsig_fpe_inner.o ABSOLUTE
    ../clib/signal.c                         0x00000000   Number         0  defsig_stak_inner.o ABSOLUTE
    ../clib/signal.c                         0x00000000   Number         0  defsig_rtmem_inner.o ABSOLUTE
    ../clib/signal.s                         0x00000000   Number         0  defsig.o ABSOLUTE
    ../clib/stdlib.c                         0x00000000   Number         0  exit.o ABSOLUTE
    ../fplib/basic.s                         0x00000000   Number         0  basic.o ABSOLUTE
    ../fplib/daddsub.s                       0x00000000   Number         0  daddsub_clz.o ABSOLUTE
    ../fplib/ddiv.s                          0x00000000   Number         0  ddiv.o ABSOLUTE
    ../fplib/dfix.s                          0x00000000   Number         0  dfix.o ABSOLUTE
    ../fplib/dflt.s                          0x00000000   Number         0  dflt_clz.o ABSOLUTE
    ../fplib/dmul.s                          0x00000000   Number         0  dmul.o ABSOLUTE
    ../fplib/dnaninf.s                       0x00000000   Number         0  dnaninf.o ABSOLUTE
    ../fplib/dretinf.s                       0x00000000   Number         0  dretinf.o ABSOLUTE
    ../fplib/f2d.s                           0x00000000   Number         0  f2d.o ABSOLUTE
    ../fplib/fnaninf.s                       0x00000000   Number         0  fnaninf.o ABSOLUTE
    ../fplib/fpinit.s                        0x00000000   Number         0  fpinit.o ABSOLUTE
    ../fplib/usenofp.s                       0x00000000   Number         0  usenofp.o ABSOLUTE
    ../mathlib/cos.c                         0x00000000   Number         0  cos.o ABSOLUTE
    ../mathlib/cos.c                         0x00000000   Number         0  cos_x.o ABSOLUTE
    ../mathlib/cos_i.c                       0x00000000   Number         0  cos_i.o ABSOLUTE
    ../mathlib/dunder.c                      0x00000000   Number         0  dunder.o ABSOLUTE
    ../mathlib/fabs.c                        0x00000000   Number         0  fabs.o ABSOLUTE
    ../mathlib/fpclassify.c                  0x00000000   Number         0  fpclassify.o ABSOLUTE
    ../mathlib/poly.c                        0x00000000   Number         0  poly.o ABSOLUTE
    ../mathlib/rred.c                        0x00000000   Number         0  rred.o ABSOLUTE
    ../mathlib/sin.c                         0x00000000   Number         0  sin.o ABSOLUTE
    ../mathlib/sin.c                         0x00000000   Number         0  sin_x.o ABSOLUTE
    ../mathlib/sin_i.c                       0x00000000   Number         0  sin_i.o ABSOLUTE
    ../mathlib/sin_i.c                       0x00000000   Number         0  sin_i_x.o ABSOLUTE
    I2C.c                                    0x00000000   Number         0  i2c.o ABSOLUTE
    I2C.c                                    0x00000000   Number         0  i2c.o ABSOLUTE
    SysClock.c                               0x00000000   Number         0  sysclock.o ABSOLUTE
    SysClock.c                               0x00000000   Number         0  sysclock.o ABSOLUTE
    dc.s                                     0x00000000   Number         0  dc.o ABSOLUTE
    main.c                                   0x00000000   Number         0  main.o ABSOLUTE
    main.c                                   0x00000000   Number         0  main.o ABSOLUTE
    ssd1306.c                                0x00000000   Number         0  ssd1306.o ABSOLUTE
    ssd1306.c                                0x00000000   Number         0  ssd1306.o ABSOLUTE
    ssd1306_fonts.c                          0x00000000   Number         0  ssd1306_fonts.o ABSOLUTE
    ssd1306_tests.c                          0x00000000   Number         0  ssd1306_tests.o ABSOLUTE
    ssd1306_tests.c                          0x00000000   Number         0  ssd1306_tests.o ABSOLUTE
    startup_stm32l476xx.s                    0x00000000   Number         0  startup_stm32l476xx.o ABSOLUTE
    RESET                                    0x08000000   Section      392  startup_stm32l476xx.o(RESET)
    !!!main                                  0x08000188   Section        8  __main.o(!!!main)
    !!!scatter                               0x08000190   Section       52  __scatter.o(!!!scatter)
    !!handler_copy                           0x080001c4   Section       26  __scatter_copy.o(!!handler_copy)
    !!handler_zi                             0x080001e0   Section       28  __scatter_zi.o(!!handler_zi)
    .ARM.Collect$$_printf_percent$$00000000  0x080001fc   Section        0  _printf_percent.o(.ARM.Collect$$_printf_percent$$00000000)
    .ARM.Collect$$_printf_percent$$00000009  0x080001fc   Section        6  _printf_d.o(.ARM.Collect$$_printf_percent$$00000009)
    .ARM.Collect$$_printf_percent$$00000017  0x08000202   Section        4  _printf_percent_end.o(.ARM.Collect$$_printf_percent$$00000017)
    .ARM.Collect$$libinit$$00000000          0x08000206   Section        2  libinit.o(.ARM.Collect$$libinit$$00000000)
    .ARM.Collect$$libinit$$00000001          0x08000208   Section        4  libinit2.o(.ARM.Collect$$libinit$$00000001)
    .ARM.Collect$$libinit$$00000004          0x0800020c   Section        0  libinit2.o(.ARM.Collect$$libinit$$00000004)
    .ARM.Collect$$libinit$$0000000A          0x0800020c   Section        0  libinit2.o(.ARM.Collect$$libinit$$0000000A)
    .ARM.Collect$$libinit$$0000000C          0x0800020c   Section        0  libinit2.o(.ARM.Collect$$libinit$$0000000C)
    .ARM.Collect$$libinit$$0000000E          0x0800020c   Section        0  libinit2.o(.ARM.Collect$$libinit$$0000000E)
    .ARM.Collect$$libinit$$00000011          0x0800020c   Section        0  libinit2.o(.ARM.Collect$$libinit$$00000011)
    .ARM.Collect$$libinit$$00000013          0x0800020c   Section        0  libinit2.o(.ARM.Collect$$libinit$$00000013)
    .ARM.Collect$$libinit$$00000015          0x0800020c   Section        0  libinit2.o(.ARM.Collect$$libinit$$00000015)
    .ARM.Collect$$libinit$$00000017          0x0800020c   Section        0  libinit2.o(.ARM.Collect$$libinit$$00000017)
    .ARM.Collect$$libinit$$00000019          0x0800020c   Section        0  libinit2.o(.ARM.Collect$$libinit$$00000019)
    .ARM.Collect$$libinit$$0000001B          0x0800020c   Section        0  libinit2.o(.ARM.Collect$$libinit$$0000001B)
    .ARM.Collect$$libinit$$0000001D          0x0800020c   Section        0  libinit2.o(.ARM.Collect$$libinit$$0000001D)
    .ARM.Collect$$libinit$$0000001F          0x0800020c   Section        0  libinit2.o(.ARM.Collect$$libinit$$0000001F)
    .ARM.Collect$$libinit$$00000021          0x0800020c   Section        0  libinit2.o(.ARM.Collect$$libinit$$00000021)
    .ARM.Collect$$libinit$$00000023          0x0800020c   Section        0  libinit2.o(.ARM.Collect$$libinit$$00000023)
    .ARM.Collect$$libinit$$00000025          0x0800020c   Section        0  libinit2.o(.ARM.Collect$$libinit$$00000025)
    .ARM.Collect$$libinit$$0000002C          0x0800020c   Section        0  libinit2.o(.ARM.Collect$$libinit$$0000002C)
    .ARM.Collect$$libinit$$0000002E          0x0800020c   Section        0  libinit2.o(.ARM.Collect$$libinit$$0000002E)
    .ARM.Collect$$libinit$$00000030          0x0800020c   Section        0  libinit2.o(.ARM.Collect$$libinit$$00000030)
    .ARM.Collect$$libinit$$00000032          0x0800020c   Section        0  libinit2.o(.ARM.Collect$$libinit$$00000032)
    .ARM.Collect$$libinit$$00000033          0x0800020c   Section        2  libinit2.o(.ARM.Collect$$libinit$$00000033)
    .ARM.Collect$$libshutdown$$00000000      0x0800020e   Section        2  libshutdown.o(.ARM.Collect$$libshutdown$$00000000)
    .ARM.Collect$$libshutdown$$00000002      0x08000210   Section        0  libshutdown2.o(.ARM.Collect$$libshutdown$$00000002)
    .ARM.Collect$$libshutdown$$00000004      0x08000210   Section        0  libshutdown2.o(.ARM.Collect$$libshutdown$$00000004)
    .ARM.Collect$$libshutdown$$00000007      0x08000210   Section        0  libshutdown2.o(.ARM.Collect$$libshutdown$$00000007)
    .ARM.Collect$$libshutdown$$0000000A      0x08000210   Section        0  libshutdown2.o(.ARM.Collect$$libshutdown$$0000000A)
    .ARM.Collect$$libshutdown$$0000000C      0x08000210   Section        0  libshutdown2.o(.ARM.Collect$$libshutdown$$0000000C)
    .ARM.Collect$$libshutdown$$0000000F      0x08000210   Section        0  libshutdown2.o(.ARM.Collect$$libshutdown$$0000000F)
    .ARM.Collect$$libshutdown$$00000010      0x08000210   Section        2  libshutdown2.o(.ARM.Collect$$libshutdown$$00000010)
    .ARM.Collect$$rtentry$$00000000          0x08000212   Section        0  __rtentry.o(.ARM.Collect$$rtentry$$00000000)
    .ARM.Collect$$rtentry$$00000002          0x08000212   Section        0  __rtentry2.o(.ARM.Collect$$rtentry$$00000002)
    .ARM.Collect$$rtentry$$00000004          0x08000212   Section        6  __rtentry4.o(.ARM.Collect$$rtentry$$00000004)
    .ARM.Collect$$rtentry$$00000009          0x08000218   Section        0  __rtentry2.o(.ARM.Collect$$rtentry$$00000009)
    .ARM.Collect$$rtentry$$0000000A          0x08000218   Section        4  __rtentry2.o(.ARM.Collect$$rtentry$$0000000A)
    .ARM.Collect$$rtentry$$0000000C          0x0800021c   Section        0  __rtentry2.o(.ARM.Collect$$rtentry$$0000000C)
    .ARM.Collect$$rtentry$$0000000D          0x0800021c   Section        8  __rtentry2.o(.ARM.Collect$$rtentry$$0000000D)
    .ARM.Collect$$rtexit$$00000000           0x08000224   Section        2  rtexit.o(.ARM.Collect$$rtexit$$00000000)
    .ARM.Collect$$rtexit$$00000002           0x08000226   Section        0  rtexit2.o(.ARM.Collect$$rtexit$$00000002)
    .ARM.Collect$$rtexit$$00000003           0x08000226   Section        4  rtexit2.o(.ARM.Collect$$rtexit$$00000003)
    .ARM.Collect$$rtexit$$00000004           0x0800022a   Section        6  rtexit2.o(.ARM.Collect$$rtexit$$00000004)
    .text                                    0x08000230   Section      140  startup_stm32l476xx.o(.text)
    $v0                                      0x08000230   Number         0  startup_stm32l476xx.o(.text)
    .text                                    0x080002bc   Section        0  noretval__2sprintf.o(.text)
    .text                                    0x080002e4   Section        0  __printf.o(.text)
    .text                                    0x0800034c   Section        0  _printf_dec.o(.text)
    .text                                    0x080003c4   Section       78  rt_memclr_w.o(.text)
    .text                                    0x08000412   Section        0  heapauxi.o(.text)
    .text                                    0x08000418   Section        0  _printf_intcommon.o(.text)
    .text                                    0x080004cc   Section        0  _printf_char_common.o(.text)
    _printf_input_char                       0x080004cd   Thumb Code    10  _printf_char_common.o(.text)
    .text                                    0x080004fc   Section        0  _sputc.o(.text)
    .text                                    0x08000508   Section        8  libspace.o(.text)
    .text                                    0x08000510   Section       74  sys_stackheap_outer.o(.text)
    .text                                    0x0800055a   Section        0  exit.o(.text)
    .text                                    0x0800056c   Section        0  sys_exit.o(.text)
    .text                                    0x08000578   Section        2  use_no_semi.o(.text)
    .text                                    0x0800057a   Section        0  indicate_semi.o(.text)
    i.I2C1_ER_IRQHandler                     0x0800057a   Section        0  i2c.o(i.I2C1_ER_IRQHandler)
    i.I2C1_EV_IRQHandler                     0x0800057c   Section        0  i2c.o(i.I2C1_EV_IRQHandler)
    i.I2C_GPIO_init                          0x08000580   Section        0  i2c.o(i.I2C_GPIO_init)
    i.I2C_Initialization                     0x08000604   Section        0  i2c.o(i.I2C_Initialization)
    i.I2C_SendData                           0x08000774   Section        0  i2c.o(i.I2C_SendData)
    i.I2C_Start                              0x080007f0   Section        0  i2c.o(i.I2C_Start)
    i.I2C_Stop                               0x0800082c   Section        0  i2c.o(i.I2C_Stop)
    i.I2C_WaitLineIdle                       0x08000842   Section        0  i2c.o(i.I2C_WaitLineIdle)
    i.System_Clock_Init                      0x08000854   Section        0  sysclock.o(i.System_Clock_Init)
    i.main                                   0x080009d8   Section        0  main.o(i.main)
    i.ssd1306_DrawPixel                      0x08000a48   Section        0  ssd1306.o(i.ssd1306_DrawPixel)
    i.ssd1306_Fill                           0x08000ae8   Section        0  ssd1306.o(i.ssd1306_Fill)
    i.ssd1306_Init                           0x08000b08   Section        0  ssd1306.o(i.ssd1306_Init)
    i.ssd1306_Reset                          0x08000be4   Section        0  ssd1306.o(i.ssd1306_Reset)
    i.ssd1306_SetContrast                    0x08000be6   Section        0  ssd1306.o(i.ssd1306_SetContrast)
    i.ssd1306_SetCursor                      0x08000bfc   Section        0  ssd1306.o(i.ssd1306_SetCursor)
    i.ssd1306_SetDisplayOn                   0x08000c08   Section        0  ssd1306.o(i.ssd1306_SetDisplayOn)
    i.ssd1306_UpdateScreen                   0x08000c2c   Section        0  ssd1306.o(i.ssd1306_UpdateScreen)
    i.ssd1306_WriteChar                      0x08000c64   Section        0  ssd1306.o(i.ssd1306_WriteChar)
    i.ssd1306_WriteCommand                   0x08000d20   Section        0  ssd1306.o(i.ssd1306_WriteCommand)
    i.ssd1306_WriteData                      0x08000d40   Section        0  ssd1306.o(i.ssd1306_WriteData)
    i.ssd1306_WriteString                    0x08000d7c   Section        0  ssd1306.o(i.ssd1306_WriteString)
    x$fpl$fpinit                             0x08000da8   Section       10  fpinit.o(x$fpl$fpinit)
    $v0                                      0x08000da8   Number         0  fpinit.o(x$fpl$fpinit)
    .constdata                               0x08000db2   Section    11780  ssd1306_fonts.o(.constdata)
    Font7x10                                 0x08000db2   Data        1900  ssd1306_fonts.o(.constdata)
    Font11x18                                0x0800151e   Data        3420  ssd1306_fonts.o(.constdata)
    Font16x26                                0x0800227a   Data        4940  ssd1306_fonts.o(.constdata)
    Font6x8                                  0x080035c6   Data        1520  ssd1306_fonts.o(.constdata)
    .data                                    0x20000000   Section        8  ssd1306.o(.data)
    SSD1306                                  0x20000000   Data           8  ssd1306.o(.data)
    .data                                    0x20000008   Section       32  ssd1306_fonts.o(.data)
    .bss                                     0x20000028   Section     1024  ssd1306.o(.bss)
    SSD1306_Buffer                           0x20000028   Data        1024  ssd1306.o(.bss)
    .bss                                     0x20000428   Section       96  libspace.o(.bss)
    HEAP                                     0x20000488   Section      512  startup_stm32l476xx.o(HEAP)
    Heap_Mem                                 0x20000488   Data         512  startup_stm32l476xx.o(HEAP)
    STACK                                    0x20000688   Section     1024  startup_stm32l476xx.o(STACK)
    Stack_Mem                                0x20000688   Data        1024  startup_stm32l476xx.o(STACK)
    __initial_sp                             0x20000a88   Data           0  startup_stm32l476xx.o(STACK)

    Global Symbols

    Symbol Name                              Value     Ov Type        Size  Object(Section)

    BuildAttributes$$THM_ISAv4$E$P$D$K$B$S$7EM$VFPi3$EXTD16$VFPS$VFMA$PE$A:L22UL41UL21$X:L11$S22US41US21$IEEE1$IW$USESV6$~STKCKD$USESV7$~SHL$OTIME$ROPI$IEEEX$EBA8$UX$STANDARDLIB$REQ8$PRES8$EABIv2 0x00000000   Number         0  anon$$obj.o ABSOLUTE
    Image$$ER_IROM1$$RW$$Length              0x00000000   Number         0  anon$$obj.o ABSOLUTE
    Image$$ER_IROM1$$ZI$$Length              0x00000000   Number         0  anon$$obj.o ABSOLUTE
    Image$$RW_IRAM1$$RO$$Length              0x00000000   Number         0  anon$$obj.o ABSOLUTE
    __ARM_use_no_argv                        0x00000000   Number         0  main.o ABSOLUTE
    __ARM_exceptions_init                     - Undefined Weak Reference
    __alloca_initialize                       - Undefined Weak Reference
    __arm_preinit_                            - Undefined Weak Reference
    __cpp_initialize__aeabi_                  - Undefined Weak Reference
    __cxa_finalize                            - Undefined Weak Reference
    __rt_locale                               - Undefined Weak Reference
    __sigvec_lookup                           - Undefined Weak Reference
    _atexit_init                              - Undefined Weak Reference
    _call_atexit_fns                          - Undefined Weak Reference
    _clock_init                               - Undefined Weak Reference
    _fp_trap_init                             - Undefined Weak Reference
    _fp_trap_shutdown                         - Undefined Weak Reference
    _get_lc_collate                           - Undefined Weak Reference
    _get_lc_ctype                             - Undefined Weak Reference
    _get_lc_monetary                          - Undefined Weak Reference
    _get_lc_numeric                           - Undefined Weak Reference
    _get_lc_time                              - Undefined Weak Reference
    _getenv_init                              - Undefined Weak Reference
    _handle_redirection                       - Undefined Weak Reference
    _init_alloc                               - Undefined Weak Reference
    _init_user_alloc                          - Undefined Weak Reference
    _initio                                   - Undefined Weak Reference
    _printf_post_padding                      - Undefined Weak Reference
    _printf_pre_padding                       - Undefined Weak Reference
    _printf_truncate_signed                   - Undefined Weak Reference
    _printf_truncate_unsigned                 - Undefined Weak Reference
    _rand_init                                - Undefined Weak Reference
    _signal_finish                            - Undefined Weak Reference
    _signal_init                              - Undefined Weak Reference
    _terminate_alloc                          - Undefined Weak Reference
    _terminate_user_alloc                     - Undefined Weak Reference
    _terminateio                              - Undefined Weak Reference
    Image$$RW_IRAM1$$Length                  0x00000028   Number         0  anon$$obj.o ABSOLUTE
    Image$$RW_IRAM1$$RW$$Length              0x00000028   Number         0  anon$$obj.o ABSOLUTE
    __Vectors_Size                           0x00000188   Number         0  startup_stm32l476xx.o ABSOLUTE
    Image$$RW_IRAM1$$ZI$$Length              0x00000a60   Number         0  anon$$obj.o ABSOLUTE
    Image$$ER_IROM1$$RO$$Length              0x00003bd8   Number         0  anon$$obj.o ABSOLUTE
    Image$$ER_IROM1$$RO$$Base                0x08000000   Number         0  anon$$obj.o ABSOLUTE
    Load$$ER_IROM1$$Base                     0x08000000   Number         0  anon$$obj.o ABSOLUTE
    __Vectors                                0x08000000   Data           4  startup_stm32l476xx.o(RESET)
    __Vectors_End                            0x08000188   Data           0  startup_stm32l476xx.o(RESET)
    __main                                   0x08000189   Thumb Code     8  __main.o(!!!main)
    __scatterload                            0x08000191   Thumb Code     0  __scatter.o(!!!scatter)
    __scatterload_rt2                        0x08000191   Thumb Code    44  __scatter.o(!!!scatter)
    __scatterload_rt2_thumb_only             0x08000191   Thumb Code     0  __scatter.o(!!!scatter)
    __scatterload_null                       0x0800019f   Thumb Code     0  __scatter.o(!!!scatter)
    __scatterload_copy                       0x080001c5   Thumb Code    26  __scatter_copy.o(!!handler_copy)
    __scatterload_zeroinit                   0x080001e1   Thumb Code    28  __scatter_zi.o(!!handler_zi)
    _printf_d                                0x080001fd   Thumb Code     0  _printf_d.o(.ARM.Collect$$_printf_percent$$00000009)
    _printf_percent                          0x080001fd   Thumb Code     0  _printf_percent.o(.ARM.Collect$$_printf_percent$$00000000)
    _printf_percent_end                      0x08000203   Thumb Code     0  _printf_percent_end.o(.ARM.Collect$$_printf_percent$$00000017)
    __rt_lib_init                            0x08000207   Thumb Code     0  libinit.o(.ARM.Collect$$libinit$$00000000)
    __rt_lib_init_fp_1                       0x08000209   Thumb Code     0  libinit2.o(.ARM.Collect$$libinit$$00000001)
    __rt_lib_init_alloca_1                   0x0800020d   Thumb Code     0  libinit2.o(.ARM.Collect$$libinit$$0000002E)
    __rt_lib_init_argv_1                     0x0800020d   Thumb Code     0  libinit2.o(.ARM.Collect$$libinit$$0000002C)
    __rt_lib_init_atexit_1                   0x0800020d   Thumb Code     0  libinit2.o(.ARM.Collect$$libinit$$0000001B)
    __rt_lib_init_clock_1                    0x0800020d   Thumb Code     0  libinit2.o(.ARM.Collect$$libinit$$00000021)
    __rt_lib_init_cpp_1                      0x0800020d   Thumb Code     0  libinit2.o(.ARM.Collect$$libinit$$00000032)
    __rt_lib_init_exceptions_1               0x0800020d   Thumb Code     0  libinit2.o(.ARM.Collect$$libinit$$00000030)
    __rt_lib_init_fp_trap_1                  0x0800020d   Thumb Code     0  libinit2.o(.ARM.Collect$$libinit$$0000001F)
    __rt_lib_init_getenv_1                   0x0800020d   Thumb Code     0  libinit2.o(.ARM.Collect$$libinit$$00000023)
    __rt_lib_init_heap_1                     0x0800020d   Thumb Code     0  libinit2.o(.ARM.Collect$$libinit$$0000000A)
    __rt_lib_init_lc_collate_1               0x0800020d   Thumb Code     0  libinit2.o(.ARM.Collect$$libinit$$00000011)
    __rt_lib_init_lc_ctype_1                 0x0800020d   Thumb Code     0  libinit2.o(.ARM.Collect$$libinit$$00000013)
    __rt_lib_init_lc_monetary_1              0x0800020d   Thumb Code     0  libinit2.o(.ARM.Collect$$libinit$$00000015)
    __rt_lib_init_lc_numeric_1               0x0800020d   Thumb Code     0  libinit2.o(.ARM.Collect$$libinit$$00000017)
    __rt_lib_init_lc_time_1                  0x0800020d   Thumb Code     0  libinit2.o(.ARM.Collect$$libinit$$00000019)
    __rt_lib_init_preinit_1                  0x0800020d   Thumb Code     0  libinit2.o(.ARM.Collect$$libinit$$00000004)
    __rt_lib_init_rand_1                     0x0800020d   Thumb Code     0  libinit2.o(.ARM.Collect$$libinit$$0000000E)
    __rt_lib_init_return                     0x0800020d   Thumb Code     0  libinit2.o(.ARM.Collect$$libinit$$00000033)
    __rt_lib_init_signal_1                   0x0800020d   Thumb Code     0  libinit2.o(.ARM.Collect$$libinit$$0000001D)
    __rt_lib_init_stdio_1                    0x0800020d   Thumb Code     0  libinit2.o(.ARM.Collect$$libinit$$00000025)
    __rt_lib_init_user_alloc_1               0x0800020d   Thumb Code     0  libinit2.o(.ARM.Collect$$libinit$$0000000C)
    __rt_lib_shutdown                        0x0800020f   Thumb Code     0  libshutdown.o(.ARM.Collect$$libshutdown$$00000000)
    __rt_lib_shutdown_cpp_1                  0x08000211   Thumb Code     0  libshutdown2.o(.ARM.Collect$$libshutdown$$00000002)
    __rt_lib_shutdown_fp_trap_1              0x08000211   Thumb Code     0  libshutdown2.o(.ARM.Collect$$libshutdown$$00000007)
    __rt_lib_shutdown_heap_1                 0x08000211   Thumb Code     0  libshutdown2.o(.ARM.Collect$$libshutdown$$0000000F)
    __rt_lib_shutdown_return                 0x08000211   Thumb Code     0  libshutdown2.o(.ARM.Collect$$libshutdown$$00000010)
    __rt_lib_shutdown_signal_1               0x08000211   Thumb Code     0  libshutdown2.o(.ARM.Collect$$libshutdown$$0000000A)
    __rt_lib_shutdown_stdio_1                0x08000211   Thumb Code     0  libshutdown2.o(.ARM.Collect$$libshutdown$$00000004)
    __rt_lib_shutdown_user_alloc_1           0x08000211   Thumb Code     0  libshutdown2.o(.ARM.Collect$$libshutdown$$0000000C)
    __rt_entry                               0x08000213   Thumb Code     0  __rtentry.o(.ARM.Collect$$rtentry$$00000000)
    __rt_entry_presh_1                       0x08000213   Thumb Code     0  __rtentry2.o(.ARM.Collect$$rtentry$$00000002)
    __rt_entry_sh                            0x08000213   Thumb Code     0  __rtentry4.o(.ARM.Collect$$rtentry$$00000004)
    __rt_entry_li                            0x08000219   Thumb Code     0  __rtentry2.o(.ARM.Collect$$rtentry$$0000000A)
    __rt_entry_postsh_1                      0x08000219   Thumb Code     0  __rtentry2.o(.ARM.Collect$$rtentry$$00000009)
    __rt_entry_main                          0x0800021d   Thumb Code     0  __rtentry2.o(.ARM.Collect$$rtentry$$0000000D)
    __rt_entry_postli_1                      0x0800021d   Thumb Code     0  __rtentry2.o(.ARM.Collect$$rtentry$$0000000C)
    __rt_exit                                0x08000225   Thumb Code     0  rtexit.o(.ARM.Collect$$rtexit$$00000000)
    __rt_exit_ls                             0x08000227   Thumb Code     0  rtexit2.o(.ARM.Collect$$rtexit$$00000003)
    __rt_exit_prels_1                        0x08000227   Thumb Code     0  rtexit2.o(.ARM.Collect$$rtexit$$00000002)
    __rt_exit_exit                           0x0800022b   Thumb Code     0  rtexit2.o(.ARM.Collect$$rtexit$$00000004)
    Reset_Handler                            0x08000231   Thumb Code    62  startup_stm32l476xx.o(.text)
    NMI_Handler                              0x0800026f   Thumb Code     2  startup_stm32l476xx.o(.text)
    HardFault_Handler                        0x08000271   Thumb Code     2  startup_stm32l476xx.o(.text)
    MemManage_Handler                        0x08000273   Thumb Code     2  startup_stm32l476xx.o(.text)
    BusFault_Handler                         0x08000275   Thumb Code     2  startup_stm32l476xx.o(.text)
    UsageFault_Handler                       0x08000277   Thumb Code     2  startup_stm32l476xx.o(.text)
    SVC_Handler                              0x08000279   Thumb Code     2  startup_stm32l476xx.o(.text)
    DebugMon_Handler                         0x0800027b   Thumb Code     2  startup_stm32l476xx.o(.text)
    PendSV_Handler                           0x0800027d   Thumb Code     2  startup_stm32l476xx.o(.text)
    SysTick_Handler                          0x0800027f   Thumb Code     2  startup_stm32l476xx.o(.text)
    ADC1_2_IRQHandler                        0x08000281   Thumb Code     0  startup_stm32l476xx.o(.text)
    ADC3_IRQHandler                          0x08000281   Thumb Code     0  startup_stm32l476xx.o(.text)
    CAN1_RX0_IRQHandler                      0x08000281   Thumb Code     0  startup_stm32l476xx.o(.text)
    CAN1_RX1_IRQHandler                      0x08000281   Thumb Code     0  startup_stm32l476xx.o(.text)
    CAN1_SCE_IRQHandler                      0x08000281   Thumb Code     0  startup_stm32l476xx.o(.text)
    CAN1_TX_IRQHandler                       0x08000281   Thumb Code     0  startup_stm32l476xx.o(.text)
    COMP_IRQHandler                          0x08000281   Thumb Code     0  startup_stm32l476xx.o(.text)
    DFSDM0_IRQHandler                        0x08000281   Thumb Code     0  startup_stm32l476xx.o(.text)
    DFSDM1_IRQHandler                        0x08000281   Thumb Code     0  startup_stm32l476xx.o(.text)
    DFSDM2_IRQHandler                        0x08000281   Thumb Code     0  startup_stm32l476xx.o(.text)
    DFSDM3_IRQHandler                        0x08000281   Thumb Code     0  startup_stm32l476xx.o(.text)
    DMA1_Channel1_IRQHandler                 0x08000281   Thumb Code     0  startup_stm32l476xx.o(.text)
    DMA1_Channel2_IRQHandler                 0x08000281   Thumb Code     0  startup_stm32l476xx.o(.text)
    DMA1_Channel3_IRQHandler                 0x08000281   Thumb Code     0  startup_stm32l476xx.o(.text)
    DMA1_Channel4_IRQHandler                 0x08000281   Thumb Code     0  startup_stm32l476xx.o(.text)
    DMA1_Channel5_IRQHandler                 0x08000281   Thumb Code     0  startup_stm32l476xx.o(.text)
    DMA1_Channel6_IRQHandler                 0x08000281   Thumb Code     0  startup_stm32l476xx.o(.text)
    DMA1_Channel7_IRQHandler                 0x08000281   Thumb Code     0  startup_stm32l476xx.o(.text)
    DMA2_Channel1_IRQHandler                 0x08000281   Thumb Code     0  startup_stm32l476xx.o(.text)
    DMA2_Channel2_IRQHandler                 0x08000281   Thumb Code     0  startup_stm32l476xx.o(.text)
    DMA2_Channel3_IRQHandler                 0x08000281   Thumb Code     0  startup_stm32l476xx.o(.text)
    DMA2_Channel4_IRQHandler                 0x08000281   Thumb Code     0  startup_stm32l476xx.o(.text)
    DMA2_Channel5_IRQHandler                 0x08000281   Thumb Code     0  startup_stm32l476xx.o(.text)
    DMA2_Channel6_IRQHandler                 0x08000281   Thumb Code     0  startup_stm32l476xx.o(.text)
    DMA2_Channel7_IRQHandler                 0x08000281   Thumb Code     0  startup_stm32l476xx.o(.text)
    EXTI0_IRQHandler                         0x08000281   Thumb Code     0  startup_stm32l476xx.o(.text)
    EXTI15_10_IRQHandler                     0x08000281   Thumb Code     0  startup_stm32l476xx.o(.text)
    EXTI1_IRQHandler                         0x08000281   Thumb Code     0  startup_stm32l476xx.o(.text)
    EXTI2_IRQHandler                         0x08000281   Thumb Code     0  startup_stm32l476xx.o(.text)
    EXTI3_IRQHandler                         0x08000281   Thumb Code     0  startup_stm32l476xx.o(.text)
    EXTI4_IRQHandler                         0x08000281   Thumb Code     0  startup_stm32l476xx.o(.text)
    EXTI9_5_IRQHandler                       0x08000281   Thumb Code     0  startup_stm32l476xx.o(.text)
    FLASH_IRQHandler                         0x08000281   Thumb Code     0  startup_stm32l476xx.o(.text)
    FMC_IRQHandler                           0x08000281   Thumb Code     0  startup_stm32l476xx.o(.text)
    FPU_IRQHandler                           0x08000281   Thumb Code     0  startup_stm32l476xx.o(.text)
    I2C2_ER_IRQHandler                       0x08000281   Thumb Code     0  startup_stm32l476xx.o(.text)
    I2C2_EV_IRQHandler                       0x08000281   Thumb Code     0  startup_stm32l476xx.o(.text)
    I2C3_ER_IRQHandler                       0x08000281   Thumb Code     0  startup_stm32l476xx.o(.text)
    I2C3_EV_IRQHandler                       0x08000281   Thumb Code     0  startup_stm32l476xx.o(.text)
    LCD_IRQHandler                           0x08000281   Thumb Code     0  startup_stm32l476xx.o(.text)
    LPTIM1_IRQHandler                        0x08000281   Thumb Code     0  startup_stm32l476xx.o(.text)
    LPTIM2_IRQHandler                        0x08000281   Thumb Code     0  startup_stm32l476xx.o(.text)
    LPUART1_IRQHandler                       0x08000281   Thumb Code     0  startup_stm32l476xx.o(.text)
    OTG_FS_IRQHandler                        0x08000281   Thumb Code     0  startup_stm32l476xx.o(.text)
    PVD_PVM_IRQHandler                       0x08000281   Thumb Code     0  startup_stm32l476xx.o(.text)
    QUADSPI_IRQHandler                       0x08000281   Thumb Code     0  startup_stm32l476xx.o(.text)
    RCC_IRQHandler                           0x08000281   Thumb Code     0  startup_stm32l476xx.o(.text)
    RNG_IRQHandler                           0x08000281   Thumb Code     0  startup_stm32l476xx.o(.text)
    RTC_Alarm_IRQHandler                     0x08000281   Thumb Code     0  startup_stm32l476xx.o(.text)
    RTC_WKUP_IRQHandler                      0x08000281   Thumb Code     0  startup_stm32l476xx.o(.text)
    SAI1_IRQHandler                          0x08000281   Thumb Code     0  startup_stm32l476xx.o(.text)
    SAI2_IRQHandler                          0x08000281   Thumb Code     0  startup_stm32l476xx.o(.text)
    SDMMC1_IRQHandler                        0x08000281   Thumb Code     0  startup_stm32l476xx.o(.text)
    SPI1_IRQHandler                          0x08000281   Thumb Code     0  startup_stm32l476xx.o(.text)
    SPI2_IRQHandler                          0x08000281   Thumb Code     0  startup_stm32l476xx.o(.text)
    SPI3_IRQHandler                          0x08000281   Thumb Code     0  startup_stm32l476xx.o(.text)
    SWPMI1_IRQHandler                        0x08000281   Thumb Code     0  startup_stm32l476xx.o(.text)
    TAMP_STAMP_IRQHandler                    0x08000281   Thumb Code     0  startup_stm32l476xx.o(.text)
    TIM1_BRK_TIM15_IRQHandler                0x08000281   Thumb Code     0  startup_stm32l476xx.o(.text)
    TIM1_CC_IRQHandler                       0x08000281   Thumb Code     0  startup_stm32l476xx.o(.text)
    TIM1_TRG_COM_TIM17_IRQHandler            0x08000281   Thumb Code     0  startup_stm32l476xx.o(.text)
    TIM1_UP_TIM16_IRQHandler                 0x08000281   Thumb Code     0  startup_stm32l476xx.o(.text)
    TIM2_IRQHandler                          0x08000281   Thumb Code     0  startup_stm32l476xx.o(.text)
    TIM3_IRQHandler                          0x08000281   Thumb Code     0  startup_stm32l476xx.o(.text)
    TIM4_IRQHandler                          0x08000281   Thumb Code     0  startup_stm32l476xx.o(.text)
    TIM5_IRQHandler                          0x08000281   Thumb Code     0  startup_stm32l476xx.o(.text)
    TIM6_DAC_IRQHandler                      0x08000281   Thumb Code     0  startup_stm32l476xx.o(.text)
    TIM7_IRQHandler                          0x08000281   Thumb Code     0  startup_stm32l476xx.o(.text)
    TIM8_BRK_IRQHandler                      0x08000281   Thumb Code     0  startup_stm32l476xx.o(.text)
    TIM8_CC_IRQHandler                       0x08000281   Thumb Code     0  startup_stm32l476xx.o(.text)
    TIM8_TRG_COM_IRQHandler                  0x08000281   Thumb Code     0  startup_stm32l476xx.o(.text)
    TIM8_UP_IRQHandler                       0x08000281   Thumb Code     0  startup_stm32l476xx.o(.text)
    TSC_IRQHandler                           0x08000281   Thumb Code     0  startup_stm32l476xx.o(.text)
    UART4_IRQHandler                         0x08000281   Thumb Code     0  startup_stm32l476xx.o(.text)
    UART5_IRQHandler                         0x08000281   Thumb Code     0  startup_stm32l476xx.o(.text)
    USART1_IRQHandler                        0x08000281   Thumb Code     0  startup_stm32l476xx.o(.text)
    USART2_IRQHandler                        0x08000281   Thumb Code     0  startup_stm32l476xx.o(.text)
    USART3_IRQHandler                        0x08000281   Thumb Code     0  startup_stm32l476xx.o(.text)
    WWDG_IRQHandler                          0x08000281   Thumb Code     0  startup_stm32l476xx.o(.text)
    __user_initial_stackheap                 0x08000285   Thumb Code     0  startup_stm32l476xx.o(.text)
    __2sprintf                               0x080002bd   Thumb Code    34  noretval__2sprintf.o(.text)
    __printf                                 0x080002e5   Thumb Code   104  __printf.o(.text)
    _printf_int_dec                          0x0800034d   Thumb Code   104  _printf_dec.o(.text)
    __aeabi_memclr4                          0x080003c5   Thumb Code     0  rt_memclr_w.o(.text)
    __aeabi_memclr8                          0x080003c5   Thumb Code     0  rt_memclr_w.o(.text)
    __rt_memclr_w                            0x080003c5   Thumb Code    78  rt_memclr_w.o(.text)
    _memset_w                                0x080003c9   Thumb Code     0  rt_memclr_w.o(.text)
    __use_two_region_memory                  0x08000413   Thumb Code     2  heapauxi.o(.text)
    __rt_heap_escrow$2region                 0x08000415   Thumb Code     2  heapauxi.o(.text)
    __rt_heap_expand$2region                 0x08000417   Thumb Code     2  heapauxi.o(.text)
    _printf_int_common                       0x08000419   Thumb Code   178  _printf_intcommon.o(.text)
    _printf_char_common                      0x080004d7   Thumb Code    32  _printf_char_common.o(.text)
    _sputc                                   0x080004fd   Thumb Code    10  _sputc.o(.text)
    __user_libspace                          0x08000509   Thumb Code     8  libspace.o(.text)
    __user_perproc_libspace                  0x08000509   Thumb Code     0  libspace.o(.text)
    __user_perthread_libspace                0x08000509   Thumb Code     0  libspace.o(.text)
    __user_setup_stackheap                   0x08000511   Thumb Code    74  sys_stackheap_outer.o(.text)
    exit                                     0x0800055b   Thumb Code    18  exit.o(.text)
    _sys_exit                                0x0800056d   Thumb Code     8  sys_exit.o(.text)
    __I$use$semihosting                      0x08000579   Thumb Code     0  use_no_semi.o(.text)
    __use_no_semihosting_swi                 0x08000579   Thumb Code     2  use_no_semi.o(.text)
    I2C1_ER_IRQHandler                       0x0800057b   Thumb Code     2  i2c.o(i.I2C1_ER_IRQHandler)
    __semihosting_library_function           0x0800057b   Thumb Code     0  indicate_semi.o(.text)
    I2C1_EV_IRQHandler                       0x0800057d   Thumb Code     2  i2c.o(i.I2C1_EV_IRQHandler)
    I2C_GPIO_init                            0x08000581   Thumb Code   122  i2c.o(i.I2C_GPIO_init)
    I2C_Initialization                       0x08000605   Thumb Code   352  i2c.o(i.I2C_Initialization)
    I2C_SendData                             0x08000775   Thumb Code   124  i2c.o(i.I2C_SendData)
    I2C_Start                                0x080007f1   Thumb Code    54  i2c.o(i.I2C_Start)
    I2C_Stop                                 0x0800082d   Thumb Code    22  i2c.o(i.I2C_Stop)
    I2C_WaitLineIdle                         0x08000843   Thumb Code    16  i2c.o(i.I2C_WaitLineIdle)
    System_Clock_Init                        0x08000855   Thumb Code   380  sysclock.o(i.System_Clock_Init)
    main                                     0x080009d9   Thumb Code    96  main.o(i.main)
    ssd1306_DrawPixel                        0x08000a49   Thumb Code   152  ssd1306.o(i.ssd1306_DrawPixel)
    ssd1306_Fill                             0x08000ae9   Thumb Code    28  ssd1306.o(i.ssd1306_Fill)
    ssd1306_Init                             0x08000b09   Thumb Code   212  ssd1306.o(i.ssd1306_Init)
    ssd1306_Reset                            0x08000be5   Thumb Code     2  ssd1306.o(i.ssd1306_Reset)
    ssd1306_SetContrast                      0x08000be7   Thumb Code    20  ssd1306.o(i.ssd1306_SetContrast)
    ssd1306_SetCursor                        0x08000bfd   Thumb Code     8  ssd1306.o(i.ssd1306_SetCursor)
    ssd1306_SetDisplayOn                     0x08000c09   Thumb Code    32  ssd1306.o(i.ssd1306_SetDisplayOn)
    ssd1306_UpdateScreen                     0x08000c2d   Thumb Code    52  ssd1306.o(i.ssd1306_UpdateScreen)
    ssd1306_WriteChar                        0x08000c65   Thumb Code   184  ssd1306.o(i.ssd1306_WriteChar)
    ssd1306_WriteCommand                     0x08000d21   Thumb Code    28  ssd1306.o(i.ssd1306_WriteCommand)
    ssd1306_WriteData                        0x08000d41   Thumb Code    54  ssd1306.o(i.ssd1306_WriteData)
    ssd1306_WriteString                      0x08000d7d   Thumb Code    44  ssd1306.o(i.ssd1306_WriteString)
    _fp_init                                 0x08000da9   Thumb Code    10  fpinit.o(x$fpl$fpinit)
    __fplib_config_fpu_vfp                   0x08000db1   Thumb Code     0  fpinit.o(x$fpl$fpinit)
    __fplib_config_pureend_doubles           0x08000db1   Thumb Code     0  fpinit.o(x$fpl$fpinit)
    Region$$Table$$Base                      0x08003bb8   Number         0  anon$$obj.o(Region$$Table)
    Image$$ER_IROM1$$RO$$Limit               0x08003bd8   Number         0  anon$$obj.o ABSOLUTE
    Image$$ER_IROM1$$RW$$Base                0x08003bd8   Number         0  anon$$obj.o ABSOLUTE
    Image$$ER_IROM1$$RW$$Limit               0x08003bd8   Number         0  anon$$obj.o ABSOLUTE
    Image$$ER_IROM1$$ZI$$Base                0x08003bd8   Number         0  anon$$obj.o ABSOLUTE
    Image$$ER_IROM1$$ZI$$Limit               0x08003bd8   Number         0  anon$$obj.o ABSOLUTE
    Load$$RW_IRAM1$$Base                     0x08003bd8   Number         0  anon$$obj.o ABSOLUTE
    Region$$Table$$Limit                     0x08003bd8   Number         0  anon$$obj.o(Region$$Table)
    Image$$RW_IRAM1$$Base                    0x20000000   Number         0  anon$$obj.o ABSOLUTE
    Image$$RW_IRAM1$$RO$$Base                0x20000000   Number         0  anon$$obj.o ABSOLUTE
    Image$$RW_IRAM1$$RW$$Base                0x20000000   Number         0  anon$$obj.o ABSOLUTE
    Font_6x8                                 0x20000008   Data           8  ssd1306_fonts.o(.data)
    Font_7x10                                0x20000010   Data           8  ssd1306_fonts.o(.data)
    Font_11x18                               0x20000018   Data           8  ssd1306_fonts.o(.data)
    Font_16x26                               0x20000020   Data           8  ssd1306_fonts.o(.data)
    Image$$RW_IRAM1$$Limit                   0x20000028   Number         0  anon$$obj.o ABSOLUTE
    Image$$RW_IRAM1$$RW$$Limit               0x20000028   Number         0  anon$$obj.o ABSOLUTE
    Image$$RW_IRAM1$$ZI$$Base                0x20000028   Number         0  anon$$obj.o ABSOLUTE
    __libspace_start                         0x20000428   Data          96  libspace.o(.bss)
    __temporary_stack_top$libspace           0x20000488   Data           0  libspace.o(.bss)
    Image$$RW_IRAM1$$ZI$$Limit               0x20000a88   Number         0  anon$$obj.o ABSOLUTE



==============================================================================

Memory Map of the image

  Image Entry point : 0x08000189

  Load Region LR_IROM1 (Base: 0x08000000, Size: 0x00003c00, Max: 0x00100000, ABSOLUTE)

    Execution Region ER_IROM1 (Exec base: 0x08000000, Load base: 0x08000000, Size: 0x00003bd8, Max: 0x00100000, ABSOLUTE)

    Exec Addr    Load Addr    Size         Type   Attr      Idx    E Section Name        Object

    0x08000000   0x08000000   0x00000188   Data   RO           85    RESET               startup_stm32l476xx.o
    0x08000188   0x08000188   0x00000008   Code   RO          462  * !!!main             c_w.l(__main.o)
    0x08000190   0x08000190   0x00000034   Code   RO          732    !!!scatter          c_w.l(__scatter.o)
    0x080001c4   0x080001c4   0x0000001a   Code   RO          734    !!handler_copy      c_w.l(__scatter_copy.o)
    0x080001de   0x080001de   0x00000002   PAD
    0x080001e0   0x080001e0   0x0000001c   Code   RO          736    !!handler_zi        c_w.l(__scatter_zi.o)
    0x080001fc   0x080001fc   0x00000000   Code   RO          455    .ARM.Collect$$_printf_percent$$00000000  c_w.l(_printf_percent.o)
    0x080001fc   0x080001fc   0x00000006   Code   RO          454    .ARM.Collect$$_printf_percent$$00000009  c_w.l(_printf_d.o)
    0x08000202   0x08000202   0x00000004   Code   RO          511    .ARM.Collect$$_printf_percent$$00000017  c_w.l(_printf_percent_end.o)
    0x08000206   0x08000206   0x00000002   Code   RO          605    .ARM.Collect$$libinit$$00000000  c_w.l(libinit.o)
    0x08000208   0x08000208   0x00000004   Code   RO          608    .ARM.Collect$$libinit$$00000001  c_w.l(libinit2.o)
    0x0800020c   0x0800020c   0x00000000   Code   RO          611    .ARM.Collect$$libinit$$00000004  c_w.l(libinit2.o)
    0x0800020c   0x0800020c   0x00000000   Code   RO          614    .ARM.Collect$$libinit$$0000000A  c_w.l(libinit2.o)
    0x0800020c   0x0800020c   0x00000000   Code   RO          616    .ARM.Collect$$libinit$$0000000C  c_w.l(libinit2.o)
    0x0800020c   0x0800020c   0x00000000   Code   RO          618    .ARM.Collect$$libinit$$0000000E  c_w.l(libinit2.o)
    0x0800020c   0x0800020c   0x00000000   Code   RO          621    .ARM.Collect$$libinit$$00000011  c_w.l(libinit2.o)
    0x0800020c   0x0800020c   0x00000000   Code   RO          623    .ARM.Collect$$libinit$$00000013  c_w.l(libinit2.o)
    0x0800020c   0x0800020c   0x00000000   Code   RO          625    .ARM.Collect$$libinit$$00000015  c_w.l(libinit2.o)
    0x0800020c   0x0800020c   0x00000000   Code   RO          627    .ARM.Collect$$libinit$$00000017  c_w.l(libinit2.o)
    0x0800020c   0x0800020c   0x00000000   Code   RO          629    .ARM.Collect$$libinit$$00000019  c_w.l(libinit2.o)
    0x0800020c   0x0800020c   0x00000000   Code   RO          631    .ARM.Collect$$libinit$$0000001B  c_w.l(libinit2.o)
    0x0800020c   0x0800020c   0x00000000   Code   RO          633    .ARM.Collect$$libinit$$0000001D  c_w.l(libinit2.o)
    0x0800020c   0x0800020c   0x00000000   Code   RO          635    .ARM.Collect$$libinit$$0000001F  c_w.l(libinit2.o)
    0x0800020c   0x0800020c   0x00000000   Code   RO          637    .ARM.Collect$$libinit$$00000021  c_w.l(libinit2.o)
    0x0800020c   0x0800020c   0x00000000   Code   RO          639    .ARM.Collect$$libinit$$00000023  c_w.l(libinit2.o)
    0x0800020c   0x0800020c   0x00000000   Code   RO          641    .ARM.Collect$$libinit$$00000025  c_w.l(libinit2.o)
    0x0800020c   0x0800020c   0x00000000   Code   RO          645    .ARM.Collect$$libinit$$0000002C  c_w.l(libinit2.o)
    0x0800020c   0x0800020c   0x00000000   Code   RO          647    .ARM.Collect$$libinit$$0000002E  c_w.l(libinit2.o)
    0x0800020c   0x0800020c   0x00000000   Code   RO          649    .ARM.Collect$$libinit$$00000030  c_w.l(libinit2.o)
    0x0800020c   0x0800020c   0x00000000   Code   RO          651    .ARM.Collect$$libinit$$00000032  c_w.l(libinit2.o)
    0x0800020c   0x0800020c   0x00000002   Code   RO          652    .ARM.Collect$$libinit$$00000033  c_w.l(libinit2.o)
    0x0800020e   0x0800020e   0x00000002   Code   RO          672    .ARM.Collect$$libshutdown$$00000000  c_w.l(libshutdown.o)
    0x08000210   0x08000210   0x00000000   Code   RO          685    .ARM.Collect$$libshutdown$$00000002  c_w.l(libshutdown2.o)
    0x08000210   0x08000210   0x00000000   Code   RO          687    .ARM.Collect$$libshutdown$$00000004  c_w.l(libshutdown2.o)
    0x08000210   0x08000210   0x00000000   Code   RO          690    .ARM.Collect$$libshutdown$$00000007  c_w.l(libshutdown2.o)
    0x08000210   0x08000210   0x00000000   Code   RO          693    .ARM.Collect$$libshutdown$$0000000A  c_w.l(libshutdown2.o)
    0x08000210   0x08000210   0x00000000   Code   RO          695    .ARM.Collect$$libshutdown$$0000000C  c_w.l(libshutdown2.o)
    0x08000210   0x08000210   0x00000000   Code   RO          698    .ARM.Collect$$libshutdown$$0000000F  c_w.l(libshutdown2.o)
    0x08000210   0x08000210   0x00000002   Code   RO          699    .ARM.Collect$$libshutdown$$00000010  c_w.l(libshutdown2.o)
    0x08000212   0x08000212   0x00000000   Code   RO          502    .ARM.Collect$$rtentry$$00000000  c_w.l(__rtentry.o)
    0x08000212   0x08000212   0x00000000   Code   RO          552    .ARM.Collect$$rtentry$$00000002  c_w.l(__rtentry2.o)
    0x08000212   0x08000212   0x00000006   Code   RO          564    .ARM.Collect$$rtentry$$00000004  c_w.l(__rtentry4.o)
    0x08000218   0x08000218   0x00000000   Code   RO          554    .ARM.Collect$$rtentry$$00000009  c_w.l(__rtentry2.o)
    0x08000218   0x08000218   0x00000004   Code   RO          555    .ARM.Collect$$rtentry$$0000000A  c_w.l(__rtentry2.o)
    0x0800021c   0x0800021c   0x00000000   Code   RO          557    .ARM.Collect$$rtentry$$0000000C  c_w.l(__rtentry2.o)
    0x0800021c   0x0800021c   0x00000008   Code   RO          558    .ARM.Collect$$rtentry$$0000000D  c_w.l(__rtentry2.o)
    0x08000224   0x08000224   0x00000002   Code   RO          606    .ARM.Collect$$rtexit$$00000000  c_w.l(rtexit.o)
    0x08000226   0x08000226   0x00000000   Code   RO          654    .ARM.Collect$$rtexit$$00000002  c_w.l(rtexit2.o)
    0x08000226   0x08000226   0x00000004   Code   RO          655    .ARM.Collect$$rtexit$$00000003  c_w.l(rtexit2.o)
    0x0800022a   0x0800022a   0x00000006   Code   RO          656    .ARM.Collect$$rtexit$$00000004  c_w.l(rtexit2.o)
    0x08000230   0x08000230   0x0000008c   Code   RO           86    .text               startup_stm32l476xx.o
    0x080002bc   0x080002bc   0x00000028   Code   RO          428    .text               c_w.l(noretval__2sprintf.o)
    0x080002e4   0x080002e4   0x00000068   Code   RO          430    .text               c_w.l(__printf.o)
    0x0800034c   0x0800034c   0x00000078   Code   RO          432    .text               c_w.l(_printf_dec.o)
    0x080003c4   0x080003c4   0x0000004e   Code   RO          458    .text               c_w.l(rt_memclr_w.o)
    0x08000412   0x08000412   0x00000006   Code   RO          460    .text               c_w.l(heapauxi.o)
    0x08000418   0x08000418   0x000000b2   Code   RO          505    .text               c_w.l(_printf_intcommon.o)
    0x080004ca   0x080004ca   0x00000002   PAD
    0x080004cc   0x080004cc   0x00000030   Code   RO          507    .text               c_w.l(_printf_char_common.o)
    0x080004fc   0x080004fc   0x0000000a   Code   RO          509    .text               c_w.l(_sputc.o)
    0x08000506   0x08000506   0x00000002   PAD
    0x08000508   0x08000508   0x00000008   Code   RO          593    .text               c_w.l(libspace.o)
    0x08000510   0x08000510   0x0000004a   Code   RO          596    .text               c_w.l(sys_stackheap_outer.o)
    0x0800055a   0x0800055a   0x00000012   Code   RO          598    .text               c_w.l(exit.o)
    0x0800056c   0x0800056c   0x0000000c   Code   RO          664    .text               c_w.l(sys_exit.o)
    0x08000578   0x08000578   0x00000002   Code   RO          675    .text               c_w.l(use_no_semi.o)
    0x0800057a   0x0800057a   0x00000000   Code   RO          677    .text               c_w.l(indicate_semi.o)
    0x0800057a   0x0800057a   0x00000002   Code   RO          117    i.I2C1_ER_IRQHandler  i2c.o
    0x0800057c   0x0800057c   0x00000002   Code   RO          118    i.I2C1_EV_IRQHandler  i2c.o
    0x0800057e   0x0800057e   0x00000002   PAD
    0x08000580   0x08000580   0x00000084   Code   RO          119    i.I2C_GPIO_init     i2c.o
    0x08000604   0x08000604   0x00000170   Code   RO          120    i.I2C_Initialization  i2c.o
    0x08000774   0x08000774   0x0000007c   Code   RO          122    i.I2C_SendData      i2c.o
    0x080007f0   0x080007f0   0x0000003c   Code   RO          123    i.I2C_Start         i2c.o
    0x0800082c   0x0800082c   0x00000016   Code   RO          124    i.I2C_Stop          i2c.o
    0x08000842   0x08000842   0x00000010   Code   RO          125    i.I2C_WaitLineIdle  i2c.o
    0x08000852   0x08000852   0x00000002   PAD
    0x08000854   0x08000854   0x00000184   Code   RO           93    i.System_Clock_Init  sysclock.o
    0x080009d8   0x080009d8   0x00000070   Code   RO            4    i.main              main.o
    0x08000a48   0x08000a48   0x000000a0   Code   RO          195    i.ssd1306_DrawPixel  ssd1306.o
    0x08000ae8   0x08000ae8   0x00000020   Code   RO          197    i.ssd1306_Fill      ssd1306.o
    0x08000b08   0x08000b08   0x000000dc   Code   RO          200    i.ssd1306_Init      ssd1306.o
    0x08000be4   0x08000be4   0x00000002   Code   RO          204    i.ssd1306_Reset     ssd1306.o
    0x08000be6   0x08000be6   0x00000014   Code   RO          205    i.ssd1306_SetContrast  ssd1306.o
    0x08000bfa   0x08000bfa   0x00000002   PAD
    0x08000bfc   0x08000bfc   0x0000000c   Code   RO          206    i.ssd1306_SetCursor  ssd1306.o
    0x08000c08   0x08000c08   0x00000024   Code   RO          207    i.ssd1306_SetDisplayOn  ssd1306.o
    0x08000c2c   0x08000c2c   0x00000038   Code   RO          208    i.ssd1306_UpdateScreen  ssd1306.o
    0x08000c64   0x08000c64   0x000000bc   Code   RO          209    i.ssd1306_WriteChar  ssd1306.o
    0x08000d20   0x08000d20   0x00000020   Code   RO          210    i.ssd1306_WriteCommand  ssd1306.o
    0x08000d40   0x08000d40   0x0000003c   Code   RO          211    i.ssd1306_WriteData  ssd1306.o
    0x08000d7c   0x08000d7c   0x0000002c   Code   RO          212    i.ssd1306_WriteString  ssd1306.o
    0x08000da8   0x08000da8   0x0000000a   Code   RO          662    x$fpl$fpinit        fz_wm.l(fpinit.o)
    0x08000db2   0x08000db2   0x00002e04   Data   RO          344    .constdata          ssd1306_fonts.o
    0x08003bb6   0x08003bb6   0x00000002   PAD
    0x08003bb8   0x08003bb8   0x00000020   Data   RO          730    Region$$Table       anon$$obj.o


    Execution Region RW_IRAM1 (Exec base: 0x20000000, Load base: 0x08003bd8, Size: 0x00000a88, Max: 0x00018000, ABSOLUTE)

    Exec Addr    Load Addr    Size         Type   Attr      Idx    E Section Name        Object

    0x20000000   0x08003bd8   0x00000008   Data   RW          214    .data               ssd1306.o
    0x20000008   0x08003be0   0x00000020   Data   RW          345    .data               ssd1306_fonts.o
    0x20000028        -       0x00000400   Zero   RW          213    .bss                ssd1306.o
    0x20000428        -       0x00000060   Zero   RW          594    .bss                c_w.l(libspace.o)
    0x20000488        -       0x00000200   Zero   RW           84    HEAP                startup_stm32l476xx.o
    0x20000688        -       0x00000400   Zero   RW           83    STACK               startup_stm32l476xx.o


==============================================================================

Image component sizes


      Code (inc. data)   RO Data    RW Data    ZI Data      Debug   Object Name

       726         32          0          0          0       5776   i2c.o
       112         16          0          0          0     319530   main.o
       862         46          0          8       1024       8639   ssd1306.o
         0          0      11780         32          0       1295   ssd1306_fonts.o
       140         48        392          0       1536        912   startup_stm32l476xx.o
       388          8          0          0          0        688   sysclock.o

    ----------------------------------------------------------------------
      2234        150      12206         40       2560     336840   Object Totals
         0          0         32          0          0          0   (incl. Generated)
         6          0          2          0          0          0   (incl. Padding)

    ----------------------------------------------------------------------

      Code (inc. data)   RO Data    RW Data    ZI Data      Debug   Library Member Name

         8          0          0          0          0         68   __main.o
       104          0          0          0          0         84   __printf.o
         0          0          0          0          0          0   __rtentry.o
        12          0          0          0          0          0   __rtentry2.o
         6          0          0          0          0          0   __rtentry4.o
        52          8          0          0          0          0   __scatter.o
        26          0          0          0          0          0   __scatter_copy.o
        28          0          0          0          0          0   __scatter_zi.o
        48          6          0          0          0         96   _printf_char_common.o
         6          0          0          0          0          0   _printf_d.o
       120         16          0          0          0         92   _printf_dec.o
       178          0          0          0          0         88   _printf_intcommon.o
         0          0          0          0          0          0   _printf_percent.o
         4          0          0          0          0          0   _printf_percent_end.o
        10          0          0          0          0         68   _sputc.o
        18          0          0          0          0         80   exit.o
         6          0          0          0          0        152   heapauxi.o
         0          0          0          0          0          0   indicate_semi.o
         2          0          0          0          0          0   libinit.o
         6          0          0          0          0          0   libinit2.o
         2          0          0          0          0          0   libshutdown.o
         2          0          0          0          0          0   libshutdown2.o
         8          4          0          0         96         68   libspace.o
        40          6          0          0          0         84   noretval__2sprintf.o
        78          0          0          0          0         80   rt_memclr_w.o
         2          0          0          0          0          0   rtexit.o
        10          0          0          0          0          0   rtexit2.o
        12          4          0          0          0         68   sys_exit.o
        74          0          0          0          0         80   sys_stackheap_outer.o
         2          0          0          0          0         68   use_no_semi.o
        10          0          0          0          0        116   fpinit.o

    ----------------------------------------------------------------------
       880         44          0          0         96       1292   Library Totals
         6          0          0          0          0          0   (incl. Padding)

    ----------------------------------------------------------------------

      Code (inc. data)   RO Data    RW Data    ZI Data      Debug   Library Name

       864         44          0          0         96       1176   c_w.l
        10          0          0          0          0        116   fz_wm.l

    ----------------------------------------------------------------------
       880         44          0          0         96       1292   Library Totals

    ----------------------------------------------------------------------

==============================================================================


      Code (inc. data)   RO Data    RW Data    ZI Data      Debug   

      3114        194      12206         40       2656     335912   Grand Totals
      3114        194      12206         40       2656     335912   ELF Image Totals
      3114        194      12206         40          0          0   ROM Totals

==============================================================================

    Total RO  Size (Code + RO Data)                15320 (  14.96kB)
    Total RW  Size (RW Data + ZI Data)              2696 (   2.63kB)
    Total ROM Size (Code + RO Data + RW Data)      15360 (  15.00kB)

==============================================================================

