Component: Arm Compiler for Embedded 6.21 Tool: armlink [5ec1fa00]

==============================================================================

Section Cross References

    main.o(.ARM.exidx.text.Keypad_Init) refers to main.o(.text.Keypad_Init) for [Anonymous Symbol]
    main.o(.ARM.exidx.text.keypad_scan) refers to main.o(.text.keypad_scan) for [Anonymous Symbol]
    main.o(.text.main) refers to sysclock.o(.text.System_Clock_Init) for System_Clock_Init
    main.o(.text.main) refers to main.o(.data.SIZE) for SIZE
    main.o(.text.main) refers to i2c.o(.text.I2C_GPIO_init) for I2C_GPIO_init
    main.o(.text.main) refers to i2c.o(.text.I2C_Initialization) for I2C_Initialization
    main.o(.text.main) refers to ssd1306.o(.text.ssd1306_Init) for ssd1306_Init
    main.o(.text.main) refers to main.o(.text.keypad_scan) for keypad_scan
    main.o(.text.main) refers to main.o(.rodata.str1.1) for .L.str
    main.o(.text.main) refers to sprintf.o(.text) for sprintf
    main.o(.text.main) refers to ssd1306.o(.text.ssd1306_Fill) for ssd1306_Fill
    main.o(.text.main) refers to ssd1306.o(.text.ssd1306_SetCursor) for ssd1306_SetCursor
    main.o(.text.main) refers to ssd1306_fonts.o(.data.Font_11x18) for Font_11x18
    main.o(.text.main) refers to ssd1306.o(.text.ssd1306_WriteString) for ssd1306_WriteString
    main.o(.text.main) refers to ssd1306.o(.text.ssd1306_UpdateScreen) for ssd1306_UpdateScreen
    main.o(.ARM.exidx.text.main) refers to main.o(.text.main) for [Anonymous Symbol]
    startup_stm32l476xx.o(STACK) refers (Special) to heapauxi.o(.text) for __use_two_region_memory
    startup_stm32l476xx.o(HEAP) refers (Special) to heapauxi.o(.text) for __use_two_region_memory
    startup_stm32l476xx.o(RESET) refers (Special) to heapauxi.o(.text) for __use_two_region_memory
    startup_stm32l476xx.o(RESET) refers to startup_stm32l476xx.o(STACK) for __initial_sp
    startup_stm32l476xx.o(RESET) refers to startup_stm32l476xx.o(.text) for Reset_Handler
    startup_stm32l476xx.o(RESET) refers to i2c.o(.text.I2C1_EV_IRQHandler) for I2C1_EV_IRQHandler
    startup_stm32l476xx.o(RESET) refers to i2c.o(.text.I2C1_ER_IRQHandler) for I2C1_ER_IRQHandler
    startup_stm32l476xx.o(.text) refers (Special) to heapauxi.o(.text) for __use_two_region_memory
    startup_stm32l476xx.o(.text) refers to __main.o(!!!main) for __main
    startup_stm32l476xx.o(.text) refers to startup_stm32l476xx.o(HEAP) for Heap_Mem
    startup_stm32l476xx.o(.text) refers to startup_stm32l476xx.o(STACK) for Stack_Mem
    sysclock.o(.ARM.exidx.text.System_Clock_Init) refers to sysclock.o(.text.System_Clock_Init) for [Anonymous Symbol]
    i2c.o(.ARM.exidx.text.I2C_GPIO_init) refers to i2c.o(.text.I2C_GPIO_init) for [Anonymous Symbol]
    i2c.o(.ARM.exidx.text.I2C_Initialization) refers to i2c.o(.text.I2C_Initialization) for [Anonymous Symbol]
    i2c.o(.ARM.exidx.text.I2C_Start) refers to i2c.o(.text.I2C_Start) for [Anonymous Symbol]
    i2c.o(.ARM.exidx.text.I2C_Stop) refers to i2c.o(.text.I2C_Stop) for [Anonymous Symbol]
    i2c.o(.ARM.exidx.text.I2C_WaitLineIdle) refers to i2c.o(.text.I2C_WaitLineIdle) for [Anonymous Symbol]
    i2c.o(.text.I2C_SendData) refers to i2c.o(.text.I2C_WaitLineIdle) for I2C_WaitLineIdle
    i2c.o(.text.I2C_SendData) refers to i2c.o(.text.I2C_Start) for I2C_Start
    i2c.o(.text.I2C_SendData) refers to i2c.o(.text.I2C_Stop) for I2C_Stop
    i2c.o(.ARM.exidx.text.I2C_SendData) refers to i2c.o(.text.I2C_SendData) for [Anonymous Symbol]
    i2c.o(.text.I2C_ReceiveData) refers to i2c.o(.text.I2C_WaitLineIdle) for I2C_WaitLineIdle
    i2c.o(.text.I2C_ReceiveData) refers to i2c.o(.text.I2C_Start) for I2C_Start
    i2c.o(.text.I2C_ReceiveData) refers to i2c.o(.text.I2C_Stop) for I2C_Stop
    i2c.o(.ARM.exidx.text.I2C_ReceiveData) refers to i2c.o(.text.I2C_ReceiveData) for [Anonymous Symbol]
    i2c.o(.ARM.exidx.text.I2C1_EV_IRQHandler) refers to i2c.o(.text.I2C1_EV_IRQHandler) for [Anonymous Symbol]
    i2c.o(.ARM.exidx.text.I2C1_ER_IRQHandler) refers to i2c.o(.text.I2C1_ER_IRQHandler) for [Anonymous Symbol]
    ssd1306.o(.ARM.exidx.text.ssd1306_Reset) refers to ssd1306.o(.text.ssd1306_Reset) for [Anonymous Symbol]
    ssd1306.o(.text.ssd1306_WriteCommand) refers to i2c.o(.text.I2C_SendData) for I2C_SendData
    ssd1306.o(.ARM.exidx.text.ssd1306_WriteCommand) refers to ssd1306.o(.text.ssd1306_WriteCommand) for [Anonymous Symbol]
    ssd1306.o(.text.ssd1306_WriteData) refers to i2c.o(.text.I2C_SendData) for I2C_SendData
    ssd1306.o(.ARM.exidx.text.ssd1306_WriteData) refers to ssd1306.o(.text.ssd1306_WriteData) for [Anonymous Symbol]
    ssd1306.o(.text.ssd1306_FillBuffer) refers to ssd1306.o(.bss.SSD1306_Buffer) for SSD1306_Buffer
    ssd1306.o(.text.ssd1306_FillBuffer) refers to rt_memcpy_v6.o(.text) for __aeabi_memcpy
    ssd1306.o(.ARM.exidx.text.ssd1306_FillBuffer) refers to ssd1306.o(.text.ssd1306_FillBuffer) for [Anonymous Symbol]
    ssd1306.o(.text.ssd1306_Init) refers to ssd1306.o(.text.ssd1306_Reset) for ssd1306_Reset
[...]
    ../clib/printf.c                         0x00000000   Number         0  _printf_oct_int_ll.o ABSOLUTE
    ../clib/printf.c                         0x00000000   Number         0  _printf_hex_ll.o ABSOLUTE
    ../clib/printf.c                         0x00000000   Number         0  _printf_hex_int.o ABSOLUTE
    ../clib/printf.c                         0x00000000   Number         0  _printf_hex_int_ll.o ABSOLUTE
    ../clib/printf.c                         0x00000000   Number         0  _printf_hex_ptr.o ABSOLUTE
    ../clib/printf.c                         0x00000000   Number         0  _printf_hex_int_ptr.o ABSOLUTE
    ../clib/printf.c                         0x00000000   Number         0  _printf_hex_ll_ptr.o ABSOLUTE
    ../clib/printf.c                         0x00000000   Number         0  _printf_hex_int_ll_ptr.o ABSOLUTE
    ../clib/printf.c                         0x00000000   Number         0  __printf_flags.o ABSOLUTE
    ../clib/printf.c                         0x00000000   Number         0  __printf_ss.o ABSOLUTE
    ../clib/printf.c                         0x00000000   Number         0  __printf_flags_ss.o ABSOLUTE
    ../clib/printf.c                         0x00000000   Number         0  __printf_wp.o ABSOLUTE
    ../clib/printf.c                         0x00000000   Number         0  __printf_flags_wp.o ABSOLUTE
    ../clib/printf.c                         0x00000000   Number         0  __printf_ss_wp.o ABSOLUTE
    ../clib/printf.c                         0x00000000   Number         0  __printf_flags_ss_wp.o ABSOLUTE
    ../clib/printf.c                         0x00000000   Number         0  _printf_intcommon.o ABSOLUTE
    ../clib/printf.c                         0x00000000   Number         0  _printf_fp_dec.o ABSOLUTE
    ../clib/printf.c                         0x00000000   Number         0  _printf_fp_dec_accurate.o ABSOLUTE
    ../clib/printf.c                         0x00000000   Number         0  _printf_fp_hex.o ABSOLUTE
    ../clib/printf.c                         0x00000000   Number         0  __printf_nopercent.o ABSOLUTE
    ../clib/printf.c                         0x00000000   Number         0  _printf_char.o ABSOLUTE
    ../clib/printf.c                         0x00000000   Number         0  _printf_wchar.o ABSOLUTE
    ../clib/printf.c                         0x00000000   Number         0  _printf_fp_infnan.o ABSOLUTE
    ../clib/printf_percent.s                 0x00000000   Number         0  _printf_c.o ABSOLUTE
    ../clib/printf_percent.s                 0x00000000   Number         0  _printf_s.o ABSOLUTE
    ../clib/printf_percent.s                 0x00000000   Number         0  _printf_n.o ABSOLUTE
    ../clib/printf_percent.s                 0x00000000   Number         0  _printf_x.o ABSOLUTE
    ../clib/printf_percent.s                 0x00000000   Number         0  _printf_p.o ABSOLUTE
    ../clib/printf_percent.s                 0x00000000   Number         0  _printf_o.o ABSOLUTE
    ../clib/printf_percent.s                 0x00000000   Number         0  _printf_i.o ABSOLUTE
    ../clib/printf_percent.s                 0x00000000   Number         0  _printf_d.o ABSOLUTE
    ../clib/printf_percent.s                 0x00000000   Number         0  _printf_u.o ABSOLUTE
    ../clib/printf_percent.s                 0x00000000   Number         0  _printf_f.o ABSOLUTE
    ../clib/printf_percent.s                 0x00000000   Number         0  _printf_e.o ABSOLUTE
    ../clib/printf_percent.s                 0x00000000   Number         0  _printf_g.o ABSOLUTE
    ../clib/printf_percent.s                 0x00000000   Number         0  _printf_a.o ABSOLUTE
    ../clib/printf_percent.s                 0x00000000   Number         0  _printf_percent.o ABSOLUTE
    ../clib/printf_percent.s                 0x00000000   Number         0  _printf_lli.o ABSOLUTE
    ../clib/printf_percent.s                 0x00000000   Number         0  _printf_lld.o ABSOLUTE
    ../clib/printf_percent.s                 0x00000000   Number         0  _printf_llu.o ABSOLUTE
    ../clib/printf_percent.s                 0x00000000   Number         0  _printf_ll.o ABSOLUTE
    ../clib/printf_percent.s                 0x00000000   Number         0  _printf_l.o ABSOLUTE
    ../clib/printf_percent.s                 0x00000000   Number         0  _printf_lc.o ABSOLUTE
    ../clib/printf_percent.s                 0x00000000   Number         0  _printf_ls.o ABSOLUTE
    ../clib/printf_percent.s                 0x00000000   Number         0  _printf_llo.o ABSOLUTE
    ../clib/printf_percent.s                 0x00000000   Number         0  _printf_llx.o ABSOLUTE
    ../clib/printf_percent.s                 0x00000000   Number         0  _printf_percent_end.o ABSOLUTE
    ../clib/signal.c                         0x00000000   Number         0  defsig_rtmem_outer.o ABSOLUTE
    ../clib/signal.c                         0x00000000   Number         0  defsig_rtmem_formal.o ABSOLUTE
    ../clib/signal.c                         0x00000000   Number         0  defsig_exit.o ABSOLUTE
    ../clib/signal.c                         0x00000000   Number         0  defsig_rtmem_inner.o ABSOLUTE
    ../clib/signal.c                         0x00000000   Number         0  __raise.o ABSOLUTE
    ../clib/signal.c                         0x00000000   Number         0  defsig_general.o ABSOLUTE
    ../clib/signal.c                         0x00000000   Number         0  defsig_abrt_inner.o ABSOLUTE
    ../clib/signal.c                         0x00000000   Number         0  defsig_fpe_inner.o ABSOLUTE
    ../clib/signal.c                         0x00000000   Number         0  defsig_rtred_inner.o ABSOLUTE
    ../clib/signal.c                         0x00000000   Number         0  defsig_stak_inner.o ABSOLUTE
    ../clib/signal.c                         0x00000000   Number         0  defsig_pvfn_inner.o ABSOLUTE
    ../clib/signal.c                         0x00000000   Number         0  defsig_cppl_inner.o ABSOLUTE
    ../clib/signal.c                         0x00000000   Number         0  defsig_segv_inner.o ABSOLUTE
    ../clib/signal.c                         0x00000000   Number         0  defsig_other.o ABSOLUTE
    ../clib/signal.s                         0x00000000   Number         0  defsig.o ABSOLUTE
    ../clib/stdlib.c                         0x00000000   Number         0  exit.o ABSOLUTE
    ../fplib/basic.s                         0x00000000   Number         0  basic.o ABSOLUTE
    ../fplib/daddsub.s                       0x00000000   Number         0  daddsub_clz.o ABSOLUTE
    ../fplib/ddiv.s                          0x00000000   Number         0  ddiv.o ABSOLUTE
    ../fplib/dfix.s                          0x00000000   Number         0  dfix.o ABSOLUTE
    ../fplib/dflt.s                          0x00000000   Number         0  dflt_clz.o ABSOLUTE
    ../fplib/dmul.s                          0x00000000   Number         0  dmul.o ABSOLUTE
    ../fplib/dnaninf.s                       0x00000000   Number         0  dnaninf.o ABSOLUTE
    ../fplib/dretinf.s                       0x00000000   Number         0  dretinf.o ABSOLUTE
    ../fplib/f2d.s                           0x00000000   Number         0  f2d.o ABSOLUTE
    ../fplib/fnaninf.s                       0x00000000   Number         0  fnaninf.o ABSOLUTE
    ../fplib/fpinit.s                        0x00000000   Number         0  fpinit.o ABSOLUTE
    ../fplib/istatus.s                       0x00000000   Number         0  istatus.o ABSOLUTE
    ../fplib/printf1.s                       0x00000000   Number         0  printf1.o ABSOLUTE
    ../fplib/printf2.s                       0x00000000   Number         0  printf2.o ABSOLUTE
    ../fplib/printf2a.s                      0x00000000   Number         0  printf2a.o ABSOLUTE
    ../fplib/printf2b.s                      0x00000000   Number         0  printf2b.o ABSOLUTE
    ../fplib/usenofp.s                       0x00000000   Number         0  usenofp.o ABSOLUTE
    ../mathlib/cos.c                         0x00000000   Number         0  cos.o ABSOLUTE
    ../mathlib/cos_i.c                       0x00000000   Number         0  cos_i.o ABSOLUTE
    ../mathlib/dunder.c                      0x00000000   Number         0  dunder.o ABSOLUTE
    ../mathlib/fabs.c                        0x00000000   Number         0  fabs.o ABSOLUTE
    ../mathlib/fpclassify.c                  0x00000000   Number         0  fpclassify.o ABSOLUTE
    ../mathlib/poly.c                        0x00000000   Number         0  poly.o ABSOLUTE
    ../mathlib/rred.c                        0x00000000   Number         0  rred.o ABSOLUTE
    ../mathlib/sin.c                         0x00000000   Number         0  sin.o ABSOLUTE
    ../mathlib/sin_i.c                       0x00000000   Number         0  sin_i.o ABSOLUTE
    I2C.c                                    0x00000000   Number         0  i2c.o ABSOLUTE
    SysClock.c                               0x00000000   Number         0  sysclock.o ABSOLUTE
    dc.s                                     0x00000000   Number         0  dc.o ABSOLUTE
    main.c                                   0x00000000   Number         0  main.o ABSOLUTE
    ssd1306.c                                0x00000000   Number         0  ssd1306.o ABSOLUTE
    ssd1306_fonts.c                          0x00000000   Number         0  ssd1306_fonts.o ABSOLUTE
    ssd1306_tests.c                          0x00000000   Number         0  ssd1306_tests.o ABSOLUTE
    startup_stm32l476xx.s                    0x00000000   Number         0  startup_stm32l476xx.o ABSOLUTE
    RESET                                    0x08000000   Section      392  startup_stm32l476xx.o(RESET)
    !!!main                                  0x08000188   Section        8  __main.o(!!!main)
    !!!scatter                               0x08000190   Section       92  __scatter.o(!!!scatter)
    !!handler_copy                           0x080001ec   Section       26  __scatter_copy.o(!!handler_copy)
    !!handler_null                           0x08000208   Section        2  __scatter.o(!!handler_null)
    !!handler_zi                             0x0800020c   Section       28  __scatter_zi.o(!!handler_zi)
    .ARM.Collect$$_printf_percent$$00000000  0x08000228   Section        0  _printf_percent.o(.ARM.Collect$$_printf_percent$$00000000)
    .ARM.Collect$$_printf_percent$$00000001  0x08000228   Section        6  _printf_n.o(.ARM.Collect$$_printf_percent$$00000001)
    .ARM.Collect$$_printf_percent$$00000002  0x0800022e   Section        6  _printf_p.o(.ARM.Collect$$_printf_percent$$00000002)
    .ARM.Collect$$_printf_percent$$00000003  0x08000234   Section        6  _printf_f.o(.ARM.Collect$$_printf_percent$$00000003)
    .ARM.Collect$$_printf_percent$$00000004  0x0800023a   Section        6  _printf_e.o(.ARM.Collect$$_printf_percent$$00000004)
    .ARM.Collect$$_printf_percent$$00000005  0x08000240   Section        6  _printf_g.o(.ARM.Collect$$_printf_percent$$00000005)
    .ARM.Collect$$_printf_percent$$00000006  0x08000246   Section        6  _printf_a.o(.ARM.Collect$$_printf_percent$$00000006)
    .ARM.Collect$$_printf_percent$$00000007  0x0800024c   Section       10  _printf_ll.o(.ARM.Collect$$_printf_percent$$00000007)
    .ARM.Collect$$_printf_percent$$00000008  0x08000256   Section        6  _printf_i.o(.ARM.Collect$$_printf_percent$$00000008)
    .ARM.Collect$$_printf_percent$$00000009  0x0800025c   Section        6  _printf_d.o(.ARM.Collect$$_printf_percent$$00000009)
    .ARM.Collect$$_printf_percent$$0000000A  0x08000262   Section        6  _printf_u.o(.ARM.Collect$$_printf_percent$$0000000A)
    .ARM.Collect$$_printf_percent$$0000000B  0x08000268   Section        6  _printf_o.o(.ARM.Collect$$_printf_percent$$0000000B)
    .ARM.Collect$$_printf_percent$$0000000C  0x0800026e   Section        6  _printf_x.o(.ARM.Collect$$_printf_percent$$0000000C)
    .ARM.Collect$$_printf_percent$$0000000D  0x08000274   Section        6  _printf_lli.o(.ARM.Collect$$_printf_percent$$0000000D)
    .ARM.Collect$$_printf_percent$$0000000E  0x0800027a   Section        6  _printf_lld.o(.ARM.Collect$$_printf_percent$$0000000E)
    .ARM.Collect$$_printf_percent$$0000000F  0x08000280   Section        6  _printf_llu.o(.ARM.Collect$$_printf_percent$$0000000F)
    .ARM.Collect$$_printf_percent$$00000010  0x08000286   Section        6  _printf_llo.o(.ARM.Collect$$_printf_percent$$00000010)
    .ARM.Collect$$_printf_percent$$00000011  0x0800028c   Section        6  _printf_llx.o(.ARM.Collect$$_printf_percent$$00000011)
    .ARM.Collect$$_printf_percent$$00000012  0x08000292   Section       10  _printf_l.o(.ARM.Collect$$_printf_percent$$00000012)
    .ARM.Collect$$_printf_percent$$00000013  0x0800029c   Section        6  _printf_c.o(.ARM.Collect$$_printf_percent$$00000013)
    .ARM.Collect$$_printf_percent$$00000014  0x080002a2   Section        6  _printf_s.o(.ARM.Collect$$_printf_percent$$00000014)
    .ARM.Collect$$_printf_percent$$00000015  0x080002a8   Section        6  _printf_lc.o(.ARM.Collect$$_printf_percent$$00000015)
    .ARM.Collect$$_printf_percent$$00000016  0x080002ae   Section        6  _printf_ls.o(.ARM.Collect$$_printf_percent$$00000016)
    .ARM.Collect$$_printf_percent$$00000017  0x080002b4   Section        4  _printf_percent_end.o(.ARM.Collect$$_printf_percent$$00000017)
    .ARM.Collect$$libinit$$00000000          0x080002b8   Section        2  libinit.o(.ARM.Collect$$libinit$$00000000)
    .ARM.Collect$$libinit$$00000001          0x080002ba   Section        4  libinit2.o(.ARM.Collect$$libinit$$00000001)
    .ARM.Collect$$libinit$$00000004          0x080002be   Section        0  libinit2.o(.ARM.Collect$$libinit$$00000004)
    .ARM.Collect$$libinit$$00000006          0x080002be   Section        0  libinit2.o(.ARM.Collect$$libinit$$00000006)
    .ARM.Collect$$libinit$$0000000C          0x080002be   Section        0  libinit2.o(.ARM.Collect$$libinit$$0000000C)
    .ARM.Collect$$libinit$$0000000E          0x080002be   Section        0  libinit2.o(.ARM.Collect$$libinit$$0000000E)
    .ARM.Collect$$libinit$$00000010          0x080002be   Section        0  libinit2.o(.ARM.Collect$$libinit$$00000010)
    .ARM.Collect$$libinit$$00000011          0x080002be   Section        6  libinit2.o(.ARM.Collect$$libinit$$00000011)
    .ARM.Collect$$libinit$$00000013          0x080002c4   Section        0  libinit2.o(.ARM.Collect$$libinit$$00000013)
    .ARM.Collect$$libinit$$00000014          0x080002c4   Section       12  libinit2.o(.ARM.Collect$$libinit$$00000014)
    .ARM.Collect$$libinit$$00000015          0x080002d0   Section        0  libinit2.o(.ARM.Collect$$libinit$$00000015)
    .ARM.Collect$$libinit$$00000017          0x080002d0   Section        0  libinit2.o(.ARM.Collect$$libinit$$00000017)
    .ARM.Collect$$libinit$$00000018          0x080002d0   Section       10  libinit2.o(.ARM.Collect$$libinit$$00000018)
    .ARM.Collect$$libinit$$00000019          0x080002da   Section        0  libinit2.o(.ARM.Collect$$libinit$$00000019)
    .ARM.Collect$$libinit$$0000001B          0x080002da   Section        0  libinit2.o(.ARM.Collect$$libinit$$0000001B)
    .ARM.Collect$$libinit$$0000001D          0x080002da   Section        0  libinit2.o(.ARM.Collect$$libinit$$0000001D)
    .ARM.Collect$$libinit$$0000001F          0x080002da   Section        0  libinit2.o(.ARM.Collect$$libinit$$0000001F)
    .ARM.Collect$$libinit$$00000021          0x080002da   Section        0  libinit2.o(.ARM.Collect$$libinit$$00000021)
    .ARM.Collect$$libinit$$00000023          0x080002da   Section        0  libinit2.o(.ARM.Collect$$libinit$$00000023)
    .ARM.Collect$$libinit$$00000025          0x080002da   Section        0  libinit2.o(.ARM.Collect$$libinit$$00000025)
    .ARM.Collect$$libinit$$00000027          0x080002da   Section        0  libinit2.o(.ARM.Collect$$libinit$$00000027)
    .ARM.Collect$$libinit$$0000002E          0x080002da   Section        0  libinit2.o(.ARM.Collect$$libinit$$0000002E)
    .ARM.Collect$$libinit$$00000030          0x080002da   Section        0  libinit2.o(.ARM.Collect$$libinit$$00000030)
    .ARM.Collect$$libinit$$00000032          0x080002da   Section        0  libinit2.o(.ARM.Collect$$libinit$$00000032)
    .ARM.Collect$$libinit$$00000034          0x080002da   Section        0  libinit2.o(.ARM.Collect$$libinit$$00000034)
    .ARM.Collect$$libinit$$00000035          0x080002da   Section        2  libinit2.o(.ARM.Collect$$libinit$$00000035)
    .ARM.Collect$$libshutdown$$00000000      0x080002dc   Section        2  libshutdown.o(.ARM.Collect$$libshutdown$$00000000)
    .ARM.Collect$$libshutdown$$00000002      0x080002de   Section        0  libshutdown2.o(.ARM.Collect$$libshutdown$$00000002)
    .ARM.Collect$$libshutdown$$00000004      0x080002de   Section        0  libshutdown2.o(.ARM.Collect$$libshutdown$$00000004)
    .ARM.Collect$$libshutdown$$00000007      0x080002de   Section        0  libshutdown2.o(.ARM.Collect$$libshutdown$$00000007)
    .ARM.Collect$$libshutdown$$0000000A      0x080002de   Section        0  libshutdown2.o(.ARM.Collect$$libshutdown$$0000000A)
    .ARM.Collect$$libshutdown$$0000000C      0x080002de   Section        0  libshutdown2.o(.ARM.Collect$$libshutdown$$0000000C)
    .ARM.Collect$$libshutdown$$0000000F      0x080002de   Section        0  libshutdown2.o(.ARM.Collect$$libshutdown$$0000000F)
    .ARM.Collect$$libshutdown$$00000010      0x080002de   Section        2  libshutdown2.o(.ARM.Collect$$libshutdown$$00000010)
    .ARM.Collect$$rtentry$$00000000          0x080002e0   Section        0  __rtentry.o(.ARM.Collect$$rtentry$$00000000)
    .ARM.Collect$$rtentry$$00000002          0x080002e0   Section        0  __rtentry2.o(.ARM.Collect$$rtentry$$00000002)
    .ARM.Collect$$rtentry$$00000004          0x080002e0   Section        6  __rtentry4.o(.ARM.Collect$$rtentry$$00000004)
    .ARM.Collect$$rtentry$$00000009          0x080002e6   Section        0  __rtentry2.o(.ARM.Collect$$rtentry$$00000009)
    .ARM.Collect$$rtentry$$0000000A          0x080002e6   Section        4  __rtentry2.o(.ARM.Collect$$rtentry$$0000000A)
    .ARM.Collect$$rtentry$$0000000C          0x080002ea   Section        0  __rtentry2.o(.ARM.Collect$$rtentry$$0000000C)
    .ARM.Collect$$rtentry$$0000000D          0x080002ea   Section        8  __rtentry2.o(.ARM.Collect$$rtentry$$0000000D)
    .ARM.Collect$$rtexit$$00000000           0x080002f2   Section        2  rtexit.o(.ARM.Collect$$rtexit$$00000000)
    .ARM.Collect$$rtexit$$00000002           0x080002f4   Section        0  rtexit2.o(.ARM.Collect$$rtexit$$00000002)
    .ARM.Collect$$rtexit$$00000003           0x080002f4   Section        4  rtexit2.o(.ARM.Collect$$rtexit$$00000003)
    .ARM.Collect$$rtexit$$00000004           0x080002f8   Section        6  rtexit2.o(.ARM.Collect$$rtexit$$00000004)
    $v0                                      0x08000300   Number         0  startup_stm32l476xx.o(.text)
    .text                                    0x08000300   Section      140  startup_stm32l476xx.o(.text)
    .text                                    0x0800038c   Section        0  sprintf.o(.text)
    .text                                    0x080003b8   Section        0  heapauxi.o(.text)
    .text                                    0x080003be   Section        0  _printf_pad.o(.text)
    .text                                    0x0800040c   Section        0  _printf_truncate.o(.text)
    .text                                    0x08000430   Section        0  _printf_str.o(.text)
    .text                                    0x08000484   Section        0  _printf_dec.o(.text)
    .text                                    0x080004fc   Section        0  _printf_charcount.o(.text)
    _printf_input_char                       0x08000525   Thumb Code    10  _printf_char_common.o(.text)
    .text                                    0x08000524   Section        0  _printf_char_common.o(.text)
    .text                                    0x08000554   Section        0  _sputc.o(.text)
    .text                                    0x08000560   Section        0  _printf_wctomb.o(.text)
    .text                                    0x08000624   Section        0  _printf_longlong_dec.o(.text)
    _printf_longlong_oct_internal            0x080006a1   Thumb Code     0  _printf_oct_int_ll.o(.text)
    .text                                    0x080006a0   Section        0  _printf_oct_int_ll.o(.text)
    _printf_hex_common                       0x08000711   Thumb Code     0  _printf_hex_int_ll_ptr.o(.text)
    .text                                    0x08000710   Section        0  _printf_hex_int_ll_ptr.o(.text)
    .text                                    0x080007a4   Section        0  __printf_flags_ss_wp.o(.text)
    .text                                    0x08000932   Section      138  lludiv10.o(.text)
    .text                                    0x080009bc   Section        0  _printf_intcommon.o(.text)
    _fp_digits                               0x08000a6f   Thumb Code   432  _printf_fp_dec.o(.text)
    .text                                    0x08000a6e   Section        0  _printf_fp_dec.o(.text)
    .text                                    0x08000e90   Section        0  _printf_fp_hex.o(.text)
    .text                                    0x08001192   Section        0  _printf_char.o(.text)
    .text                                    0x080011be   Section        0  _printf_wchar.o(.text)
    .text                                    0x080011ea   Section        0  _c16rtomb.o(.text)
    .text                                    0x08001234   Section        8  libspace.o(.text)
    .text                                    0x0800123c   Section       74  sys_stackheap_outer.o(.text)
    .text                                    0x08001288   Section       16  rt_ctype_table.o(.text)
    .text                                    0x08001298   Section        8  rt_locale_intlibspace.o(.text)
    .text                                    0x080012a0   Section        0  _printf_fp_infnan.o(.text)
    .text                                    0x08001320   Section        0  bigflt0.o(.text)
    .text                                    0x08001404   Section        0  exit.o(.text)
    .text                                    0x08001418   Section      124  strcmpv7em.o(.text)
    .text                                    0x08001494   Section        0  sys_exit.o(.text)
    .text                                    0x080014a0   Section        2  use_no_semi.o(.text)
    .text                                    0x080014a2   Section        0  indicate_semi.o(.text)
    [Anonymous Symbol]                       0x080014a4   Section        0  i2c.o(.text.I2C1_ER_IRQHandler)
    [Anonymous Symbol]                       0x080014a8   Section        0  i2c.o(.text.I2C1_EV_IRQHandler)
    [Anonymous Symbol]                       0x080014ac   Section        0  i2c.o(.text.I2C_GPIO_init)
    [Anonymous Symbol]                       0x08001530   Section        0  i2c.o(.text.I2C_Initialization)
    [Anonymous Symbol]                       0x080016f0   Section        0  i2c.o(.text.I2C_SendData)
    [Anonymous Symbol]                       0x080017cc   Section        0  i2c.o(.text.I2C_Start)
    [Anonymous Symbol]                       0x08001838   Section        0  i2c.o(.text.I2C_Stop)
    [Anonymous Symbol]                       0x0800185c   Section        0  i2c.o(.text.I2C_WaitLineIdle)
    [Anonymous Symbol]                       0x08001874   Section        0  sysclock.o(.text.System_Clock_Init)
    [Anonymous Symbol]                       0x08001a48   Section        0  main.o(.text.keypad_scan)
    [Anonymous Symbol]                       0x08001c38   Section        0  main.o(.text.main)
    [Anonymous Symbol]                       0x08001d3c   Section        0  ssd1306.o(.text.ssd1306_DrawPixel)
    [Anonymous Symbol]                       0x08001de4   Section        0  ssd1306.o(.text.ssd1306_Fill)
    [Anonymous Symbol]                       0x08001e20   Section        0  ssd1306.o(.text.ssd1306_Init)
    [Anonymous Symbol]                       0x08001f10   Section        0  ssd1306.o(.text.ssd1306_Reset)
    [Anonymous Symbol]                       0x08001f14   Section        0  ssd1306.o(.text.ssd1306_SetContrast)
    [Anonymous Symbol]                       0x08001f34   Section        0  ssd1306.o(.text.ssd1306_SetCursor)
    [Anonymous Symbol]                       0x08001f58   Section        0  ssd1306.o(.text.ssd1306_SetDisplayOn)
    [Anonymous Symbol]                       0x08001f9c   Section        0  ssd1306.o(.text.ssd1306_UpdateScreen)
    [Anonymous Symbol]                       0x08001ff4   Section        0  ssd1306.o(.text.ssd1306_WriteChar)
    [Anonymous Symbol]                       0x08002120   Section        0  ssd1306.o(.text.ssd1306_WriteCommand)
    [Anonymous Symbol]                       0x08002150   Section        0  ssd1306.o(.text.ssd1306_WriteData)
    [Anonymous Symbol]                       0x080021bc   Section        0  ssd1306.o(.text.ssd1306_WriteString)
    CL$$btod_d2e                             0x08002212   Section       62  btod.o(CL$$btod_d2e)
    CL$$btod_d2e_denorm_low                  0x08002250   Section       70  btod.o(CL$$btod_d2e_denorm_low)
    CL$$btod_d2e_norm_op1                    0x08002296   Section       96  btod.o(CL$$btod_d2e_norm_op1)
    CL$$btod_div_common                      0x080022f8   Section      824  btod.o(CL$$btod_div_common)
    CL$$btod_e2e                             0x08002630   Section      220  btod.o(CL$$btod_e2e)
    CL$$btod_ediv                            0x0800270c   Section       42  btod.o(CL$$btod_ediv)
    CL$$btod_emul                            0x08002736   Section       42  btod.o(CL$$btod_emul)
    CL$$btod_mult_common                     0x08002760   Section      580  btod.o(CL$$btod_mult_common)
    i.__ARM_fpclassify                       0x080029a4   Section        0  fpclassify.o(i.__ARM_fpclassify)
    i._is_digit                              0x080029d4   Section        0  __printf_wp.o(i._is_digit)
    locale$$code                             0x080029e4   Section       44  lc_numeric_c.o(locale$$code)
    locale$$code                             0x08002a10   Section       44  lc_ctype_c.o(locale$$code)
    $v0                                      0x08002a3c   Number         0  fpinit.o(x$fpl$fpinit)
    x$fpl$fpinit                             0x08002a3c   Section       26  fpinit.o(x$fpl$fpinit)
    $v0                                      0x08002a56   Number         0  printf1.o(x$fpl$printf1)
    x$fpl$printf1                            0x08002a56   Section        4  printf1.o(x$fpl$printf1)
    $v0                                      0x08002a5a   Number         0  printf2.o(x$fpl$printf2)
    x$fpl$printf2                            0x08002a5a   Section        4  printf2.o(x$fpl$printf2)
    x$fpl$usenofp                            0x08002a5e   Section        0  usenofp.o(x$fpl$usenofp)
    initial_mbstate                          0x08002a60   Data           8  _printf_wctomb.o(.constdata)
    .constdata                               0x08002a60   Section        8  _printf_wctomb.o(.constdata)
    uc_hextab                                0x08002a68   Data          20  _printf_hex_int_ll_ptr.o(.constdata)
    .constdata                               0x08002a68   Section       40  _printf_hex_int_ll_ptr.o(.constdata)
    lc_hextab                                0x08002a7c   Data          20  _printf_hex_int_ll_ptr.o(.constdata)
    maptable                                 0x08002a90   Data          17  __printf_flags_ss_wp.o(.constdata)
    .constdata                               0x08002a90   Section       17  __printf_flags_ss_wp.o(.constdata)
    lc_hextab                                0x08002aa1   Data          19  _printf_fp_hex.o(.constdata)
    .constdata                               0x08002aa1   Section       38  _printf_fp_hex.o(.constdata)
    uc_hextab                                0x08002ab4   Data          19  _printf_fp_hex.o(.constdata)
    tenpwrs_x                                0x08002ac8   Data          60  bigflt0.o(.constdata)
    .constdata                               0x08002ac8   Section      148  bigflt0.o(.constdata)
    tenpwrs_i                                0x08002b04   Data          64  bigflt0.o(.constdata)
    Font11x18                                0x08002b5c   Data        3420  ssd1306_fonts.o(.rodata.Font11x18)
    [Anonymous Symbol]                       0x08002b5c   Section        0  ssd1306_fonts.o(.rodata.Font11x18)
    .L.str                                   0x080038b8   Data           3  main.o(.rodata.str1.1)
    [Anonymous Symbol]                       0x080038b8   Section        0  main.o(.rodata.str1.1)
    locale$$data                             0x080038dc   Section       28  lc_numeric_c.o(locale$$data)
    __lcnum_c_name                           0x080038e0   Data           2  lc_numeric_c.o(locale$$data)
    __lcnum_c_start                          0x080038e8   Data           0  lc_numeric_c.o(locale$$data)
    __lcnum_c_point                          0x080038f4   Data           0  lc_numeric_c.o(locale$$data)
    __lcnum_c_thousands                      0x080038f6   Data           0  lc_numeric_c.o(locale$$data)
    __lcnum_c_grouping                       0x080038f7   Data           0  lc_numeric_c.o(locale$$data)
    __lcnum_c_end                            0x080038f8   Data           0  lc_numeric_c.o(locale$$data)
    locale$$data                             0x080038f8   Section      272  lc_ctype_c.o(locale$$data)
    __lcctype_c_name                         0x080038fc   Data           2  lc_ctype_c.o(locale$$data)
    __lcctype_c_start                        0x08003904   Data           0  lc_ctype_c.o(locale$$data)
    __lcctype_c_end                          0x08003a08   Data           0  lc_ctype_c.o(locale$$data)
    .bss                                     0x20000010   Section       96  libspace.o(.bss)
    SSD1306                                  0x20000070   Data           8  ssd1306.o(.bss.SSD1306)
    [Anonymous Symbol]                       0x20000070   Section        0  ssd1306.o(.bss.SSD1306)
    SSD1306_Buffer                           0x20000078   Data        1024  ssd1306.o(.bss.SSD1306_Buffer)
    [Anonymous Symbol]                       0x20000078   Section        0  ssd1306.o(.bss.SSD1306_Buffer)
    Heap_Mem                                 0x20000478   Data         512  startup_stm32l476xx.o(HEAP)
    HEAP                                     0x20000478   Section      512  startup_stm32l476xx.o(HEAP)
    Stack_Mem                                0x20000678   Data        1024  startup_stm32l476xx.o(STACK)
    STACK                                    0x20000678   Section     1024  startup_stm32l476xx.o(STACK)
    __initial_sp                             0x20000a78   Data           0  startup_stm32l476xx.o(STACK)

    Global Symbols

    Symbol Name                              Value     Ov Type        Size  Object(Section)

    BuildAttributes$$THM_ISAv4$E$P$D$K$B$S$7EM$VFPi3$EXTD16$VFPS$VFMA$PE$A:L22UL41UL21$X:L11$S22US41US21$IEEE1$IW$~IW$USESV6$~STKCKD$USESV7$~SHL$OTIME$ROPI$IEEEX$EBA8$UX$STANDARDLIB$REQ8$PRES8$EABIv2 0x00000000   Number         0  anon$$obj.o ABSOLUTE
    Image$$ER_IROM1$$RW$$Length              0x00000000   Number         0  anon$$obj.o ABSOLUTE
    Image$$ER_IROM1$$ZI$$Length              0x00000000   Number         0  anon$$obj.o ABSOLUTE
    Image$$RW_IRAM1$$RO$$Length              0x00000000   Number         0  anon$$obj.o ABSOLUTE
    _printf_flags                            0x00000000   Number         0  printf_stubs.o ABSOLUTE
    _printf_return_value                     0x00000000   Number         0  printf_stubs.o ABSOLUTE
    _printf_sizespec                         0x00000000   Number         0  printf_stubs.o ABSOLUTE
    _printf_widthprec                        0x00000000   Number         0  printf_stubs.o ABSOLUTE
    __ARM_exceptions_init                     - Undefined Weak Reference
    __alloca_initialize                       - Undefined Weak Reference
    __arm_preinit_                            - Undefined Weak Reference
    __arm_relocate_pie_                       - Undefined Weak Reference
    __cpp_initialize__aeabi_                  - Undefined Weak Reference
    __cxa_finalize                            - Undefined Weak Reference
    __sigvec_lookup                           - Undefined Weak Reference
    _atexit_init                              - Undefined Weak Reference
    _call_atexit_fns                          - Undefined Weak Reference
    _clock_init                               - Undefined Weak Reference
    _fp_trap_init                             - Undefined Weak Reference
    _fp_trap_shutdown                         - Undefined Weak Reference
    _get_lc_collate                           - Undefined Weak Reference
    _get_lc_monetary                          - Undefined Weak Reference
    _get_lc_time                              - Undefined Weak Reference
    _getenv_init                              - Undefined Weak Reference
    _handle_redirection                       - Undefined Weak Reference
    _init_alloc                               - Undefined Weak Reference
    _init_user_alloc                          - Undefined Weak Reference
    _initio                                   - Undefined Weak Reference
    _printf_mbtowc                            - Undefined Weak Reference
    _printf_wc                                - Undefined Weak Reference
    _rand_init                                - Undefined Weak Reference
    _signal_finish                            - Undefined Weak Reference
    _signal_init                              - Undefined Weak Reference
    _terminate_alloc                          - Undefined Weak Reference
    _terminate_user_alloc                     - Undefined Weak Reference
    _terminateio                              - Undefined Weak Reference
    Image$$RW_IRAM1$$Length                  0x00000010   Number         0  anon$$obj.o ABSOLUTE
    Image$$RW_IRAM1$$RW$$Length              0x00000010   Number         0  anon$$obj.o ABSOLUTE
    __Vectors_Size                           0x00000188   Number         0  startup_stm32l476xx.o ABSOLUTE
    Image$$RW_IRAM1$$ZI$$Length              0x00000a68   Number         0  anon$$obj.o ABSOLUTE
    Image$$ER_IROM1$$RO$$Length              0x00003a08   Number         0  anon$$obj.o ABSOLUTE
    Image$$ER_IROM1$$RO$$Base                0x08000000   Number         0  anon$$obj.o ABSOLUTE
    Load$$ER_IROM1$$Base                     0x08000000   Number         0  anon$$obj.o ABSOLUTE
    __Vectors                                0x08000000   Data           4  startup_stm32l476xx.o(RESET)
    __Vectors_End                            0x08000188   Data           0  startup_stm32l476xx.o(RESET)
    __main                                   0x08000189   Thumb Code     8  __main.o(!!!main)
    __scatterload                            0x08000191   Thumb Code     0  __scatter.o(!!!scatter)
    __scatterload_rt2                        0x08000191   Thumb Code    84  __scatter.o(!!!scatter)
    __scatterload_rt2_thumb_only             0x08000191   Thumb Code     0  __scatter.o(!!!scatter)
    __scatterload_loop                       0x0800019b   Thumb Code     0  __scatter.o(!!!scatter)
    __scatterload_copy                       0x080001ed   Thumb Code    26  __scatter_copy.o(!!handler_copy)
    __scatterload_null                       0x08000209   Thumb Code     2  __scatter.o(!!handler_null)
    __scatterload_zeroinit                   0x0800020d   Thumb Code    28  __scatter_zi.o(!!handler_zi)
    _printf_n                                0x08000229   Thumb Code     0  _printf_n.o(.ARM.Collect$$_printf_percent$$00000001)
    _printf_percent                          0x08000229   Thumb Code     0  _printf_percent.o(.ARM.Collect$$_printf_percent$$00000000)
    _printf_p                                0x0800022f   Thumb Code     0  _printf_p.o(.ARM.Collect$$_printf_percent$$00000002)
    _printf_f                                0x08000235   Thumb Code     0  _printf_f.o(.ARM.Collect$$_printf_percent$$00000003)
    _printf_e                                0x0800023b   Thumb Code     0  _printf_e.o(.ARM.Collect$$_printf_percent$$00000004)
    _printf_g                                0x08000241   Thumb Code     0  _printf_g.o(.ARM.Collect$$_printf_percent$$00000005)
    _printf_a                                0x08000247   Thumb Code     0  _printf_a.o(.ARM.Collect$$_printf_percent$$00000006)
    _printf_ll                               0x0800024d   Thumb Code     0  _printf_ll.o(.ARM.Collect$$_printf_percent$$00000007)
    _printf_i                                0x08000257   Thumb Code     0  _printf_i.o(.ARM.Collect$$_printf_percent$$00000008)
    _printf_d                                0x0800025d   Thumb Code     0  _printf_d.o(.ARM.Collect$$_printf_percent$$00000009)
    _printf_u                                0x08000263   Thumb Code     0  _printf_u.o(.ARM.Collect$$_printf_percent$$0000000A)
    _printf_o                                0x08000269   Thumb Code     0  _printf_o.o(.ARM.Collect$$_printf_percent$$0000000B)
    _printf_x                                0x0800026f   Thumb Code     0  _printf_x.o(.ARM.Collect$$_printf_percent$$0000000C)
    _printf_lli                              0x08000275   Thumb Code     0  _printf_lli.o(.ARM.Collect$$_printf_percent$$0000000D)
    _printf_lld                              0x0800027b   Thumb Code     0  _printf_lld.o(.ARM.Collect$$_printf_percent$$0000000E)
    _printf_llu                              0x08000281   Thumb Code     0  _printf_llu.o(.ARM.Collect$$_printf_percent$$0000000F)
    _printf_llo                              0x08000287   Thumb Code     0  _printf_llo.o(.ARM.Collect$$_printf_percent$$00000010)
    _printf_llx                              0x0800028d   Thumb Code     0  _printf_llx.o(.ARM.Collect$$_printf_percent$$00000011)
    _printf_l                                0x08000293   Thumb Code     0  _printf_l.o(.ARM.Collect$$_printf_percent$$00000012)
    _printf_c                                0x0800029d   Thumb Code     0  _printf_c.o(.ARM.Collect$$_printf_percent$$00000013)
    _printf_s                                0x080002a3   Thumb Code     0  _printf_s.o(.ARM.Collect$$_printf_percent$$00000014)
    _printf_lc                               0x080002a9   Thumb Code     0  _printf_lc.o(.ARM.Collect$$_printf_percent$$00000015)
    _printf_ls                               0x080002af   Thumb Code     0  _printf_ls.o(.ARM.Collect$$_printf_percent$$00000016)
    _printf_percent_end                      0x080002b5   Thumb Code     0  _printf_percent_end.o(.ARM.Collect$$_printf_percent$$00000017)
    __rt_lib_init                            0x080002b9   Thumb Code     0  libinit.o(.ARM.Collect$$libinit$$00000000)
    __rt_lib_init_fp_1                       0x080002bb   Thumb Code     0  libinit2.o(.ARM.Collect$$libinit$$00000001)
    __rt_lib_init_heap_1                     0x080002bf   Thumb Code     0  libinit2.o(.ARM.Collect$$libinit$$0000000C)
    __rt_lib_init_lc_common                  0x080002bf   Thumb Code     0  libinit2.o(.ARM.Collect$$libinit$$00000011)
    __rt_lib_init_preinit_1                  0x080002bf   Thumb Code     0  libinit2.o(.ARM.Collect$$libinit$$00000006)
    __rt_lib_init_rand_1                     0x080002bf   Thumb Code     0  libinit2.o(.ARM.Collect$$libinit$$00000010)
    __rt_lib_init_relocate_pie_1             0x080002bf   Thumb Code     0  libinit2.o(.ARM.Collect$$libinit$$00000004)
    __rt_lib_init_user_alloc_1               0x080002bf   Thumb Code     0  libinit2.o(.ARM.Collect$$libinit$$0000000E)
    __rt_lib_init_lc_collate_1               0x080002c5   Thumb Code     0  libinit2.o(.ARM.Collect$$libinit$$00000013)
    __rt_lib_init_lc_ctype_2                 0x080002c5   Thumb Code     0  libinit2.o(.ARM.Collect$$libinit$$00000014)
    __rt_lib_init_lc_ctype_1                 0x080002d1   Thumb Code     0  libinit2.o(.ARM.Collect$$libinit$$00000015)
    __rt_lib_init_lc_monetary_1              0x080002d1   Thumb Code     0  libinit2.o(.ARM.Collect$$libinit$$00000017)
    __rt_lib_init_lc_numeric_2               0x080002d1   Thumb Code     0  libinit2.o(.ARM.Collect$$libinit$$00000018)
    __rt_lib_init_alloca_1                   0x080002db   Thumb Code     0  libinit2.o(.ARM.Collect$$libinit$$00000030)
    __rt_lib_init_argv_1                     0x080002db   Thumb Code     0  libinit2.o(.ARM.Collect$$libinit$$0000002E)
    __rt_lib_init_atexit_1                   0x080002db   Thumb Code     0  libinit2.o(.ARM.Collect$$libinit$$0000001D)
    __rt_lib_init_clock_1                    0x080002db   Thumb Code     0  libinit2.o(.ARM.Collect$$libinit$$00000023)
    __rt_lib_init_cpp_1                      0x080002db   Thumb Code     0  libinit2.o(.ARM.Collect$$libinit$$00000034)
    __rt_lib_init_exceptions_1               0x080002db   Thumb Code     0  libinit2.o(.ARM.Collect$$libinit$$00000032)
    __rt_lib_init_fp_trap_1                  0x080002db   Thumb Code     0  libinit2.o(.ARM.Collect$$libinit$$00000021)
    __rt_lib_init_getenv_1                   0x080002db   Thumb Code     0  libinit2.o(.ARM.Collect$$libinit$$00000025)
    __rt_lib_init_lc_numeric_1               0x080002db   Thumb Code     0  libinit2.o(.ARM.Collect$$libinit$$00000019)
    __rt_lib_init_lc_time_1                  0x080002db   Thumb Code     0  libinit2.o(.ARM.Collect$$libinit$$0000001B)
    __rt_lib_init_return                     0x080002db   Thumb Code     0  libinit2.o(.ARM.Collect$$libinit$$00000035)
    __rt_lib_init_signal_1                   0x080002db   Thumb Code     0  libinit2.o(.ARM.Collect$$libinit$$0000001F)
    __rt_lib_init_stdio_1                    0x080002db   Thumb Code     0  libinit2.o(.ARM.Collect$$libinit$$00000027)
    __rt_lib_shutdown                        0x080002dd   Thumb Code     0  libshutdown.o(.ARM.Collect$$libshutdown$$00000000)
    __rt_lib_shutdown_cpp_1                  0x080002df   Thumb Code     0  libshutdown2.o(.ARM.Collect$$libshutdown$$00000002)
    __rt_lib_shutdown_fp_trap_1              0x080002df   Thumb Code     0  libshutdown2.o(.ARM.Collect$$libshutdown$$00000007)
    __rt_lib_shutdown_heap_1                 0x080002df   Thumb Code     0  libshutdown2.o(.ARM.Collect$$libshutdown$$0000000F)
    __rt_lib_shutdown_return                 0x080002df   Thumb Code     0  libshutdown2.o(.ARM.Collect$$libshutdown$$00000010)
    __rt_lib_shutdown_signal_1               0x080002df   Thumb Code     0  libshutdown2.o(.ARM.Collect$$libshutdown$$0000000A)
    __rt_lib_shutdown_stdio_1                0x080002df   Thumb Code     0  libshutdown2.o(.ARM.Collect$$libshutdown$$00000004)
    __rt_lib_shutdown_user_alloc_1           0x080002df   Thumb Code     0  libshutdown2.o(.ARM.Collect$$libshutdown$$0000000C)
    __rt_entry                               0x080002e1   Thumb Code     0  __rtentry.o(.ARM.Collect$$rtentry$$00000000)
    __rt_entry_presh_1                       0x080002e1   Thumb Code     0  __rtentry2.o(.ARM.Collect$$rtentry$$00000002)
    __rt_entry_sh                            0x080002e1   Thumb Code     0  __rtentry4.o(.ARM.Collect$$rtentry$$00000004)
    __rt_entry_li                            0x080002e7   Thumb Code     0  __rtentry2.o(.ARM.Collect$$rtentry$$0000000A)
    __rt_entry_postsh_1                      0x080002e7   Thumb Code     0  __rtentry2.o(.ARM.Collect$$rtentry$$00000009)
    __rt_entry_main                          0x080002eb   Thumb Code     0  __rtentry2.o(.ARM.Collect$$rtentry$$0000000D)
    __rt_entry_postli_1                      0x080002eb   Thumb Code     0  __rtentry2.o(.ARM.Collect$$rtentry$$0000000C)
    __rt_exit                                0x080002f3   Thumb Code     0  rtexit.o(.ARM.Collect$$rtexit$$00000000)
    __rt_exit_ls                             0x080002f5   Thumb Code     0  rtexit2.o(.ARM.Collect$$rtexit$$00000003)
    __rt_exit_prels_1                        0x080002f5   Thumb Code     0  rtexit2.o(.ARM.Collect$$rtexit$$00000002)
    __rt_exit_exit                           0x080002f9   Thumb Code     0  rtexit2.o(.ARM.Collect$$rtexit$$00000004)
    Reset_Handler                            0x08000301   Thumb Code    62  startup_stm32l476xx.o(.text)
    NMI_Handler                              0x0800033f   Thumb Code     2  startup_stm32l476xx.o(.text)
    HardFault_Handler                        0x08000341   Thumb Code     2  startup_stm32l476xx.o(.text)
    MemManage_Handler                        0x08000343   Thumb Code     2  startup_stm32l476xx.o(.text)
    BusFault_Handler                         0x08000345   Thumb Code     2  startup_stm32l476xx.o(.text)
    UsageFault_Handler                       0x08000347   Thumb Code     2  startup_stm32l476xx.o(.text)
    SVC_Handler                              0x08000349   Thumb Code     2  startup_stm32l476xx.o(.text)
    DebugMon_Handler                         0x0800034b   Thumb Code     2  startup_stm32l476xx.o(.text)
    PendSV_Handler                           0x0800034d   Thumb Code     2  startup_stm32l476xx.o(.text)
    SysTick_Handler                          0x0800034f   Thumb Code     2  startup_stm32l476xx.o(.text)
    ADC1_2_IRQHandler                        0x08000351   Thumb Code     0  startup_stm32l476xx.o(.text)
    ADC3_IRQHandler                          0x08000351   Thumb Code     0  startup_stm32l476xx.o(.text)
    CAN1_RX0_IRQHandler                      0x08000351   Thumb Code     0  startup_stm32l476xx.o(.text)
    CAN1_RX1_IRQHandler                      0x08000351   Thumb Code     0  startup_stm32l476xx.o(.text)
    CAN1_SCE_IRQHandler                      0x08000351   Thumb Code     0  startup_stm32l476xx.o(.text)
    CAN1_TX_IRQHandler                       0x08000351   Thumb Code     0  startup_stm32l476xx.o(.text)
    COMP_IRQHandler                          0x08000351   Thumb Code     0  startup_stm32l476xx.o(.text)
    DFSDM0_IRQHandler                        0x08000351   Thumb Code     0  startup_stm32l476xx.o(.text)
    DFSDM1_IRQHandler                        0x08000351   Thumb Code     0  startup_stm32l476xx.o(.text)
    DFSDM2_IRQHandler                        0x08000351   Thumb Code     0  startup_stm32l476xx.o(.text)
    DFSDM3_IRQHandler                        0x08000351   Thumb Code     0  startup_stm32l476xx.o(.text)
    DMA1_Channel1_IRQHandler                 0x08000351   Thumb Code     0  startup_stm32l476xx.o(.text)
    DMA1_Channel2_IRQHandler                 0x08000351   Thumb Code     0  startup_stm32l476xx.o(.text)
    DMA1_Channel3_IRQHandler                 0x08000351   Thumb Code     0  startup_stm32l476xx.o(.text)
    DMA1_Channel4_IRQHandler                 0x08000351   Thumb Code     0  startup_stm32l476xx.o(.text)
    DMA1_Channel5_IRQHandler                 0x08000351   Thumb Code     0  startup_stm32l476xx.o(.text)
    DMA1_Channel6_IRQHandler                 0x08000351   Thumb Code     0  startup_stm32l476xx.o(.text)
    DMA1_Channel7_IRQHandler                 0x08000351   Thumb Code     0  startup_stm32l476xx.o(.text)
    DMA2_Channel1_IRQHandler                 0x08000351   Thumb Code     0  startup_stm32l476xx.o(.text)
    DMA2_Channel2_IRQHandler                 0x08000351   Thumb Code     0  startup_stm32l476xx.o(.text)
    DMA2_Channel3_IRQHandler                 0x08000351   Thumb Code     0  startup_stm32l476xx.o(.text)
    DMA2_Channel4_IRQHandler                 0x08000351   Thumb Code     0  startup_stm32l476xx.o(.text)
    DMA2_Channel5_IRQHandler                 0x08000351   Thumb Code     0  startup_stm32l476xx.o(.text)
    DMA2_Channel6_IRQHandler                 0x08000351   Thumb Code     0  startup_stm32l476xx.o(.text)
    DMA2_Channel7_IRQHandler                 0x08000351   Thumb Code     0  startup_stm32l476xx.o(.text)
    EXTI0_IRQHandler                         0x08000351   Thumb Code     0  startup_stm32l476xx.o(.text)
    EXTI15_10_IRQHandler                     0x08000351   Thumb Code     0  startup_stm32l476xx.o(.text)
    EXTI1_IRQHandler                         0x08000351   Thumb Code     0  startup_stm32l476xx.o(.text)
    EXTI2_IRQHandler                         0x08000351   Thumb Code     0  startup_stm32l476xx.o(.text)
    EXTI3_IRQHandler                         0x08000351   Thumb Code     0  startup_stm32l476xx.o(.text)
    EXTI4_IRQHandler                         0x08000351   Thumb Code     0  startup_stm32l476xx.o(.text)
    EXTI9_5_IRQHandler                       0x08000351   Thumb Code     0  startup_stm32l476xx.o(.text)
    FLASH_IRQHandler                         0x08000351   Thumb Code     0  startup_stm32l476xx.o(.text)
    FMC_IRQHandler                           0x08000351   Thumb Code     0  startup_stm32l476xx.o(.text)
    FPU_IRQHandler                           0x08000351   Thumb Code     0  startup_stm32l476xx.o(.text)
    I2C2_ER_IRQHandler                       0x08000351   Thumb Code     0  startup_stm32l476xx.o(.text)
    I2C2_EV_IRQHandler                       0x08000351   Thumb Code     0  startup_stm32l476xx.o(.text)
    I2C3_ER_IRQHandler                       0x08000351   Thumb Code     0  startup_stm32l476xx.o(.text)
    I2C3_EV_IRQHandler                       0x08000351   Thumb Code     0  startup_stm32l476xx.o(.text)
    LCD_IRQHandler                           0x08000351   Thumb Code     0  startup_stm32l476xx.o(.text)
    LPTIM1_IRQHandler                        0x08000351   Thumb Code     0  startup_stm32l476xx.o(.text)
    LPTIM2_IRQHandler                        0x08000351   Thumb Code     0  startup_stm32l476xx.o(.text)
    LPUART1_IRQHandler                       0x08000351   Thumb Code     0  startup_stm32l476xx.o(.text)
    OTG_FS_IRQHandler                        0x08000351   Thumb Code     0  startup_stm32l476xx.o(.text)
    PVD_PVM_IRQHandler                       0x08000351   Thumb Code     0  startup_stm32l476xx.o(.text)
    QUADSPI_IRQHandler                       0x08000351   Thumb Code     0  startup_stm32l476xx.o(.text)
    RCC_IRQHandler                           0x08000351   Thumb Code     0  startup_stm32l476xx.o(.text)
    RNG_IRQHandler                           0x08000351   Thumb Code     0  startup_stm32l476xx.o(.text)
    RTC_Alarm_IRQHandler                     0x08000351   Thumb Code     0  startup_stm32l476xx.o(.text)
    RTC_WKUP_IRQHandler                      0x08000351   Thumb Code     0  startup_stm32l476xx.o(.text)
    SAI1_IRQHandler                          0x08000351   Thumb Code     0  startup_stm32l476xx.o(.text)
    SAI2_IRQHandler                          0x08000351   Thumb Code     0  startup_stm32l476xx.o(.text)
    SDMMC1_IRQHandler                        0x08000351   Thumb Code     0  startup_stm32l476xx.o(.text)
    SPI1_IRQHandler                          0x08000351   Thumb Code     0  startup_stm32l476xx.o(.text)
    SPI2_IRQHandler                          0x08000351   Thumb Code     0  startup_stm32l476xx.o(.text)
    SPI3_IRQHandler                          0x08000351   Thumb Code     0  startup_stm32l476xx.o(.text)
    SWPMI1_IRQHandler                        0x08000351   Thumb Code     0  startup_stm32l476xx.o(.text)
    TAMP_STAMP_IRQHandler                    0x08000351   Thumb Code     0  startup_stm32l476xx.o(.text)
    TIM1_BRK_TIM15_IRQHandler                0x08000351   Thumb Code     0  startup_stm32l476xx.o(.text)
    TIM1_CC_IRQHandler                       0x08000351   Thumb Code     0  startup_stm32l476xx.o(.text)
    TIM1_TRG_COM_TIM17_IRQHandler            0x08000351   Thumb Code     0  startup_stm32l476xx.o(.text)
    TIM1_UP_TIM16_IRQHandler                 0x08000351   Thumb Code     0  startup_stm32l476xx.o(.text)
    TIM2_IRQHandler                          0x08000351   Thumb Code     0  startup_stm32l476xx.o(.text)
    TIM3_IRQHandler                          0x08000351   Thumb Code     0  startup_stm32l476xx.o(.text)
    TIM4_IRQHandler                          0x08000351   Thumb Code     0  startup_stm32l476xx.o(.text)
    TIM5_IRQHandler                          0x08000351   Thumb Code     0  startup_stm32l476xx.o(.text)
    TIM6_DAC_IRQHandler                      0x08000351   Thumb Code     0  startup_stm32l476xx.o(.text)
    TIM7_IRQHandler                          0x08000351   Thumb Code     0  startup_stm32l476xx.o(.text)
    TIM8_BRK_IRQHandler                      0x08000351   Thumb Code     0  startup_stm32l476xx.o(.text)
    TIM8_CC_IRQHandler                       0x08000351   Thumb Code     0  startup_stm32l476xx.o(.text)
    TIM8_TRG_COM_IRQHandler                  0x08000351   Thumb Code     0  startup_stm32l476xx.o(.text)
    TIM8_UP_IRQHandler                       0x08000351   Thumb Code     0  startup_stm32l476xx.o(.text)
    TSC_IRQHandler                           0x08000351   Thumb Code     0  startup_stm32l476xx.o(.text)
    UART4_IRQHandler                         0x08000351   Thumb Code     0  startup_stm32l476xx.o(.text)
    UART5_IRQHandler                         0x08000351   Thumb Code     0  startup_stm32l476xx.o(.text)
    USART1_IRQHandler                        0x08000351   Thumb Code     0  startup_stm32l476xx.o(.text)
    USART2_IRQHandler                        0x08000351   Thumb Code     0  startup_stm32l476xx.o(.text)
    USART3_IRQHandler                        0x08000351   Thumb Code     0  startup_stm32l476xx.o(.text)
    WWDG_IRQHandler                          0x08000351   Thumb Code     0  startup_stm32l476xx.o(.text)
    __user_initial_stackheap                 0x08000355   Thumb Code     0  startup_stm32l476xx.o(.text)
    sprintf                                  0x0800038d   Thumb Code    38  sprintf.o(.text)
    __use_two_region_memory                  0x080003b9   Thumb Code     2  heapauxi.o(.text)
    __rt_heap_escrow$2region                 0x080003bb   Thumb Code     2  heapauxi.o(.text)
    __rt_heap_expand$2region                 0x080003bd   Thumb Code     2  heapauxi.o(.text)
    _printf_pre_padding                      0x080003bf   Thumb Code    44  _printf_pad.o(.text)
    _printf_post_padding                     0x080003eb   Thumb Code    34  _printf_pad.o(.text)
    _printf_truncate_signed                  0x0800040d   Thumb Code    18  _printf_truncate.o(.text)
    _printf_truncate_unsigned                0x0800041f   Thumb Code    18  _printf_truncate.o(.text)
    _printf_str                              0x08000431   Thumb Code    82  _printf_str.o(.text)
    _printf_int_dec                          0x08000485   Thumb Code   104  _printf_dec.o(.text)
    _printf_charcount                        0x080004fd   Thumb Code    40  _printf_charcount.o(.text)
    _printf_char_common                      0x0800052f   Thumb Code    32  _printf_char_common.o(.text)
    _sputc                                   0x08000555   Thumb Code    10  _sputc.o(.text)
    _printf_wctomb                           0x08000561   Thumb Code   182  _printf_wctomb.o(.text)
    _printf_longlong_dec                     0x08000625   Thumb Code   108  _printf_longlong_dec.o(.text)
    _printf_longlong_oct                     0x080006a1   Thumb Code    68  _printf_oct_int_ll.o(.text)
    _printf_int_oct                          0x080006e5   Thumb Code    24  _printf_oct_int_ll.o(.text)
    _printf_ll_oct                           0x080006fd   Thumb Code    12  _printf_oct_int_ll.o(.text)
    _printf_longlong_hex                     0x08000711   Thumb Code    86  _printf_hex_int_ll_ptr.o(.text)
    _printf_int_hex                          0x08000767   Thumb Code    28  _printf_hex_int_ll_ptr.o(.text)
    _printf_ll_hex                           0x08000783   Thumb Code    12  _printf_hex_int_ll_ptr.o(.text)
    _printf_hex_ptr                          0x0800078f   Thumb Code    18  _printf_hex_int_ll_ptr.o(.text)
    __printf                                 0x080007a5   Thumb Code   388  __printf_flags_ss_wp.o(.text)
    _ll_udiv10                               0x08000933   Thumb Code   138  lludiv10.o(.text)
    _printf_int_common                       0x080009bd   Thumb Code   178  _printf_intcommon.o(.text)
    _printf_fp_dec_real                      0x08000c1f   Thumb Code   620  _printf_fp_dec.o(.text)
    _printf_fp_hex_real                      0x08000e91   Thumb Code   756  _printf_fp_hex.o(.text)
    _printf_cs_common                        0x08001193   Thumb Code    20  _printf_char.o(.text)
    _printf_char                             0x080011a7   Thumb Code    16  _printf_char.o(.text)
    _printf_string                           0x080011b7   Thumb Code     8  _printf_char.o(.text)
    _printf_lcs_common                       0x080011bf   Thumb Code    20  _printf_wchar.o(.text)
    _printf_wchar                            0x080011d3   Thumb Code    16  _printf_wchar.o(.text)
    _printf_wstring                          0x080011e3   Thumb Code     8  _printf_wchar.o(.text)
    _c16rtomb                                0x080011eb   Thumb Code    72  _c16rtomb.o(.text)
    _wcrtomb                                 0x080011eb   Thumb Code     0  _c16rtomb.o(.text)
    __user_libspace                          0x08001235   Thumb Code     8  libspace.o(.text)
    __user_perproc_libspace                  0x08001235   Thumb Code     0  libspace.o(.text)
    __user_perthread_libspace                0x08001235   Thumb Code     0  libspace.o(.text)
    __user_setup_stackheap                   0x0800123d   Thumb Code    74  sys_stackheap_outer.o(.text)
    __rt_ctype_table                         0x08001289   Thumb Code    16  rt_ctype_table.o(.text)
    __rt_locale                              0x08001299   Thumb Code     8  rt_locale_intlibspace.o(.text)
    _printf_fp_infnan                        0x080012a1   Thumb Code   112  _printf_fp_infnan.o(.text)
    _btod_etento                             0x08001321   Thumb Code   224  bigflt0.o(.text)
    exit                                     0x08001405   Thumb Code    18  exit.o(.text)
    strcmp                                   0x08001419   Thumb Code   124  strcmpv7em.o(.text)
    _sys_exit                                0x08001495   Thumb Code     8  sys_exit.o(.text)
    __I$use$semihosting                      0x080014a1   Thumb Code     0  use_no_semi.o(.text)
    __use_no_semihosting_swi                 0x080014a1   Thumb Code     2  use_no_semi.o(.text)
    __semihosting_library_function           0x080014a3   Thumb Code     0  indicate_semi.o(.text)
    I2C1_ER_IRQHandler                       0x080014a5   Thumb Code     2  i2c.o(.text.I2C1_ER_IRQHandler)
    I2C1_EV_IRQHandler                       0x080014a9   Thumb Code     2  i2c.o(.text.I2C1_EV_IRQHandler)
    I2C_GPIO_init                            0x080014ad   Thumb Code   130  i2c.o(.text.I2C_GPIO_init)
    I2C_Initialization                       0x08001531   Thumb Code   448  i2c.o(.text.I2C_Initialization)
    I2C_SendData                             0x080016f1   Thumb Code   218  i2c.o(.text.I2C_SendData)
    I2C_Start                                0x080017cd   Thumb Code   108  i2c.o(.text.I2C_Start)
    I2C_Stop                                 0x08001839   Thumb Code    34  i2c.o(.text.I2C_Stop)
    I2C_WaitLineIdle                         0x0800185d   Thumb Code    24  i2c.o(.text.I2C_WaitLineIdle)
    System_Clock_Init                        0x08001875   Thumb Code   466  sysclock.o(.text.System_Clock_Init)
    keypad_scan                              0x08001a49   Thumb Code   496  main.o(.text.keypad_scan)
    main                                     0x08001c39   Thumb Code   260  main.o(.text.main)
    ssd1306_DrawPixel                        0x08001d3d   Thumb Code   168  ssd1306.o(.text.ssd1306_DrawPixel)
    ssd1306_Fill                             0x08001de5   Thumb Code    60  ssd1306.o(.text.ssd1306_Fill)
    ssd1306_Init                             0x08001e21   Thumb Code   240  ssd1306.o(.text.ssd1306_Init)
    ssd1306_Reset                            0x08001f11   Thumb Code     2  ssd1306.o(.text.ssd1306_Reset)
    ssd1306_SetContrast                      0x08001f15   Thumb Code    30  ssd1306.o(.text.ssd1306_SetContrast)
    ssd1306_SetCursor                        0x08001f35   Thumb Code    34  ssd1306.o(.text.ssd1306_SetCursor)
    ssd1306_SetDisplayOn                     0x08001f59   Thumb Code    68  ssd1306.o(.text.ssd1306_SetDisplayOn)
    ssd1306_UpdateScreen                     0x08001f9d   Thumb Code    86  ssd1306.o(.text.ssd1306_UpdateScreen)
    ssd1306_WriteChar                        0x08001ff5   Thumb Code   300  ssd1306.o(.text.ssd1306_WriteChar)
    ssd1306_WriteCommand                     0x08002121   Thumb Code    46  ssd1306.o(.text.ssd1306_WriteCommand)
    ssd1306_WriteData                        0x08002151   Thumb Code   106  ssd1306.o(.text.ssd1306_WriteData)
    ssd1306_WriteString                      0x080021bd   Thumb Code    86  ssd1306.o(.text.ssd1306_WriteString)
    _btod_d2e                                0x08002213   Thumb Code    62  btod.o(CL$$btod_d2e)
    _d2e_denorm_low                          0x08002251   Thumb Code    70  btod.o(CL$$btod_d2e_denorm_low)
    _d2e_norm_op1                            0x08002297   Thumb Code    96  btod.o(CL$$btod_d2e_norm_op1)
    __btod_div_common                        0x080022f9   Thumb Code   696  btod.o(CL$$btod_div_common)
    _e2e                                     0x08002631   Thumb Code   220  btod.o(CL$$btod_e2e)
    _btod_ediv                               0x0800270d   Thumb Code    42  btod.o(CL$$btod_ediv)
    _btod_emul                               0x08002737   Thumb Code    42  btod.o(CL$$btod_emul)
    __btod_mult_common                       0x08002761   Thumb Code   580  btod.o(CL$$btod_mult_common)
    __ARM_fpclassify                         0x080029a5   Thumb Code    48  fpclassify.o(i.__ARM_fpclassify)
    _is_digit                                0x080029d5   Thumb Code    14  __printf_wp.o(i._is_digit)
    _get_lc_numeric                          0x080029e5   Thumb Code    44  lc_numeric_c.o(locale$$code)
    _get_lc_ctype                            0x08002a11   Thumb Code    44  lc_ctype_c.o(locale$$code)
    _fp_init                                 0x08002a3d   Thumb Code    26  fpinit.o(x$fpl$fpinit)
    __fplib_config_fpu_vfp                   0x08002a55   Thumb Code     0  fpinit.o(x$fpl$fpinit)
    __fplib_config_pureend_doubles           0x08002a55   Thumb Code     0  fpinit.o(x$fpl$fpinit)
    _printf_fp_dec                           0x08002a57   Thumb Code     4  printf1.o(x$fpl$printf1)
    _printf_fp_hex                           0x08002a5b   Thumb Code     4  printf2.o(x$fpl$printf2)
    __I$use$fp                               0x08002a5e   Number         0  usenofp.o(x$fpl$usenofp)
    Region$$Table$$Base                      0x080038bc   Number         0  anon$$obj.o(Region$$Table)
    Region$$Table$$Limit                     0x080038dc   Number         0  anon$$obj.o(Region$$Table)
    __ctype                                  0x08003905   Data           0  lc_ctype_c.o(locale$$data)
    Image$$ER_IROM1$$RO$$Limit               0x08003a08   Number         0  anon$$obj.o ABSOLUTE
    Image$$ER_IROM1$$RW$$Base                0x08003a08   Number         0  anon$$obj.o ABSOLUTE
    Image$$ER_IROM1$$RW$$Limit               0x08003a08   Number         0  anon$$obj.o ABSOLUTE
    Image$$ER_IROM1$$ZI$$Base                0x08003a08   Number         0  anon$$obj.o ABSOLUTE
    Image$$ER_IROM1$$ZI$$Limit               0x08003a08   Number         0  anon$$obj.o ABSOLUTE
    Load$$RW_IRAM1$$Base                     0x08003a08   Number         0  anon$$obj.o ABSOLUTE
    Font_11x18                               0x20000000   Data           8  ssd1306_fonts.o(.data.Font_11x18)
    Image$$RW_IRAM1$$Base                    0x20000000   Number         0  anon$$obj.o ABSOLUTE
    Image$$RW_IRAM1$$RO$$Base                0x20000000   Number         0  anon$$obj.o ABSOLUTE
    Image$$RW_IRAM1$$RW$$Base                0x20000000   Number         0  anon$$obj.o ABSOLUTE
    SIZE                                     0x20000008   Data           4  main.o(.data.SIZE)
    Image$$RW_IRAM1$$Limit                   0x20000010   Number         0  anon$$obj.o ABSOLUTE
    Image$$RW_IRAM1$$RW$$Limit               0x20000010   Number         0  anon$$obj.o ABSOLUTE
    Image$$RW_IRAM1$$ZI$$Base                0x20000010   Number         0  anon$$obj.o ABSOLUTE
    __libspace_start                         0x20000010   Data          96  libspace.o(.bss)
    __temporary_stack_top$libspace           0x20000070   Data           0  libspace.o(.bss)
    Image$$RW_IRAM1$$ZI$$Limit               0x20000a78   Number         0  anon$$obj.o ABSOLUTE



==============================================================================

Memory Map of the image

  Image Entry point : 0x08000189

  Load Region LR_IROM1 (Base: 0x08000000, Size: 0x00003a18, Max: 0x00100000, ABSOLUTE)

    Execution Region ER_IROM1 (Exec base: 0x08000000, Load base: 0x08000000, Size: 0x00003a08, Max: 0x00100000, ABSOLUTE)

    Exec Addr    Load Addr    Size         Type   Attr      Idx    E Section Name        Object

    0x08000000   0x08000000   0x00000188   Data   RO           21    RESET               startup_stm32l476xx.o
    0x08000188   0x08000188   0x00000008   Code   RO          158  * !!!main             c_w.l(__main.o)
    0x08000190   0x08000190   0x0000005c   Code   RO          581    !!!scatter          c_w.l(__scatter.o)
    0x080001ec   0x080001ec   0x0000001a   Code   RO          585    !!handler_copy      c_w.l(__scatter_copy.o)
    0x08000206   0x08000206   0x00000002   PAD
    0x08000208   0x08000208   0x00000002   Code   RO          582    !!handler_null      c_w.l(__scatter.o)
    0x0800020a   0x0800020a   0x00000002   PAD
    0x0800020c   0x0800020c   0x0000001c   Code   RO          587    !!handler_zi        c_w.l(__scatter_zi.o)
    0x08000228   0x08000228   0x00000000   Code   RO          270    .ARM.Collect$$_printf_percent$$00000000  c_w.l(_printf_percent.o)
    0x08000228   0x08000228   0x00000006   Code   RO          259    .ARM.Collect$$_printf_percent$$00000001  c_w.l(_printf_n.o)
    0x0800022e   0x0800022e   0x00000006   Code   RO          261    .ARM.Collect$$_printf_percent$$00000002  c_w.l(_printf_p.o)
    0x08000234   0x08000234   0x00000006   Code   RO          266    .ARM.Collect$$_printf_percent$$00000003  c_w.l(_printf_f.o)
    0x0800023a   0x0800023a   0x00000006   Code   RO          267    .ARM.Collect$$_printf_percent$$00000004  c_w.l(_printf_e.o)
    0x08000240   0x08000240   0x00000006   Code   RO          268    .ARM.Collect$$_printf_percent$$00000005  c_w.l(_printf_g.o)
    0x08000246   0x08000246   0x00000006   Code   RO          269    .ARM.Collect$$_printf_percent$$00000006  c_w.l(_printf_a.o)
    0x0800024c   0x0800024c   0x0000000a   Code   RO          274    .ARM.Collect$$_printf_percent$$00000007  c_w.l(_printf_ll.o)
    0x08000256   0x08000256   0x00000006   Code   RO          263    .ARM.Collect$$_printf_percent$$00000008  c_w.l(_printf_i.o)
    0x0800025c   0x0800025c   0x00000006   Code   RO          264    .ARM.Collect$$_printf_percent$$00000009  c_w.l(_printf_d.o)
    0x08000262   0x08000262   0x00000006   Code   RO          265    .ARM.Collect$$_printf_percent$$0000000A  c_w.l(_printf_u.o)
    0x08000268   0x08000268   0x00000006   Code   RO          262    .ARM.Collect$$_printf_percent$$0000000B  c_w.l(_printf_o.o)
    0x0800026e   0x0800026e   0x00000006   Code   RO          260    .ARM.Collect$$_printf_percent$$0000000C  c_w.l(_printf_x.o)
    0x08000274   0x08000274   0x00000006   Code   RO          271    .ARM.Collect$$_printf_percent$$0000000D  c_w.l(_printf_lli.o)
    0x0800027a   0x0800027a   0x00000006   Code   RO          272    .ARM.Collect$$_printf_percent$$0000000E  c_w.l(_printf_lld.o)
    0x08000280   0x08000280   0x00000006   Code   RO          273    .ARM.Collect$$_printf_percent$$0000000F  c_w.l(_printf_llu.o)
    0x08000286   0x08000286   0x00000006   Code   RO          278    .ARM.Collect$$_printf_percent$$00000010  c_w.l(_printf_llo.o)
    0x0800028c   0x0800028c   0x00000006   Code   RO          279    .ARM.Collect$$_printf_percent$$00000011  c_w.l(_printf_llx.o)
    0x08000292   0x08000292   0x0000000a   Code   RO          275    .ARM.Collect$$_printf_percent$$00000012  c_w.l(_printf_l.o)
    0x0800029c   0x0800029c   0x00000006   Code   RO          257    .ARM.Collect$$_printf_percent$$00000013  c_w.l(_printf_c.o)
    0x080002a2   0x080002a2   0x00000006   Code   RO          258    .ARM.Collect$$_printf_percent$$00000014  c_w.l(_printf_s.o)
    0x080002a8   0x080002a8   0x00000006   Code   RO          276    .ARM.Collect$$_printf_percent$$00000015  c_w.l(_printf_lc.o)
    0x080002ae   0x080002ae   0x00000006   Code   RO          277    .ARM.Collect$$_printf_percent$$00000016  c_w.l(_printf_ls.o)
    0x080002b4   0x080002b4   0x00000004   Code   RO          361    .ARM.Collect$$_printf_percent$$00000017  c_w.l(_printf_percent_end.o)
    0x080002b8   0x080002b8   0x00000002   Code   RO          435    .ARM.Collect$$libinit$$00000000  c_w.l(libinit.o)
    0x080002ba   0x080002ba   0x00000004   Code   RO          447    .ARM.Collect$$libinit$$00000001  c_w.l(libinit2.o)
    0x080002be   0x080002be   0x00000000   Code   RO          450    .ARM.Collect$$libinit$$00000004  c_w.l(libinit2.o)
    0x080002be   0x080002be   0x00000000   Code   RO          452    .ARM.Collect$$libinit$$00000006  c_w.l(libinit2.o)
    0x080002be   0x080002be   0x00000000   Code   RO          455    .ARM.Collect$$libinit$$0000000C  c_w.l(libinit2.o)
    0x080002be   0x080002be   0x00000000   Code   RO          457    .ARM.Collect$$libinit$$0000000E  c_w.l(libinit2.o)
    0x080002be   0x080002be   0x00000000   Code   RO          459    .ARM.Collect$$libinit$$00000010  c_w.l(libinit2.o)
    0x080002be   0x080002be   0x00000006   Code   RO          460    .ARM.Collect$$libinit$$00000011  c_w.l(libinit2.o)
    0x080002c4   0x080002c4   0x00000000   Code   RO          462    .ARM.Collect$$libinit$$00000013  c_w.l(libinit2.o)
    0x080002c4   0x080002c4   0x0000000c   Code   RO          463    .ARM.Collect$$libinit$$00000014  c_w.l(libinit2.o)
    0x080002d0   0x080002d0   0x00000000   Code   RO          464    .ARM.Collect$$libinit$$00000015  c_w.l(libinit2.o)
    0x080002d0   0x080002d0   0x00000000   Code   RO          466    .ARM.Collect$$libinit$$00000017  c_w.l(libinit2.o)
    0x080002d0   0x080002d0   0x0000000a   Code   RO          467    .ARM.Collect$$libinit$$00000018  c_w.l(libinit2.o)
    0x080002da   0x080002da   0x00000000   Code   RO          468    .ARM.Collect$$libinit$$00000019  c_w.l(libinit2.o)
    0x080002da   0x080002da   0x00000000   Code   RO          470    .ARM.Collect$$libinit$$0000001B  c_w.l(libinit2.o)
    0x080002da   0x080002da   0x00000000   Code   RO          472    .ARM.Collect$$libinit$$0000001D  c_w.l(libinit2.o)
    0x080002da   0x080002da   0x00000000   Code   RO          474    .ARM.Collect$$libinit$$0000001F  c_w.l(libinit2.o)
    0x080002da   0x080002da   0x00000000   Code   RO          476    .ARM.Collect$$libinit$$00000021  c_w.l(libinit2.o)
    0x080002da   0x080002da   0x00000000   Code   RO          478    .ARM.Collect$$libinit$$00000023  c_w.l(libinit2.o)
    0x080002da   0x080002da   0x00000000   Code   RO          480    .ARM.Collect$$libinit$$00000025  c_w.l(libinit2.o)
    0x080002da   0x080002da   0x00000000   Code   RO          482    .ARM.Collect$$libinit$$00000027  c_w.l(libinit2.o)
    0x080002da   0x080002da   0x00000000   Code   RO          486    .ARM.Collect$$libinit$$0000002E  c_w.l(libinit2.o)
    0x080002da   0x080002da   0x00000000   Code   RO          488    .ARM.Collect$$libinit$$00000030  c_w.l(libinit2.o)
    0x080002da   0x080002da   0x00000000   Code   RO          490    .ARM.Collect$$libinit$$00000032  c_w.l(libinit2.o)
    0x080002da   0x080002da   0x00000000   Code   RO          492    .ARM.Collect$$libinit$$00000034  c_w.l(libinit2.o)
    0x080002da   0x080002da   0x00000002   Code   RO          493    .ARM.Collect$$libinit$$00000035  c_w.l(libinit2.o)
    0x080002dc   0x080002dc   0x00000002   Code   RO          517    .ARM.Collect$$libshutdown$$00000000  c_w.l(libshutdown.o)
    0x080002de   0x080002de   0x00000000   Code   RO          532    .ARM.Collect$$libshutdown$$00000002  c_w.l(libshutdown2.o)
    0x080002de   0x080002de   0x00000000   Code   RO          534    .ARM.Collect$$libshutdown$$00000004  c_w.l(libshutdown2.o)
    0x080002de   0x080002de   0x00000000   Code   RO          537    .ARM.Collect$$libshutdown$$00000007  c_w.l(libshutdown2.o)
    0x080002de   0x080002de   0x00000000   Code   RO          540    .ARM.Collect$$libshutdown$$0000000A  c_w.l(libshutdown2.o)
    0x080002de   0x080002de   0x00000000   Code   RO          542    .ARM.Collect$$libshutdown$$0000000C  c_w.l(libshutdown2.o)
    0x080002de   0x080002de   0x00000000   Code   RO          545    .ARM.Collect$$libshutdown$$0000000F  c_w.l(libshutdown2.o)
    0x080002de   0x080002de   0x00000002   Code   RO          546    .ARM.Collect$$libshutdown$$00000010  c_w.l(libshutdown2.o)
    0x080002e0   0x080002e0   0x00000000   Code   RO          186    .ARM.Collect$$rtentry$$00000000  c_w.l(__rtentry.o)
    0x080002e0   0x080002e0   0x00000000   Code   RO          325    .ARM.Collect$$rtentry$$00000002  c_w.l(__rtentry2.o)
    0x080002e0   0x080002e0   0x00000006   Code   RO          337    .ARM.Collect$$rtentry$$00000004  c_w.l(__rtentry4.o)
    0x080002e6   0x080002e6   0x00000000   Code   RO          327    .ARM.Collect$$rtentry$$00000009  c_w.l(__rtentry2.o)
    0x080002e6   0x080002e6   0x00000004   Code   RO          328    .ARM.Collect$$rtentry$$0000000A  c_w.l(__rtentry2.o)
    0x080002ea   0x080002ea   0x00000000   Code   RO          330    .ARM.Collect$$rtentry$$0000000C  c_w.l(__rtentry2.o)
    0x080002ea   0x080002ea   0x00000008   Code   RO          331    .ARM.Collect$$rtentry$$0000000D  c_w.l(__rtentry2.o)
    0x080002f2   0x080002f2   0x00000002   Code   RO          438    .ARM.Collect$$rtexit$$00000000  c_w.l(rtexit.o)
    0x080002f4   0x080002f4   0x00000000   Code   RO          495    .ARM.Collect$$rtexit$$00000002  c_w.l(rtexit2.o)
    0x080002f4   0x080002f4   0x00000004   Code   RO          496    .ARM.Collect$$rtexit$$00000003  c_w.l(rtexit2.o)
    0x080002f8   0x080002f8   0x00000006   Code   RO          497    .ARM.Collect$$rtexit$$00000004  c_w.l(rtexit2.o)
    0x080002fe   0x080002fe   0x00000002   PAD
    0x08000300   0x08000300   0x0000008c   Code   RO           22    .text               startup_stm32l476xx.o
    0x0800038c   0x0800038c   0x0000002c   Code   RO          152    .text               c_w.l(sprintf.o)
    0x080003b8   0x080003b8   0x00000006   Code   RO          156    .text               c_w.l(heapauxi.o)
    0x080003be   0x080003be   0x0000004e   Code   RO          191    .text               c_w.l(_printf_pad.o)
    0x0800040c   0x0800040c   0x00000024   Code   RO          193    .text               c_w.l(_printf_truncate.o)
    0x08000430   0x08000430   0x00000052   Code   RO          195    .text               c_w.l(_printf_str.o)
    0x08000482   0x08000482   0x00000002   PAD
    0x08000484   0x08000484   0x00000078   Code   RO          197    .text               c_w.l(_printf_dec.o)
    0x080004fc   0x080004fc   0x00000028   Code   RO          199    .text               c_w.l(_printf_charcount.o)
    0x08000524   0x08000524   0x00000030   Code   RO          201    .text               c_w.l(_printf_char_common.o)
    0x08000554   0x08000554   0x0000000a   Code   RO          203    .text               c_w.l(_sputc.o)
    0x0800055e   0x0800055e   0x00000002   PAD
    0x08000560   0x08000560   0x000000c2   Code   RO          205    .text               c_w.l(_printf_wctomb.o)
    0x08000622   0x08000622   0x00000002   PAD
    0x08000624   0x08000624   0x0000007c   Code   RO          208    .text               c_w.l(_printf_longlong_dec.o)
    0x080006a0   0x080006a0   0x00000070   Code   RO          214    .text               c_w.l(_printf_oct_int_ll.o)
    0x08000710   0x08000710   0x00000094   Code   RO          234    .text               c_w.l(_printf_hex_int_ll_ptr.o)
    0x080007a4   0x080007a4   0x0000018e   Code   RO          254    .text               c_w.l(__printf_flags_ss_wp.o)
    0x08000932   0x08000932   0x0000008a   Code   RO          344    .text               c_w.l(lludiv10.o)
    0x080009bc   0x080009bc   0x000000b2   Code   RO          346    .text               c_w.l(_printf_intcommon.o)
    0x08000a6e   0x08000a6e   0x00000422   Code   RO          348    .text               c_w.l(_printf_fp_dec.o)
    0x08000e90   0x08000e90   0x00000302   Code   RO          352    .text               c_w.l(_printf_fp_hex.o)
    0x08001192   0x08001192   0x0000002c   Code   RO          357    .text               c_w.l(_printf_char.o)
    0x080011be   0x080011be   0x0000002c   Code   RO          359    .text               c_w.l(_printf_wchar.o)
    0x080011ea   0x080011ea   0x00000048   Code   RO          362    .text               c_w.l(_c16rtomb.o)
    0x08001232   0x08001232   0x00000002   PAD
    0x08001234   0x08001234   0x00000008   Code   RO          384    .text               c_w.l(libspace.o)
    0x0800123c   0x0800123c   0x0000004a   Code   RO          387    .text               c_w.l(sys_stackheap_outer.o)
    0x08001286   0x08001286   0x00000002   PAD
    0x08001288   0x08001288   0x00000010   Code   RO          389    .text               c_w.l(rt_ctype_table.o)
    0x08001298   0x08001298   0x00000008   Code   RO          394    .text               c_w.l(rt_locale_intlibspace.o)
    0x080012a0   0x080012a0   0x00000080   Code   RO          396    .text               c_w.l(_printf_fp_infnan.o)
    0x08001320   0x08001320   0x000000e4   Code   RO          398    .text               c_w.l(bigflt0.o)
    0x08001404   0x08001404   0x00000012   Code   RO          428    .text               c_w.l(exit.o)
    0x08001416   0x08001416   0x00000002   PAD
    0x08001418   0x08001418   0x0000007c   Code   RO          445    .text               c_w.l(strcmpv7em.o)
    0x08001494   0x08001494   0x0000000c   Code   RO          507    .text               c_w.l(sys_exit.o)
    0x080014a0   0x080014a0   0x00000002   Code   RO          522    .text               c_w.l(use_no_semi.o)
    0x080014a2   0x080014a2   0x00000000   Code   RO          524    .text               c_w.l(indicate_semi.o)
    0x080014a2   0x080014a2   0x00000002   PAD
    0x080014a4   0x080014a4   0x00000002   Code   RO           53    .text.I2C1_ER_IRQHandler  i2c.o
    0x080014a6   0x080014a6   0x00000002   PAD
    0x080014a8   0x080014a8   0x00000002   Code   RO           51    .text.I2C1_EV_IRQHandler  i2c.o
    0x080014aa   0x080014aa   0x00000002   PAD
    0x080014ac   0x080014ac   0x00000082   Code   RO           37    .text.I2C_GPIO_init  i2c.o
    0x0800152e   0x0800152e   0x00000002   PAD
    0x08001530   0x08001530   0x000001c0   Code   RO           39    .text.I2C_Initialization  i2c.o
    0x080016f0   0x080016f0   0x000000da   Code   RO           47    .text.I2C_SendData  i2c.o
    0x080017ca   0x080017ca   0x00000002   PAD
    0x080017cc   0x080017cc   0x0000006c   Code   RO           41    .text.I2C_Start     i2c.o
    0x08001838   0x08001838   0x00000022   Code   RO           43    .text.I2C_Stop      i2c.o
    0x0800185a   0x0800185a   0x00000002   PAD
    0x0800185c   0x0800185c   0x00000018   Code   RO           45    .text.I2C_WaitLineIdle  i2c.o
    0x08001874   0x08001874   0x000001d2   Code   RO           29    .text.System_Clock_Init  sysclock.o
    0x08001a46   0x08001a46   0x00000002   PAD
    0x08001a48   0x08001a48   0x000001f0   Code   RO            4    .text.keypad_scan   main.o
    0x08001c38   0x08001c38   0x00000104   Code   RO            6    .text.main          main.o
    0x08001d3c   0x08001d3c   0x000000a8   Code   RO           80    .text.ssd1306_DrawPixel  ssd1306.o
    0x08001de4   0x08001de4   0x0000003c   Code   RO           76    .text.ssd1306_Fill  ssd1306.o
    0x08001e20   0x08001e20   0x000000f0   Code   RO           70    .text.ssd1306_Init  ssd1306.o
    0x08001f10   0x08001f10   0x00000002   Code   RO           62    .text.ssd1306_Reset  ssd1306.o
    0x08001f12   0x08001f12   0x00000002   PAD
    0x08001f14   0x08001f14   0x0000001e   Code   RO           74    .text.ssd1306_SetContrast  ssd1306.o
    0x08001f32   0x08001f32   0x00000002   PAD
    0x08001f34   0x08001f34   0x00000022   Code   RO           86    .text.ssd1306_SetCursor  ssd1306.o
    0x08001f56   0x08001f56   0x00000002   PAD
    0x08001f58   0x08001f58   0x00000044   Code   RO           72    .text.ssd1306_SetDisplayOn  ssd1306.o
    0x08001f9c   0x08001f9c   0x00000056   Code   RO           78    .text.ssd1306_UpdateScreen  ssd1306.o
    0x08001ff2   0x08001ff2   0x00000002   PAD
    0x08001ff4   0x08001ff4   0x0000012c   Code   RO           82    .text.ssd1306_WriteChar  ssd1306.o
    0x08002120   0x08002120   0x0000002e   Code   RO           64    .text.ssd1306_WriteCommand  ssd1306.o
    0x0800214e   0x0800214e   0x00000002   PAD
    0x08002150   0x08002150   0x0000006a   Code   RO           66    .text.ssd1306_WriteData  ssd1306.o
    0x080021ba   0x080021ba   0x00000002   PAD
    0x080021bc   0x080021bc   0x00000056   Code   RO           84    .text.ssd1306_WriteString  ssd1306.o
    0x08002212   0x08002212   0x0000003e   Code   RO          401    CL$$btod_d2e        c_w.l(btod.o)
    0x08002250   0x08002250   0x00000046   Code   RO          403    CL$$btod_d2e_denorm_low  c_w.l(btod.o)
    0x08002296   0x08002296   0x00000060   Code   RO          402    CL$$btod_d2e_norm_op1  c_w.l(btod.o)
    0x080022f6   0x080022f6   0x00000002   PAD
    0x080022f8   0x080022f8   0x00000338   Code   RO          411    CL$$btod_div_common  c_w.l(btod.o)
    0x08002630   0x08002630   0x000000dc   Code   RO          408    CL$$btod_e2e        c_w.l(btod.o)
    0x0800270c   0x0800270c   0x0000002a   Code   RO          405    CL$$btod_ediv       c_w.l(btod.o)
    0x08002736   0x08002736   0x0000002a   Code   RO          404    CL$$btod_emul       c_w.l(btod.o)
    0x08002760   0x08002760   0x00000244   Code   RO          410    CL$$btod_mult_common  c_w.l(btod.o)
    0x080029a4   0x080029a4   0x00000030   Code   RO          380    i.__ARM_fpclassify  m_wm.l(fpclassify.o)
    0x080029d4   0x080029d4   0x0000000e   Code   RO          247    i._is_digit         c_w.l(__printf_wp.o)
    0x080029e2   0x080029e2   0x00000002   PAD
    0x080029e4   0x080029e4   0x0000002c   Code   RO          426    locale$$code        c_w.l(lc_numeric_c.o)
    0x08002a10   0x08002a10   0x0000002c   Code   RO          443    locale$$code        c_w.l(lc_ctype_c.o)
    0x08002a3c   0x08002a3c   0x0000001a   Code   RO          505    x$fpl$fpinit        fz_wm.l(fpinit.o)
    0x08002a56   0x08002a56   0x00000004   Code   RO          290    x$fpl$printf1       fz_wm.l(printf1.o)
    0x08002a5a   0x08002a5a   0x00000004   Code   RO          292    x$fpl$printf2       fz_wm.l(printf2.o)
    0x08002a5e   0x08002a5e   0x00000000   Code   RO          298    x$fpl$usenofp       fz_wm.l(usenofp.o)
    0x08002a5e   0x08002a5e   0x00000002   PAD
    0x08002a60   0x08002a60   0x00000008   Data   RO          206    .constdata          c_w.l(_printf_wctomb.o)
    0x08002a68   0x08002a68   0x00000028   Data   RO          235    .constdata          c_w.l(_printf_hex_int_ll_ptr.o)
    0x08002a90   0x08002a90   0x00000011   Data   RO          255    .constdata          c_w.l(__printf_flags_ss_wp.o)
    0x08002aa1   0x08002aa1   0x00000026   Data   RO          353    .constdata          c_w.l(_printf_fp_hex.o)
    0x08002ac7   0x08002ac7   0x00000001   PAD
    0x08002ac8   0x08002ac8   0x00000094   Data   RO          399    .constdata          c_w.l(bigflt0.o)
    0x08002b5c   0x08002b5c   0x00000d5c   Data   RO          119    .rodata.Font11x18   ssd1306_fonts.o
    0x080038b8   0x080038b8   0x00000003   Data   RO           10    .rodata.str1.1      main.o
    0x080038bb   0x080038bb   0x00000001   PAD
    0x080038bc   0x080038bc   0x00000020   Data   RO          580    Region$$Table       anon$$obj.o
    0x080038dc   0x080038dc   0x0000001c   Data   RO          425    locale$$data        c_w.l(lc_numeric_c.o)
    0x080038f8   0x080038f8   0x00000110   Data   RO          442    locale$$data        c_w.l(lc_ctype_c.o)


    Execution Region RW_IRAM1 (Exec base: 0x20000000, Load base: 0x08003a08, Size: 0x00000a78, Max: 0x00018000, ABSOLUTE)

    Exec Addr    Load Addr    Size         Type   Attr      Idx    E Section Name        Object

    0x20000000   0x08003a08   0x00000008   Data   RW          117    .data.Font_11x18    ssd1306_fonts.o
    0x20000008   0x08003a10   0x00000004   Data   RW            8    .data.SIZE          main.o
    0x2000000c   0x08003a14   0x00000004   PAD
    0x20000010        -       0x00000060   Zero   RW          385    .bss                c_w.l(libspace.o)
    0x20000070        -       0x00000008   Zero   RW          105    .bss.SSD1306        ssd1306.o
    0x20000078        -       0x00000400   Zero   RW          104    .bss.SSD1306_Buffer  ssd1306.o
    0x20000478        -       0x00000200   Zero   RW           20    HEAP                startup_stm32l476xx.o
    0x20000678        -       0x00000400   Zero   RW           19    STACK               startup_stm32l476xx.o


==============================================================================

Image component sizes


      Code (inc. data)   RO Data    RW Data    ZI Data      Debug   Object Name

       966          0          0          0          0       3863   i2c.o
       756          0          3          4          0       3255   main.o
      1226          0          0          0       1032       6952   ssd1306.o
         0          0       3420          8          0        892   ssd1306_fonts.o
       140         48        392          0       1536        844   startup_stm32l476xx.o
       466          0          0          0          0       2061   sysclock.o

    ----------------------------------------------------------------------
      3578         48       3848         12       2572      17867   Object Totals
         0          0         32          0          0          0   (incl. Generated)
        24          0          1          0          4          0   (incl. Padding)

    ----------------------------------------------------------------------

      Code (inc. data)   RO Data    RW Data    ZI Data      Debug   Library Member Name

         8          0          0          0          0         68   __main.o
       398          4         17          0          0         92   __printf_flags_ss_wp.o
        14          0          0          0          0         68   __printf_wp.o
         0          0          0          0          0          0   __rtentry.o
        12          0          0          0          0          0   __rtentry2.o
         6          0          0          0          0          0   __rtentry4.o
        94          8          0          0          0          0   __scatter.o
        26          0          0          0          0          0   __scatter_copy.o
        28          0          0          0          0          0   __scatter_zi.o
        72          0          0          0          0         96   _c16rtomb.o
         6          0          0          0          0          0   _printf_a.o
         6          0          0          0          0          0   _printf_c.o
        44          0          0          0          0        108   _printf_char.o
        48          6          0          0          0         96   _printf_char_common.o
        40          0          0          0          0         68   _printf_charcount.o
         6          0          0          0          0          0   _printf_d.o
       120         16          0          0          0         92   _printf_dec.o
         6          0          0          0          0          0   _printf_e.o
         6          0          0          0          0          0   _printf_f.o
      1058          0          0          0          0        148   _printf_fp_dec.o
       770          8         38          0          0        100   _printf_fp_hex.o
       128         16          0          0          0         84   _printf_fp_infnan.o
         6          0          0          0          0          0   _printf_g.o
       148          4         40          0          0        160   _printf_hex_int_ll_ptr.o
         6          0          0          0          0          0   _printf_i.o
       178          0          0          0          0         88   _printf_intcommon.o
        10          0          0          0          0          0   _printf_l.o
         6          0          0          0          0          0   _printf_lc.o
        10          0          0          0          0          0   _printf_ll.o
         6          0          0          0          0          0   _printf_lld.o
         6          0          0          0          0          0   _printf_lli.o
         6          0          0          0          0          0   _printf_llo.o
         6          0          0          0          0          0   _printf_llu.o
         6          0          0          0          0          0   _printf_llx.o
       124         16          0          0          0         92   _printf_longlong_dec.o
         6          0          0          0          0          0   _printf_ls.o
         6          0          0          0          0          0   _printf_n.o
         6          0          0          0          0          0   _printf_o.o
       112          8          0          0          0        124   _printf_oct_int_ll.o
         6          0          0          0          0          0   _printf_p.o
        78          0          0          0          0        108   _printf_pad.o
         0          0          0          0          0          0   _printf_percent.o
         4          0          0          0          0          0   _printf_percent_end.o
         6          0          0          0          0          0   _printf_s.o
        82          0          0          0          0         80   _printf_str.o
        36          0          0          0          0         84   _printf_truncate.o
         6          0          0          0          0          0   _printf_u.o
        44          0          0          0          0        108   _printf_wchar.o
       194          6          8          0          0         92   _printf_wctomb.o
         6          0          0          0          0          0   _printf_x.o
        10          0          0          0          0         68   _sputc.o
       228          4        148          0          0         96   bigflt0.o
      1936        128          0          0          0        668   btod.o
        18          0          0          0          0         80   exit.o
         6          0          0          0          0        152   heapauxi.o
         0          0          0          0          0          0   indicate_semi.o
        44         10        272          0          0         76   lc_ctype_c.o
        44         10         28          0          0         76   lc_numeric_c.o
         2          0          0          0          0          0   libinit.o
        34          0          0          0          0          0   libinit2.o
         2          0          0          0          0          0   libshutdown.o
         2          0          0          0          0          0   libshutdown2.o
         8          4          0          0         96         68   libspace.o
       138          0          0          0          0         80   lludiv10.o
        16          4          0          0          0         76   rt_ctype_table.o
         8          4          0          0          0         68   rt_locale_intlibspace.o
         2          0          0          0          0          0   rtexit.o
        10          0          0          0          0          0   rtexit2.o
        44          6          0          0          0         84   sprintf.o
       124          0          0          0          0         88   strcmpv7em.o
        12          4          0          0          0         68   sys_exit.o
        74          0          0          0          0         80   sys_stackheap_outer.o
         2          0          0          0          0         68   use_no_semi.o
        26          0          0          0          0        116   fpinit.o
         4          0          0          0          0        116   printf1.o
         4          0          0          0          0        116   printf2.o
         0          0          0          0          0          0   usenofp.o
        48          0          0          0          0        124   fpclassify.o

    ----------------------------------------------------------------------
      6878        266        552          0         96       4324   Library Totals
        26          0          1          0          0          0   (incl. Padding)

    ----------------------------------------------------------------------

      Code (inc. data)   RO Data    RW Data    ZI Data      Debug   Library Name

      6770        266        551          0         96       3852   c_w.l
        34          0          0          0          0        348   fz_wm.l
        48          0          0          0          0        124   m_wm.l

    ----------------------------------------------------------------------
      6878        266        552          0         96       4324   Library Totals

    ----------------------------------------------------------------------

==============================================================================


      Code (inc. data)   RO Data    RW Data    ZI Data      Debug   

     10456        314       4400         12       2668      19971   Grand Totals
     10456        314       4400         12       2668      19971   ELF Image Totals
     10456        314       4400         12          0          0   ROM Totals

==============================================================================

    Total RO  Size (Code + RO Data)                14856 (  14.51kB)
    Total RW  Size (RW Data + ZI Data)              2680 (   2.62kB)
    Total ROM Size (Code + RO Data + RW Data)      14868 (  14.52kB)

==============================================================================

